  State: 0 -> ok
->move(E)
  State: 1 -> Error! Not in a game.
->new_game(easy)
  State: 2 -> ok
  +-*-+---+---+---+---+---+---+
  | X                         |
  +   +   +   +---+---+   +   +
  |       |   |       |       |
  +   +---+   +---+   +---+   +
  |   |                   |   |
  +   +   +   +   +---+   +   +
  |   |       |   |       |   |
  +   +   +---+   +   +   +   +
  |       |   |   |           |
  +---+   +   +   +---+   +---+
  |   |   |       |       |   |
  +   +   +   +   +---+   +   +
  |       |                   |
  +---+---+---+---+---+---+- -+

  Game Number: 1
  Score: 0 / 1

->solve
  State: 3 -> ok
  +-*-+---+---+---+---+---+---+
  | X   o   o                 |
  +   +   +   +---+---+   +   +
  |       | o |       |       |
  +   +---+   +---+   +---+   +
  |   |     o   o   o   o |   |
  +   +   +   +   +---+   +   +
  |   |       |   |     o |   |
  +   +   +---+   +   +   +   +
  |       |   |   |     o     |
  +---+   +   +   +---+   +---+
  |   |   |       |     o |   |
  +   +   +   +   +---+   +   +
  |       |             o   o |
  +---+---+---+---+---+---+- -+

  Since you used the solution, no points are awarded.
  Game Number: 1
  Score: 0 / 1

->new_game(hard)
  State: 4 -> Error! In game already.
  Since you used the solution, no points are awarded.
  Game Number: 1
  Score: 0 / 1

->solve
  State: 5 -> ok
  +-*-+---+---+---+---+---+---+
  | X   o   o                 |
  +   +   +   +---+---+   +   +
  |       | o |       |       |
  +   +---+   +---+   +---+   +
  |   |     o   o   o   o |   |
  +   +   +   +   +---+   +   +
  |   |       |   |     o |   |
  +   +   +---+   +   +   +   +
  |       |   |   |     o     |
  +---+   +   +   +---+   +---+
  |   |   |       |     o |   |
  +   +   +   +   +---+   +   +
  |       |             o   o |
  +---+---+---+---+---+---+- -+

  Since you used the solution, no points are awarded.
  Game Number: 1
  Score: 0 / 1

->solve
  State: 6 -> ok
  +-*-+---+---+---+---+---+---+
  | X   o   o                 |
  +   +   +   +---+---+   +   +
  |       | o |       |       |
  +   +---+   +---+   +---+   +
  |   |     o   o   o   o |   |
  +   +   +   +   +---+   +   +
  |   |       |   |     o |   |
  +   +   +---+   +   +   +   +
  |       |   |   |     o     |
  +---+   +   +   +---+   +---+
  |   |   |       |     o |   |
  +   +   +   +   +---+   +   +
  |       |             o   o |
  +---+---+---+---+---+---+- -+

  Since you used the solution, no points are awarded.
  Game Number: 1
  Score: 0 / 1

->abort
  State: 7 -> ok
->move(S)
  State: 8 -> Error! Not in a game.
->abort
  State: 9 -> Error! Not in a game.
->new_game(hard)
  State: 10 -> ok
  +-*-+---+---+---+---+---+---+---+---+---+---+---+---+---+---+
  | X                 |                           |           |
  +---+---+   +   +---+---+---+   +   +---+   +   +---+---+   +
  |   |   |           |   |                   |   |       |   |
  +   +   +   +   +---+   +---+   +   +   +---+   +   +---+   +
  |                   |           |   |       |           |   |
  +---+---+---+---+---+   +   +   +   +   +   +---+---+   +   +
  |   |       |   |       |       |               |           |
  +   +---+   +   +   +---+---+   +---+---+   +---+   +---+   +
  |           |       |           |                   |   |   |
  +---+   +   +---+---+   +   +---+---+   +   +   +   +   +---+
  |           |       |   |       |       |   |   |           |
  +---+---+---+   +   +---+   +   +   +   +---+   +---+---+   +
  |   |   |                   |       |   |       |       |   |
  +   +   +---+   +   +   +---+   +   +   +---+---+   +---+   +
  |       |       |           |   |       |                   |
  +   +   +   +---+---+   +   +---+   +   +---+   +   +---+   +
  |   |   |           |               |   |                   |
  +   +   +   +   +---+---+---+---+   +---+   +   +---+   +   +
  |   |       |       |                   |       |   |   |   |
  +   +---+   +   +---+   +   +---+   +   +---+---+   +---+   +
  |       |                   |           |           |       |
  +---+   +---+---+   +---+   +   +---+---+   +   +   +   +   +
  |   |           |               |       |   |       |   |   |
  +   +   +   +---+---+---+   +---+   +   +   +   +   +---+   +
  |               |       |   |   |       |       |   |       |
  +   +   +---+   +   +   +---+   +   +   +   +---+---+---+   +
  |   |   |           |                   |       |   |   |   |
  +   +---+   +   +---+   +---+   +---+   +   +   +   +   +   +
  |   |       |   |       |       |           |               |
  +---+---+---+---+---+---+---+---+---+---+---+---+---+---+- -+

  Game Number: 2
  Score: 0 / 4

->new_game(medium)
  State: 11 -> Error! In game already.
  Game Number: 2
  Score: 0 / 4

->abort
  State: 12 -> ok
->new_game(medium)
  State: 13 -> ok
  +-*-+---+---+---+---+---+---+---+---+---+---+
  | X     |       |                           |
  +---+   +   +   +---+   +   +---+---+---+   +
  |           |   |       |   |           |   |
  +---+   +   +   +   +---+---+   +---+   +   +
  |               |               |           |
  +---+   +---+---+   +   +---+---+---+---+   +
  |       |           |   |           |       |
  +---+   +   +   +   +   +   +---+---+---+   +
  |       |       |               |       |   |
  +   +---+   +   +   +---+   +   +   +---+   +
  |       |       |           |           |   |
  +---+   +   +---+   +---+---+---+   +   +   +
  |   |       |   |   |           |   |       |
  +   +   +   +   +---+   +   +---+   +   +   +
  |   |       |   |               |       |   |
  +   +---+---+   +   +   +---+   +   +   +---+
  |   |   |                   |   |   |   |   |
  +   +   +---+---+   +---+   +   +   +---+   +
  |   |       |           |               |   |
  +   +   +   +---+---+   +   +---+---+   +   +
  |   |   |                       |           |
  +---+---+---+---+---+---+---+---+---+---+- -+

  Game Number: 3
  Score: 0 / 3

->move(N)
  State: 14 -> Error! Not a valid move.
  Game Number: 3
  Score: 0 / 3

->move(E)
  State: 15 -> ok
  +-*-+---+---+---+---+---+---+---+---+---+---+
  | * * X |       |                           |
  +---+   +   +   +---+   +   +---+---+---+   +
  |           |   |       |   |           |   |
  +---+   +   +   +   +---+---+   +---+   +   +
  |               |               |           |
  +---+   +---+---+   +   +---+---+---+---+   +
  |       |           |   |           |       |
  +---+   +   +   +   +   +   +---+---+---+   +
  |       |       |               |       |   |
  +   +---+   +   +   +---+   +   +   +---+   +
  |       |       |           |           |   |
  +---+   +   +---+   +---+---+---+   +   +   +
  |   |       |   |   |           |   |       |
  +   +   +   +   +---+   +   +---+   +   +   +
  |   |       |   |               |       |   |
  +   +---+---+   +   +   +---+   +   +   +---+
  |   |   |                   |   |   |   |   |
  +   +   +---+---+   +---+   +   +   +---+   +
  |   |       |           |               |   |
  +   +   +   +---+---+   +   +---+---+   +   +
  |   |   |                       |           |
  +---+---+---+---+---+---+---+---+---+---+- -+

  Game Number: 3
  Score: 0 / 3

->move(N)
  State: 16 -> Error! Not a valid move.
  Game Number: 3
  Score: 0 / 3

->move(S)
  State: 17 -> ok
  +-*-+---+---+---+---+---+---+---+---+---+---+
  | * * * |       |                           |
  +---+ * +   +   +---+   +   +---+---+---+   +
  |     X     |   |       |   |           |   |
  +---+   +   +   +   +---+---+   +---+   +   +
  |               |               |           |
  +---+   +---+---+   +   +---+---+---+---+   +
  |       |           |   |           |       |
  +---+   +   +   +   +   +   +---+---+---+   +
  |       |       |               |       |   |
  +   +---+   +   +   +---+   +   +   +---+   +
  |       |       |           |           |   |
  +---+   +   +---+   +---+---+---+   +   +   +
  |   |       |   |   |           |   |       |
  +   +   +   +   +---+   +   +---+   +   +   +
  |   |       |   |               |       |   |
  +   +---+---+   +   +   +---+   +   +   +---+
  |   |   |                   |   |   |   |   |
  +   +   +---+---+   +---+   +   +   +---+   +
  |   |       |           |               |   |
  +   +   +   +---+---+   +   +---+---+   +   +
  |   |   |                       |           |
  +---+---+---+---+---+---+---+---+---+---+- -+

  Game Number: 3
  Score: 0 / 3

->move(W)
  State: 18 -> ok
  +-*-+---+---+---+---+---+---+---+---+---+---+
  | * * * |       |                           |
  +---+ * +   +   +---+   +   +---+---+---+   +
  | X * *     |   |       |   |           |   |
  +---+   +   +   +   +---+---+   +---+   +   +
  |               |               |           |
  +---+   +---+---+   +   +---+---+---+---+   +
  |       |           |   |           |       |
  +---+   +   +   +   +   +   +---+---+---+   +
  |       |       |               |       |   |
  +   +---+   +   +   +---+   +   +   +---+   +
  |       |       |           |           |   |
  +---+   +   +---+   +---+---+---+   +   +   +
  |   |       |   |   |           |   |       |
  +   +   +   +   +---+   +   +---+   +   +   +
  |   |       |   |               |       |   |
  +   +---+---+   +   +   +---+   +   +   +---+
  |   |   |                   |   |   |   |   |
  +   +   +---+---+   +---+   +   +   +---+   +
  |   |       |           |               |   |
  +   +   +   +---+---+   +   +---+---+   +   +
  |   |   |                       |           |
  +---+---+---+---+---+---+---+---+---+---+- -+

  Game Number: 3
  Score: 0 / 3

->abort
  State: 19 -> ok
->solve
  State: 20 -> Error! Not in a game.
->move(E)
  State: 21 -> Error! Not in a game.
->abort
  State: 22 -> Error! Not in a game.
->move(W)
  State: 23 -> Error! Not in a game.
->new_game(hard)
  State: 24 -> ok
  +-*-+---+---+---+---+---+---+---+---+---+---+---+---+---+---+
  | X                     |       |           |   |           |
  +   +   +   +   +   +---+   +---+   +---+   +   +---+   +   +
  |                   |   |       |   |                       |
  +---+---+   +---+   +   +   +   +---+   +   +   +---+   +   +
  |   |       |       |           |               |   |   |   |
  +   +   +   +---+   +---+   +   +   +   +---+   +   +   +   +
  |           |   |   |       |   |   |   |       |           |
  +   +---+---+   +---+---+   +---+---+---+---+---+   +---+---+
  |   |   |       |   |   |   |           |   |       |       |
  +   +   +   +---+   +   +   +   +   +---+   +---+---+   +   +
  |   |   |                       |       |                   |
  +---+   +   +   +   +---+   +---+   +   +   +   +   +---+   +
  |   |   |   |   |   |   |   |               |   |           |
  +   +   +   +   +---+   +   +---+   +---+   +---+---+   +   +
  |           |   |               |   |       |       |       |
  +   +---+---+   +---+   +---+   +---+   +---+---+   +---+   +
  |   |               |           |           |       |       |
  +   +---+---+   +---+---+   +---+   +   +   +   +   +---+---+
  |   |           |   |           |   |   |               |   |
  +   +---+   +---+   +   +---+   +   +   +   +---+---+   +   +
  |           |   |       |                   |   |   |       |
  +   +---+   +   +   +---+   +---+   +   +---+   +   +   +   +
  |       |       |   |                       |               |
  +   +   +---+   +   +---+---+---+   +---+   +---+   +   +   +
  |           |   |       |   |               |               |
  +   +   +   +   +---+---+   +---+---+   +---+   +---+---+---+
  |       |       |   |               |   |   |       |   |   |
  +---+   +   +   +   +---+---+   +   +---+   +   +   +   +   +
  |           |                               |               |
  +---+---+---+---+---+---+---+---+---+---+---+---+---+---+- -+

  Game Number: 4
  Score: 0 / 6

->new_game(easy)
  State: 25 -> Error! In game already.
  Game Number: 4
  Score: 0 / 6

->move(S)
  State: 26 -> ok
  +-*-+---+---+---+---+---+---+---+---+---+---+---+---+---+---+
  | *                     |       |           |   |           |
  + * +   +   +   +   +---+   +---+   +---+   +   +---+   +   +
  | X                 |   |       |   |                       |
  +---+---+   +---+   +   +   +   +---+   +   +   +---+   +   +
  |   |       |       |           |               |   |   |   |
  +   +   +   +---+   +---+   +   +   +   +---+   +   +   +   +
  |           |   |   |       |   |   |   |       |           |
  +   +---+---+   +---+---+   +---+---+---+---+---+   +---+---+
  |   |   |       |   |   |   |           |   |       |       |
  +   +   +   +---+   +   +   +   +   +---+   +---+---+   +   +
  |   |   |                       |       |                   |
  +---+   +   +   +   +---+   +---+   +   +   +   +   +---+   +
  |   |   |   |   |   |   |   |               |   |           |
  +   +   +   +   +---+   +   +---+   +---+   +---+---+   +   +
  |           |   |               |   |       |       |       |
  +   +---+---+   +---+   +---+   +---+   +---+---+   +---+   +
  |   |               |           |           |       |       |
  +   +---+---+   +---+---+   +---+   +   +   +   +   +---+---+
  |   |           |   |           |   |   |               |   |
  +   +---+   +---+   +   +---+   +   +   +   +---+---+   +   +
  |           |   |       |                   |   |   |       |
  +   +---+   +   +   +---+   +---+   +   +---+   +   +   +   +
  |       |       |   |                       |               |
  +   +   +---+   +   +---+---+---+   +---+   +---+   +   +   +
  |           |   |       |   |               |               |
  +   +   +   +   +---+---+   +---+---+   +---+   +---+---+---+
  |       |       |   |               |   |   |       |   |   |
  +---+   +   +   +   +---+---+   +   +---+   +   +   +   +   +
  |           |                               |               |
  +---+---+---+---+---+---+---+---+---+---+---+---+---+---+- -+

  Game Number: 4
  Score: 0 / 6

->move(E)
  State: 27 -> ok
  +-*-+---+---+---+---+---+---+---+---+---+---+---+---+---+---+
  | *                     |       |           |   |           |
  + * +   +   +   +   +---+   +---+   +---+   +   +---+   +   +
  | * * X             |   |       |   |                       |
  +---+---+   +---+   +   +   +   +---+   +   +   +---+   +   +
  |   |       |       |           |               |   |   |   |
  +   +   +   +---+   +---+   +   +   +   +---+   +   +   +   +
  |           |   |   |       |   |   |   |       |           |
  +   +---+---+   +---+---+   +---+---+---+---+---+   +---+---+
  |   |   |       |   |   |   |           |   |       |       |
  +   +   +   +---+   +   +   +   +   +---+   +---+---+   +   +
  |   |   |                       |       |                   |
  +---+   +   +   +   +---+   +---+   +   +   +   +   +---+   +
  |   |   |   |   |   |   |   |               |   |           |
  +   +   +   +   +---+   +   +---+   +---+   +---+---+   +   +
  |           |   |               |   |       |       |       |
  +   +---+---+   +---+   +---+   +---+   +---+---+   +---+   +
  |   |               |           |           |       |       |
  +   +---+---+   +---+---+   +---+   +   +   +   +   +---+---+
  |   |           |   |           |   |   |               |   |
  +   +---+   +---+   +   +---+   +   +   +   +---+---+   +   +
  |           |   |       |                   |   |   |       |
  +   +---+   +   +   +---+   +---+   +   +---+   +   +   +   +
  |       |       |   |                       |               |
  +   +   +---+   +   +---+---+---+   +---+   +---+   +   +   +
  |           |   |       |   |               |               |
  +   +   +   +   +---+---+   +---+---+   +---+   +---+---+---+
  |       |       |   |               |   |   |       |   |   |
  +---+   +   +   +   +---+---+   +   +---+   +   +   +   +   +
  |           |                               |               |
  +---+---+---+---+---+---+---+---+---+---+---+---+---+---+- -+

  Game Number: 4
  Score: 0 / 6

->solve
  State: 28 -> Error! Maze is not solvable, you may abort with no penalty.
  Game Number: 4
  Score: 0 / 6

->move(S)
  State: 29 -> Error! Not a valid move.
  Game Number: 4
  Score: 0 / 6

->move(W)
  State: 30 -> ok
  +-*-+---+---+---+---+---+---+---+---+---+---+---+---+---+---+
  | *                     |       |           |   |           |
  + * +   +   +   +   +---+   +---+   +---+   +   +---+   +   +
  | X * *             |   |       |   |                       |
  +---+---+   +---+   +   +   +   +---+   +   +   +---+   +   +
  |   |       |       |           |               |   |   |   |
  +   +   +   +---+   +---+   +   +   +   +---+   +   +   +   +
  |           |   |   |       |   |   |   |       |           |
  +   +---+---+   +---+---+   +---+---+---+---+---+   +---+---+
  |   |   |       |   |   |   |           |   |       |       |
  +   +   +   +---+   +   +   +   +   +---+   +---+---+   +   +
  |   |   |                       |       |                   |
  +---+   +   +   +   +---+   +---+   +   +   +   +   +---+   +
  |   |   |   |   |   |   |   |               |   |           |
  +   +   +   +   +---+   +   +---+   +---+   +---+---+   +   +
  |           |   |               |   |       |       |       |
  +   +---+---+   +---+   +---+   +---+   +---+---+   +---+   +
  |   |               |           |           |       |       |
  +   +---+---+   +---+---+   +---+   +   +   +   +   +---+---+
  |   |           |   |           |   |   |               |   |
  +   +---+   +---+   +   +---+   +   +   +   +---+---+   +   +
  |           |   |       |                   |   |   |       |
  +   +---+   +   +   +---+   +---+   +   +---+   +   +   +   +
  |       |       |   |                       |               |
  +   +   +---+   +   +---+---+---+   +---+   +---+   +   +   +
  |           |   |       |   |               |               |
  +   +   +   +   +---+---+   +---+---+   +---+   +---+---+---+
  |       |       |   |               |   |   |       |   |   |
  +---+   +   +   +   +---+---+   +   +---+   +   +   +   +   +
  |           |                               |               |
  +---+---+---+---+---+---+---+---+---+---+---+---+---+---+- -+

  Game Number: 4
  Score: 0 / 6

->move(W)
  State: 31 -> Error! Not a valid move.
  Game Number: 4
  Score: 0 / 6

->move(W)
  State: 32 -> Error! Not a valid move.
  Game Number: 4
  Score: 0 / 6

->abort
  State: 33 -> ok
->move(S)
  State: 34 -> Error! Not in a game.
->solve
  State: 35 -> Error! Not in a game.
->move(W)
  State: 36 -> Error! Not in a game.
->new_game(easy)
  State: 37 -> ok
  +-*-+---+---+---+---+---+---+
  | X             |       |   |
  +   +   +---+   +   +   +   +
  |       |           |   |   |
  +---+   +   +   +---+   +   +
  |           |               |
  +---+   +   +---+---+   +   +
  |           |   |   |   |   |
  +   +---+   +   +   +---+   +
  |   |       |       |       |
  +   +---+---+---+   +   +---+
  |   |   |   |       |   |   |
  +   +   +   +---+   +   +   +
  |                           |
  +---+---+---+---+---+---+- -+

  Game Number: 5
  Score: 0 / 4

->solve
  State: 38 -> ok
  +-*-+---+---+---+---+---+---+
  | X   o   o   o |       |   |
  +   +   +---+   +   +   +   +
  |       |     o     |   |   |
  +---+   +   +   +---+   +   +
  |           | o   o   o   o |
  +---+   +   +---+---+   +   +
  |           |   |   |   | o |
  +   +---+   +   +   +---+   +
  |   |       |       | o   o |
  +   +---+---+---+   +   +---+
  |   |   |   |       | o |   |
  +   +   +   +---+   +   +   +
  |                     o   o |
  +---+---+---+---+---+---+- -+

  Since you used the solution, no points are awarded.
  Game Number: 5
  Score: 0 / 4

->move(W)
  State: 39 -> Error! Not a valid move.
  Since you used the solution, no points are awarded.
  Game Number: 5
  Score: 0 / 4

->move(W)
  State: 40 -> Error! Not a valid move.
  Since you used the solution, no points are awarded.
  Game Number: 5
  Score: 0 / 4

->move(S)
  State: 41 -> ok
  +-*-+---+---+---+---+---+---+
  | *   o   o   o |       |   |
  + * +   +---+   +   +   +   +
  | X     |     o     |   |   |
  +---+   +   +   +---+   +   +
  |           | o   o   o   o |
  +---+   +   +---+---+   +   +
  |           |   |   |   | o |
  +   +---+   +   +   +---+   +
  |   |       |       | o   o |
  +   +---+---+---+   +   +---+
  |   |   |   |       | o |   |
  +   +   +   +---+   +   +   +
  |                     o   o |
  +---+---+---+---+---+---+- -+

  Since you used the solution, no points are awarded.
  Game Number: 5
  Score: 0 / 4

->abort
  State: 42 -> ok
->solve
  State: 43 -> Error! Not in a game.
->move(N)
  State: 44 -> Error! Not in a game.
->solve
  State: 45 -> Error! Not in a game.
->move(N)
  State: 46 -> Error! Not in a game.
->solve
  State: 47 -> Error! Not in a game.
->abort
  State: 48 -> Error! Not in a game.
->abort
  State: 49 -> Error! Not in a game.
->new_game(easy)
  State: 50 -> ok
  +-*-+---+---+---+---+---+---+
  | X |                       |
  +   +---+   +---+---+---+   +
  |   |       |           |   |
  +   +   +   +   +   +---+   +
  |       |       |           |
  +   +   +   +---+   +---+   +
  |           |   |       |   |
  +---+---+---+   +---+---+   +
  |       |   |       |       |
  +   +   +   +   +---+   +   +
  |   |                       |
  +   +   +   +---+   +   +   +
  |   |       |               |
  +---+---+---+---+---+---+- -+

  Game Number: 6
  Score: 0 / 5

->new_game(medium)
  State: 51 -> Error! In game already.
  Game Number: 6
  Score: 0 / 5

->move(N)
  State: 52 -> Error! Not a valid move.
  Game Number: 6
  Score: 0 / 5

->new_game(hard)
  State: 53 -> Error! In game already.
  Game Number: 6
  Score: 0 / 5

->solve
  State: 54 -> ok
  +-*-+---+---+---+---+---+---+
  | X |     o   o   o   o   o |
  +   +---+   +---+---+---+   +
  | o | o   o |           | o |
  +   +   +   +   +   +---+   +
  | o   o |       |         o |
  +   +   +   +---+   +---+   +
  |           |   |       | o |
  +---+---+---+   +---+---+   +
  |       |   |       |     o |
  +   +   +   +   +---+   +   +
  |   |                     o |
  +   +   +   +---+   +   +   +
  |   |       |             o |
  +---+---+---+---+---+---+- -+

  Since you used the solution, no points are awarded.
  Game Number: 6
  Score: 0 / 5

->move(N)
  State: 55 -> Error! Not a valid move.
  Since you used the solution, no points are awarded.
  Game Number: 6
  Score: 0 / 5

->move(W)
  State: 56 -> Error! Not a valid move.
  Since you used the solution, no points are awarded.
  Game Number: 6
  Score: 0 / 5

->solve
  State: 57 -> ok
  +-*-+---+---+---+---+---+---+
  | X |     o   o   o   o   o |
  +   +---+   +---+---+---+   +
  | o | o   o |           | o |
  +   +   +   +   +   +---+   +
  | o   o |       |         o |
  +   +   +   +---+   +---+   +
  |           |   |       | o |
  +---+---+---+   +---+---+   +
  |       |   |       |     o |
  +   +   +   +   +---+   +   +
  |   |                     o |
  +   +   +   +---+   +   +   +
  |   |       |             o |
  +---+---+---+---+---+---+- -+

  Since you used the solution, no points are awarded.
  Game Number: 6
  Score: 0 / 5

->new_game(medium)
  State: 58 -> Error! In game already.
  Since you used the solution, no points are awarded.
  Game Number: 6
  Score: 0 / 5

->solve
  State: 59 -> ok
  +-*-+---+---+---+---+---+---+
  | X |     o   o   o   o   o |
  +   +---+   +---+---+---+   +
  | o | o   o |           | o |
  +   +   +   +   +   +---+   +
  | o   o |       |         o |
  +   +   +   +---+   +---+   +
  |           |   |       | o |
  +---+---+---+   +---+---+   +
  |       |   |       |     o |
  +   +   +   +   +---+   +   +
  |   |                     o |
  +   +   +   +---+   +   +   +
  |   |       |             o |
  +---+---+---+---+---+---+- -+

  Since you used the solution, no points are awarded.
  Game Number: 6
  Score: 0 / 5

->abort
  State: 60 -> ok
->move(W)
  State: 61 -> Error! Not in a game.
->solve
  State: 62 -> Error! Not in a game.
->move(S)
  State: 63 -> Error! Not in a game.
->abort
  State: 64 -> Error! Not in a game.
->move(W)
  State: 65 -> Error! Not in a game.
->move(E)
  State: 66 -> Error! Not in a game.
->move(W)
  State: 67 -> Error! Not in a game.
->move(N)
  State: 68 -> Error! Not in a game.
->move(N)
  State: 69 -> Error! Not in a game.
->solve
  State: 70 -> Error! Not in a game.
->move(S)
  State: 71 -> Error! Not in a game.
->solve
  State: 72 -> Error! Not in a game.
->move(S)
  State: 73 -> Error! Not in a game.
->solve
  State: 74 -> Error! Not in a game.
->move(N)
  State: 75 -> Error! Not in a game.
->solve
  State: 76 -> Error! Not in a game.
->move(S)
  State: 77 -> Error! Not in a game.
->move(W)
  State: 78 -> Error! Not in a game.
->move(S)
  State: 79 -> Error! Not in a game.
->move(W)
  State: 80 -> Error! Not in a game.
->move(E)
  State: 81 -> Error! Not in a game.
->abort
  State: 82 -> Error! Not in a game.
->solve
  State: 83 -> Error! Not in a game.
->move(S)
  State: 84 -> Error! Not in a game.
->move(S)
  State: 85 -> Error! Not in a game.
->move(N)
  State: 86 -> Error! Not in a game.
->new_game(hard)
  State: 87 -> ok
  +-*-+---+---+---+---+---+---+---+---+---+---+---+---+---+---+
  | X     |                                   |               |
  +   +   +   +   +   +---+---+   +   +   +   +---+---+---+   +
  |                       |       |           |   |       |   |
  +   +---+   +---+   +   +---+---+   +   +---+   +   +---+   +
  |       |           |       |   |   |   |       |       |   |
  +   +---+---+---+   +---+   +   +   +---+   +   +---+   +   +
  |       |       |               |   |       |   |   |       |
  +   +   +   +   +   +---+---+   +   +   +---+   +   +---+   +
  |           |       |       |       |   |               |   |
  +---+   +---+   +---+   +   +   +---+   +   +   +   +---+   +
  |   |   |       |   |               |   |   |   |           |
  +   +   +   +---+   +---+---+---+   +   +---+   +---+---+   +
  |       |   |           |       |       |   |               |
  +---+   +   +   +---+   +   +   +   +---+   +   +---+---+   +
  |   |   |       |   |   |   |       |                   |   |
  +   +   +   +   +   +   +---+   +---+   +   +   +---+---+---+
  |                   |           |   |       |           |   |
  +---+---+---+---+   +   +   +---+   +   +   +   +---+---+   +
  |   |       |       |   |   |           |           |       |
  +   +   +---+   +---+   +---+   +   +---+   +   +   +---+   +
  |   |       |               |       |   |   |       |   |   |
  +   +   +   +---+   +   +   +   +---+   +   +   +---+   +   +
  |                       |   |   |                   |   |   |
  +   +   +---+---+   +   +   +   +---+---+   +   +---+   +   +
  |   |   |               |           |       |       |       |
  +   +   +---+   +---+   +---+   +   +   +   +---+---+   +   +
  |   |       |   |   |       |   |                       |   |
  +   +   +   +---+   +   +---+---+---+   +   +   +   +   +   +
  |           |                           |   |   |   |       |
  +---+---+---+---+---+---+---+---+---+---+---+---+---+---+- -+

  Game Number: 7
  Score: 0 / 8

->new_game(easy)
  State: 88 -> Error! In game already.
  Game Number: 7
  Score: 0 / 8

->move(N)
  State: 89 -> Error! Not a valid move.
  Game Number: 7
  Score: 0 / 8

->solve
  State: 90 -> ok
  +-*-+---+---+---+---+---+---+---+---+---+---+---+---+---+---+
  | X     |                                   |               |
  +   +   +   +   +   +---+---+   +   +   +   +---+---+---+   +
  | o                     |       |           |   |       |   |
  +   +---+   +---+   +   +---+---+   +   +---+   +   +---+   +
  | o     |           |       |   |   |   |       |       |   |
  +   +---+---+---+   +---+   +   +   +---+   +   +---+   +   +
  | o   o |       |               |   |       |   |   |       |
  +   +   +   +   +   +---+---+   +   +   +---+   +   +---+   +
  |     o     |       |       |       |   |               |   |
  +---+   +---+   +---+   +   +   +---+   +   +   +   +---+   +
  |   | o |       |   |               |   |   |   |           |
  +   +   +   +---+   +---+---+---+   +   +---+   +---+---+   +
  |     o |   |           |       |       |   |               |
  +---+   +   +   +---+   +   +   +   +---+   +   +---+---+   +
  |   | o |       |   |   |   |       |                   |   |
  +   +   +   +   +   +   +---+   +---+   +   +   +---+---+---+
  |     o   o   o   o |           |   |       |           |   |
  +---+---+---+---+   +   +   +---+   +   +   +   +---+---+   +
  |   |       | o   o |   |   |           |           |       |
  +   +   +---+   +---+   +---+   +   +---+   +   +   +---+   +
  |   |       | o   o   o   o |       |   |   |       |   |   |
  +   +   +   +---+   +   +   +   +---+   +   +   +---+   +   +
  |                       | o |   |                   |   |   |
  +   +   +---+---+   +   +   +   +---+---+   +   +---+   +   +
  |   |   |               | o   o   o |       |       |       |
  +   +   +---+   +---+   +---+   +   +   +   +---+---+   +   +
  |   |       |   |   |       |   | o   o   o   o   o   o |   |
  +   +   +   +---+   +   +---+---+---+   +   +   +   +   +   +
  |           |                           |   |   |   | o   o |
  +---+---+---+---+---+---+---+---+---+---+---+---+---+---+- -+

  Since you used the solution, no points are awarded.
  Game Number: 7
  Score: 0 / 8

->new_game(hard)
  State: 91 -> Error! In game already.
  Since you used the solution, no points are awarded.
  Game Number: 7
  Score: 0 / 8

->solve
  State: 92 -> ok
  +-*-+---+---+---+---+---+---+---+---+---+---+---+---+---+---+
  | X     |                                   |               |
  +   +   +   +   +   +---+---+   +   +   +   +---+---+---+   +
  | o                     |       |           |   |       |   |
  +   +---+   +---+   +   +---+---+   +   +---+   +   +---+   +
  | o     |           |       |   |   |   |       |       |   |
  +   +---+---+---+   +---+   +   +   +---+   +   +---+   +   +
  | o   o |       |               |   |       |   |   |       |
  +   +   +   +   +   +---+---+   +   +   +---+   +   +---+   +
  |     o     |       |       |       |   |               |   |
  +---+   +---+   +---+   +   +   +---+   +   +   +   +---+   +
  |   | o |       |   |               |   |   |   |           |
  +   +   +   +---+   +---+---+---+   +   +---+   +---+---+   +
  |     o |   |           |       |       |   |               |
  +---+   +   +   +---+   +   +   +   +---+   +   +---+---+   +
  |   | o |       |   |   |   |       |                   |   |
  +   +   +   +   +   +   +---+   +---+   +   +   +---+---+---+
  |     o   o   o   o |           |   |       |           |   |
  +---+---+---+---+   +   +   +---+   +   +   +   +---+---+   +
  |   |       | o   o |   |   |           |           |       |
  +   +   +---+   +---+   +---+   +   +---+   +   +   +---+   +
  |   |       | o   o   o   o |       |   |   |       |   |   |
  +   +   +   +---+   +   +   +   +---+   +   +   +---+   +   +
  |                       | o |   |                   |   |   |
  +   +   +---+---+   +   +   +   +---+---+   +   +---+   +   +
  |   |   |               | o   o   o |       |       |       |
  +   +   +---+   +---+   +---+   +   +   +   +---+---+   +   +
  |   |       |   |   |       |   | o   o   o   o   o   o |   |
  +   +   +   +---+   +   +---+---+---+   +   +   +   +   +   +
  |           |                           |   |   |   | o   o |
  +---+---+---+---+---+---+---+---+---+---+---+---+---+---+- -+

  Since you used the solution, no points are awarded.
  Game Number: 7
  Score: 0 / 8

->move(W)
  State: 93 -> Error! Not a valid move.
  Since you used the solution, no points are awarded.
  Game Number: 7
  Score: 0 / 8

->move(E)
  State: 94 -> ok
  +-*-+---+---+---+---+---+---+---+---+---+---+---+---+---+---+
  | * * X |                                   |               |
  +   +   +   +   +   +---+---+   +   +   +   +---+---+---+   +
  | o                     |       |           |   |       |   |
  +   +---+   +---+   +   +---+---+   +   +---+   +   +---+   +
  | o     |           |       |   |   |   |       |       |   |
  +   +---+---+---+   +---+   +   +   +---+   +   +---+   +   +
  | o   o |       |               |   |       |   |   |       |
  +   +   +   +   +   +---+---+   +   +   +---+   +   +---+   +
  |     o     |       |       |       |   |               |   |
  +---+   +---+   +---+   +   +   +---+   +   +   +   +---+   +
  |   | o |       |   |               |   |   |   |           |
  +   +   +   +---+   +---+---+---+   +   +---+   +---+---+   +
  |     o |   |           |       |       |   |               |
  +---+   +   +   +---+   +   +   +   +---+   +   +---+---+   +
  |   | o |       |   |   |   |       |                   |   |
  +   +   +   +   +   +   +---+   +---+   +   +   +---+---+---+
  |     o   o   o   o |           |   |       |           |   |
  +---+---+---+---+   +   +   +---+   +   +   +   +---+---+   +
  |   |       | o   o |   |   |           |           |       |
  +   +   +---+   +---+   +---+   +   +---+   +   +   +---+   +
  |   |       | o   o   o   o |       |   |   |       |   |   |
  +   +   +   +---+   +   +   +   +---+   +   +   +---+   +   +
  |                       | o |   |                   |   |   |
  +   +   +---+---+   +   +   +   +---+---+   +   +---+   +   +
  |   |   |               | o   o   o |       |       |       |
  +   +   +---+   +---+   +---+   +   +   +   +---+---+   +   +
  |   |       |   |   |       |   | o   o   o   o   o   o |   |
  +   +   +   +---+   +   +---+---+---+   +   +   +   +   +   +
  |           |                           |   |   |   | o   o |
  +---+---+---+---+---+---+---+---+---+---+---+---+---+---+- -+

  Since you used the solution, no points are awarded.
  Game Number: 7
  Score: 0 / 8

->new_game(hard)
  State: 95 -> Error! In game already.
  Since you used the solution, no points are awarded.
  Game Number: 7
  Score: 0 / 8

->abort
  State: 96 -> ok
->move(W)
  State: 97 -> Error! Not in a game.
->abort
  State: 98 -> Error! Not in a game.
->new_game(medium)
  State: 99 -> ok
  +-*-+---+---+---+---+---+---+---+---+---+---+
  | X                     |               |   |
  +   +   +   +   +   +---+   +---+   +   +   +
  |   |                           |   |       |
  +   +   +   +---+   +   +---+---+---+---+   +
  |           |       |       |   |           |
  +---+   +---+---+---+---+---+   +   +   +---+
  |   |       |               |       |       |
  +   +   +---+   +---+---+   +   +   +---+   +
  |           |   |       |       |   |       |
  +---+   +---+   +   +---+---+   +---+---+   +
  |           |       |   |   |           |   |
  +---+---+   +   +   +   +   +   +   +   +   +
  |   |           |               |   |       |
  +   +   +   +---+---+   +   +---+---+   +   +
  |           |       |   |   |               |
  +   +   +   +   +   +   +---+---+   +   +   +
  |   |   |           |       |       |   |   |
  +   +---+---+   +   +   +   +   +---+---+   +
  |   |   |       |   |   |           |       |
  +   +   +---+---+   +   +---+   +---+---+   +
  |               |                           |
  +---+---+---+---+---+---+---+---+---+---+- -+

  Game Number: 8
  Score: 0 / 10

->new_game(easy)
  State: 100 -> Error! In game already.
  Game Number: 8
  Score: 0 / 10

