  State: 0 -> ok
->solve
  State: 1 -> Error! Not in a game.
->move(S)
  State: 2 -> Error! Not in a game.
->new_game(easy)
  State: 3 -> ok
  +-*-+---+---+---+---+---+---+
  | X                         |
  +   +   +   +---+---+   +   +
  |       |   |       |       |
  +   +---+   +---+   +---+   +
  |   |                   |   |
  +   +   +   +   +---+   +   +
  |   |       |   |       |   |
  +   +   +---+   +   +   +   +
  |       |   |   |           |
  +---+   +   +   +---+   +---+
  |   |   |       |       |   |
  +   +   +   +   +---+   +   +
  |       |                   |
  +---+---+---+---+---+---+- -+

  Game Number: 1
  Score: 0 / 1

->solve
  State: 4 -> ok
  +-*-+---+---+---+---+---+---+
  | X   o   o                 |
  +   +   +   +---+---+   +   +
  |       | o |       |       |
  +   +---+   +---+   +---+   +
  |   |     o   o   o   o |   |
  +   +   +   +   +---+   +   +
  |   |       |   |     o |   |
  +   +   +---+   +   +   +   +
  |       |   |   |     o     |
  +---+   +   +   +---+   +---+
  |   |   |       |     o |   |
  +   +   +   +   +---+   +   +
  |       |             o   o |
  +---+---+---+---+---+---+- -+

  Since you used the solution, no points are awarded.
  Game Number: 1
  Score: 0 / 1

->move(N)
  State: 5 -> Error! Not a valid move.
  Since you used the solution, no points are awarded.
  Game Number: 1
  Score: 0 / 1

->new_game(hard)
  State: 6 -> Error! In game already.
  Since you used the solution, no points are awarded.
  Game Number: 1
  Score: 0 / 1

->new_game(hard)
  State: 7 -> Error! In game already.
  Since you used the solution, no points are awarded.
  Game Number: 1
  Score: 0 / 1

->move(W)
  State: 8 -> Error! Not a valid move.
  Since you used the solution, no points are awarded.
  Game Number: 1
  Score: 0 / 1

->move(S)
  State: 9 -> ok
  +-*-+---+---+---+---+---+---+
  | *   o   o                 |
  + * +   +   +---+---+   +   +
  | X     | o |       |       |
  +   +---+   +---+   +---+   +
  |   |     o   o   o   o |   |
  +   +   +   +   +---+   +   +
  |   |       |   |     o |   |
  +   +   +---+   +   +   +   +
  |       |   |   |     o     |
  +---+   +   +   +---+   +---+
  |   |   |       |     o |   |
  +   +   +   +   +---+   +   +
  |       |             o   o |
  +---+---+---+---+---+---+- -+

  Since you used the solution, no points are awarded.
  Game Number: 1
  Score: 0 / 1

->move(S)
  State: 10 -> ok
  +-*-+---+---+---+---+---+---+
  | *   o   o                 |
  + * +   +   +---+---+   +   +
  | *     | o |       |       |
  + * +---+   +---+   +---+   +
  | X |     o   o   o   o |   |
  +   +   +   +   +---+   +   +
  |   |       |   |     o |   |
  +   +   +---+   +   +   +   +
  |       |   |   |     o     |
  +---+   +   +   +---+   +---+
  |   |   |       |     o |   |
  +   +   +   +   +---+   +   +
  |       |             o   o |
  +---+---+---+---+---+---+- -+

  Since you used the solution, no points are awarded.
  Game Number: 1
  Score: 0 / 1

->abort
  State: 11 -> ok
->move(S)
  State: 12 -> Error! Not in a game.
->move(E)
  State: 13 -> Error! Not in a game.
->abort
  State: 14 -> Error! Not in a game.
->move(E)
  State: 15 -> Error! Not in a game.
->move(E)
  State: 16 -> Error! Not in a game.
->move(S)
  State: 17 -> Error! Not in a game.
->move(E)
  State: 18 -> Error! Not in a game.
->solve
  State: 19 -> Error! Not in a game.
->new_game(easy)
  State: 20 -> ok
  +-*-+---+---+---+---+---+---+
  | X                 |       |
  +   +   +   +---+---+   +   +
  |   |               |       |
  +---+   +---+   +---+   +   +
  |       |   |           |   |
  +   +   +   +---+   +---+   +
  |                   |   |   |
  +   +   +   +   +   +   +   +
  |   |   |   |               |
  +---+---+---+   +---+   +   +
  |           |   |   |   |   |
  +   +   +---+---+   +   +   +
  |               |           |
  +---+---+---+---+---+---+- -+

  Game Number: 2
  Score: 0 / 2

->new_game(medium)
  State: 21 -> Error! In game already.
  Game Number: 2
  Score: 0 / 2

->abort
  State: 22 -> ok
->new_game(hard)
  State: 23 -> ok
  +-*-+---+---+---+---+---+---+---+---+---+---+---+---+---+---+
  | X                                         |           |   |
  +   +---+---+   +---+   +   +---+---+   +---+   +   +   +   +
  |       |           |   |   |                       |       |
  +   +---+---+   +---+   +   +   +---+---+   +---+---+---+   +
  |           |               |       |   |   |       |   |   |
  +   +---+   +   +---+   +   +   +---+   +---+   +---+   +   +
  |               |           |           |           |       |
  +   +---+---+   +---+---+---+   +   +---+   +   +   +   +   +
  |   |               |       |   |           |           |   |
  +---+---+   +   +---+   +---+   +   +   +---+---+   +   +---+
  |   |       |   |   |       |           |               |   |
  +   +   +   +---+   +   +   +   +---+---+---+---+   +---+   +
  |                       |   |       |   |   |   |   |       |
  +   +---+   +---+   +---+   +   +   +   +   +   +   +---+   +
  |   |       |                   |       |                   |
  +   +   +---+   +   +---+   +---+   +---+---+---+   +---+   +
  |   |   |   |                   |                           |
  +---+   +   +   +---+---+---+   +---+   +---+   +---+   +---+
  |   |   |       |               |           |           |   |
  +   +---+   +---+---+---+   +   +---+   +   +   +---+---+   +
  |       |   |       |       |           |       |   |       |
  +   +   +---+---+   +   +   +---+   +---+   +---+   +---+---+
  |           |   |       |   |                               |
  +   +   +---+   +   +---+   +---+---+   +---+---+   +---+   +
  |   |   |   |       |           |       |       |       |   |
  +---+   +   +   +   +---+   +   +   +   +   +   +   +   +   +
  |   |               |           |   |       |               |
  +   +   +---+---+   +---+---+---+---+   +---+   +   +   +   +
  |           |                   |               |   |       |
  +---+---+---+---+---+---+---+---+---+---+---+---+---+---+- -+

  Game Number: 3
  Score: 0 / 5

->abort
  State: 24 -> ok
->abort
  State: 25 -> Error! Not in a game.
->move(W)
  State: 26 -> Error! Not in a game.
->move(N)
  State: 27 -> Error! Not in a game.
->move(N)
  State: 28 -> Error! Not in a game.
->move(W)
  State: 29 -> Error! Not in a game.
->solve
  State: 30 -> Error! Not in a game.
->solve
  State: 31 -> Error! Not in a game.
->new_game(easy)
  State: 32 -> ok
  +-*-+---+---+---+---+---+---+
  | X |       |               |
  +   +   +   +---+   +   +   +
  |       |   |           |   |
  +   +---+   +---+   +   +   +
  |               |   |   |   |
  +   +---+---+---+   +   +   +
  |   |   |   |   |           |
  +   +   +   +   +   +   +   +
  |   |                   |   |
  +   +---+---+---+---+   +   +
  |       |   |       |       |
  +   +   +   +   +   +---+   +
  |                       |   |
  +---+---+---+---+---+---+- -+

  Game Number: 4
  Score: 0 / 6

->move(S)
  State: 33 -> ok
  +-*-+---+---+---+---+---+---+
  | * |       |               |
  + * +   +   +---+   +   +   +
  | X     |   |           |   |
  +   +---+   +---+   +   +   +
  |               |   |   |   |
  +   +---+---+---+   +   +   +
  |   |   |   |   |           |
  +   +   +   +   +   +   +   +
  |   |                   |   |
  +   +---+---+---+---+   +   +
  |       |   |       |       |
  +   +   +   +   +   +---+   +
  |                       |   |
  +---+---+---+---+---+---+- -+

  Game Number: 4
  Score: 0 / 6

->solve
  State: 34 -> Error! Maze is not solvable, you may abort with no penalty.
  Game Number: 4
  Score: 0 / 6

->move(N)
  State: 35 -> ok
  +-*-+---+---+---+---+---+---+
  | X |       |               |
  + * +   +   +---+   +   +   +
  | *     |   |           |   |
  +   +---+   +---+   +   +   +
  |               |   |   |   |
  +   +---+---+---+   +   +   +
  |   |   |   |   |           |
  +   +   +   +   +   +   +   +
  |   |                   |   |
  +   +---+---+---+---+   +   +
  |       |   |       |       |
  +   +   +   +   +   +---+   +
  |                       |   |
  +---+---+---+---+---+---+- -+

  Game Number: 4
  Score: 0 / 6

->abort
  State: 36 -> ok
->move(E)
  State: 37 -> Error! Not in a game.
->move(W)
  State: 38 -> Error! Not in a game.
->solve
  State: 39 -> Error! Not in a game.
->move(S)
  State: 40 -> Error! Not in a game.
->move(E)
  State: 41 -> Error! Not in a game.
->solve
  State: 42 -> Error! Not in a game.
->new_game(easy)
  State: 43 -> ok
  +-*-+---+---+---+---+---+---+
  | X         |   |           |
  +   +---+   +   +   +---+   +
  |   |               |   |   |
  +---+   +---+---+   +   +   +
  |   |   |   |   |   |       |
  +   +---+   +   +---+   +   +
  |                       |   |
  +---+   +   +   +   +   +   +
  |       |               |   |
  +   +---+   +---+   +---+   +
  |       |           |   |   |
  +   +   +   +   +   +   +   +
  |       |   |       |       |
  +---+---+---+---+---+---+- -+

  Game Number: 5
  Score: 0 / 6

->move(S)
  State: 44 -> ok
  +-*-+---+---+---+---+---+---+
  | *         |   |           |
  + * +---+   +   +   +---+   +
  | X |               |   |   |
  +---+   +---+---+   +   +   +
  |   |   |   |   |   |       |
  +   +---+   +   +---+   +   +
  |                       |   |
  +---+   +   +   +   +   +   +
  |       |               |   |
  +   +---+   +---+   +---+   +
  |       |           |   |   |
  +   +   +   +   +   +   +   +
  |       |   |       |       |
  +---+---+---+---+---+---+- -+

  Game Number: 5
  Score: 0 / 6

->move(W)
  State: 45 -> Error! Not a valid move.
  Game Number: 5
  Score: 0 / 6

->abort
  State: 46 -> ok
->move(N)
  State: 47 -> Error! Not in a game.
->solve
  State: 48 -> Error! Not in a game.
->new_game(medium)
  State: 49 -> ok
  +-*-+---+---+---+---+---+---+---+---+---+---+
  | X |                                       |
  +   +   +   +---+---+   +---+   +   +   +---+
  |       |   |           |   |   |       |   |
  +   +---+   +---+---+---+   +   +---+---+   +
  |   |           |               |           |
  +   +---+---+---+---+---+   +   +---+   +   +
  |       |   |       |           |           |
  +---+   +   +   +   +---+   +   +   +---+---+
  |   |           |   |   |   |           |   |
  +   +   +   +   +   +   +---+   +   +   +   +
  |           |           |   |   |   |       |
  +---+---+---+   +---+---+   +---+   +   +   +
  |       |       |       |       |           |
  +   +   +   +   +   +   +---+   +   +---+---+
  |               |           |       |       |
  +---+   +   +---+   +---+---+   +   +   +---+
  |   |       |   |                           |
  +   +   +---+   +---+---+---+   +   +   +   +
  |           |       |   |       |       |   |
  +   +   +---+   +---+   +   +---+---+   +   +
  |   |                           |           |
  +---+---+---+---+---+---+---+---+---+---+- -+

  Game Number: 6
  Score: 0 / 8

->move(S)
  State: 50 -> ok
  +-*-+---+---+---+---+---+---+---+---+---+---+
  | * |                                       |
  + * +   +   +---+---+   +---+   +   +   +---+
  | X     |   |           |   |   |       |   |
  +   +---+   +---+---+---+   +   +---+---+   +
  |   |           |               |           |
  +   +---+---+---+---+---+   +   +---+   +   +
  |       |   |       |           |           |
  +---+   +   +   +   +---+   +   +   +---+---+
  |   |           |   |   |   |           |   |
  +   +   +   +   +   +   +---+   +   +   +   +
  |           |           |   |   |   |       |
  +---+---+---+   +---+---+   +---+   +   +   +
  |       |       |       |       |           |
  +   +   +   +   +   +   +---+   +   +---+---+
  |               |           |       |       |
  +---+   +   +---+   +---+---+   +   +   +---+
  |   |       |   |                           |
  +   +   +---+   +---+---+---+   +   +   +   +
  |           |       |   |       |       |   |
  +   +   +---+   +---+   +   +---+---+   +   +
  |   |                           |           |
  +---+---+---+---+---+---+---+---+---+---+- -+

  Game Number: 6
  Score: 0 / 8

->move(E)
  State: 51 -> ok
  +-*-+---+---+---+---+---+---+---+---+---+---+
  | * |                                       |
  + * +   +   +---+---+   +---+   +   +   +---+
  | * * X |   |           |   |   |       |   |
  +   +---+   +---+---+---+   +   +---+---+   +
  |   |           |               |           |
  +   +---+---+---+---+---+   +   +---+   +   +
  |       |   |       |           |           |
  +---+   +   +   +   +---+   +   +   +---+---+
  |   |           |   |   |   |           |   |
  +   +   +   +   +   +   +---+   +   +   +   +
  |           |           |   |   |   |       |
  +---+---+---+   +---+---+   +---+   +   +   +
  |       |       |       |       |           |
  +   +   +   +   +   +   +---+   +   +---+---+
  |               |           |       |       |
  +---+   +   +---+   +---+---+   +   +   +---+
  |   |       |   |                           |
  +   +   +---+   +---+---+---+   +   +   +   +
  |           |       |   |       |       |   |
  +   +   +---+   +---+   +   +---+---+   +   +
  |   |                           |           |
  +---+---+---+---+---+---+---+---+---+---+- -+

  Game Number: 6
  Score: 0 / 8

->move(W)
  State: 52 -> ok
  +-*-+---+---+---+---+---+---+---+---+---+---+
  | * |                                       |
  + * +   +   +---+---+   +---+   +   +   +---+
  | X * * |   |           |   |   |       |   |
  +   +---+   +---+---+---+   +   +---+---+   +
  |   |           |               |           |
  +   +---+---+---+---+---+   +   +---+   +   +
  |       |   |       |           |           |
  +---+   +   +   +   +---+   +   +   +---+---+
  |   |           |   |   |   |           |   |
  +   +   +   +   +   +   +---+   +   +   +   +
  |           |           |   |   |   |       |
  +---+---+---+   +---+---+   +---+   +   +   +
  |       |       |       |       |           |
  +   +   +   +   +   +   +---+   +   +---+---+
  |               |           |       |       |
  +---+   +   +---+   +---+---+   +   +   +---+
  |   |       |   |                           |
  +   +   +---+   +---+---+---+   +   +   +   +
  |           |       |   |       |       |   |
  +   +   +---+   +---+   +   +---+---+   +   +
  |   |                           |           |
  +---+---+---+---+---+---+---+---+---+---+- -+

  Game Number: 6
  Score: 0 / 8

->new_game(easy)
  State: 53 -> Error! In game already.
  Game Number: 6
  Score: 0 / 8

->move(S)
  State: 54 -> ok
  +-*-+---+---+---+---+---+---+---+---+---+---+
  | * |                                       |
  + * +   +   +---+---+   +---+   +   +   +---+
  | * * * |   |           |   |   |       |   |
  + * +---+   +---+---+---+   +   +---+---+   +
  | X |           |               |           |
  +   +---+---+---+---+---+   +   +---+   +   +
  |       |   |       |           |           |
  +---+   +   +   +   +---+   +   +   +---+---+
  |   |           |   |   |   |           |   |
  +   +   +   +   +   +   +---+   +   +   +   +
  |           |           |   |   |   |       |
  +---+---+---+   +---+---+   +---+   +   +   +
  |       |       |       |       |           |
  +   +   +   +   +   +   +---+   +   +---+---+
  |               |           |       |       |
  +---+   +   +---+   +---+---+   +   +   +---+
  |   |       |   |                           |
  +   +   +---+   +---+---+---+   +   +   +   +
  |           |       |   |       |       |   |
  +   +   +---+   +---+   +   +---+---+   +   +
  |   |                           |           |
  +---+---+---+---+---+---+---+---+---+---+- -+

  Game Number: 6
  Score: 0 / 8

->abort
  State: 55 -> ok
->move(N)
  State: 56 -> Error! Not in a game.
->move(S)
  State: 57 -> Error! Not in a game.
->new_game(hard)
  State: 58 -> ok
  +-*-+---+---+---+---+---+---+---+---+---+---+---+---+---+---+
  | X             |       |                           |       |
  +---+   +   +   +   +   +   +   +   +---+   +---+   +   +---+
  |   |   |   |                   |       |   |           |   |
  +   +   +   +---+   +---+---+---+---+   +---+   +---+   +   +
  |   |       |                   |       |       |           |
  +   +---+---+   +---+   +   +   +---+   +   +   +---+---+   +
  |       |   |       |       |       |       |   |           |
  +---+   +   +---+   +---+---+   +   +---+   +   +---+---+   +
  |   |           |                           |   |           |
  +   +---+---+   +   +---+---+---+---+   +---+---+   +---+---+
  |                                   |           |   |       |
  +   +---+   +   +---+---+---+---+   +   +   +---+   +   +   +
  |   |       |   |           |       |       |           |   |
  +   +---+---+   +   +---+   +   +   +---+   +   +---+   +   +
  |       |       |   |   |           |   |   |   |   |       |
  +---+---+---+   +   +   +   +   +---+   +---+   +   +---+   +
  |       |           |               |   |   |   |           |
  +   +   +---+---+   +   +---+   +---+   +   +---+   +   +   +
  |       |           |   |   |   |       |   |           |   |
  +   +---+   +   +---+   +   +   +---+   +   +   +   +   +   +
  |   |                           |       |           |       |
  +   +---+---+---+   +   +---+   +---+   +   +---+   +---+   +
  |           |   |   |           |           |   |   |       |
  +   +   +   +   +---+   +   +   +   +   +   +   +---+   +   +
  |   |       |   |   |       |               |       |       |
  +---+---+---+   +   +---+   +---+---+---+   +   +   +   +   +
  |                   |                   |   |   |           |
  +   +   +---+   +   +   +---+   +   +---+---+   +---+---+---+
  |           |               |           |                   |
  +---+---+---+---+---+---+---+---+---+---+---+---+---+---+- -+

  Game Number: 7
  Score: 0 / 11

->move(N)
  State: 59 -> Error! Not a valid move.
  Game Number: 7
  Score: 0 / 11

->solve
  State: 60 -> ok
  +-*-+---+---+---+---+---+---+---+---+---+---+---+---+---+---+
  | X   o   o   o |       | o   o   o   o   o   o   o |       |
  +---+   +   +   +   +   +   +   +   +---+   +---+   +   +---+
  |   |   |   | o   o   o   o     |       |   |     o   o |   |
  +   +   +   +---+   +---+---+---+---+   +---+   +---+   +   +
  |   |       |                   |       |       |     o   o |
  +   +---+---+   +---+   +   +   +---+   +   +   +---+---+   +
  |       |   |       |       |       |       |   |         o |
  +---+   +   +---+   +---+---+   +   +---+   +   +---+---+   +
  |   |           |                           |   | o   o   o |
  +   +---+---+   +   +---+---+---+---+   +---+---+   +---+---+
  |                                   |           | o |       |
  +   +---+   +   +---+---+---+---+   +   +   +---+   +   +   +
  |   |       |   |           |       |       |     o   o |   |
  +   +---+---+   +   +---+   +   +   +---+   +   +---+   +   +
  |       |       |   |   |           |   |   |   |   | o   o |
  +---+---+---+   +   +   +   +   +---+   +---+   +   +---+   +
  |       |           |               |   |   |   |         o |
  +   +   +---+---+   +   +---+   +---+   +   +---+   +   +   +
  |       |           |   |   |   |       |   |           | o |
  +   +---+   +   +---+   +   +   +---+   +   +   +   +   +   +
  |   |                           |       |           |     o |
  +   +---+---+---+   +   +---+   +---+   +   +---+   +---+   +
  |           |   |   |           |           |   |   | o   o |
  +   +   +   +   +---+   +   +   +   +   +   +   +---+   +   +
  |   |       |   |   |       |               | o   o | o     |
  +---+---+---+   +   +---+   +---+---+---+   +   +   +   +   +
  |                   |                   |   | o | o   o     |
  +   +   +---+   +   +   +---+   +   +---+---+   +---+---+---+
  |           |               |           |     o   o   o   o |
  +---+---+---+---+---+---+---+---+---+---+---+---+---+---+- -+

  Since you used the solution, no points are awarded.
  Game Number: 7
  Score: 0 / 11

->move(E)
  State: 61 -> ok
  +-*-+---+---+---+---+---+---+---+---+---+---+---+---+---+---+
  | * * X   o   o |       | o   o   o   o   o   o   o |       |
  +---+   +   +   +   +   +   +   +   +---+   +---+   +   +---+
  |   |   |   | o   o   o   o     |       |   |     o   o |   |
  +   +   +   +---+   +---+---+---+---+   +---+   +---+   +   +
  |   |       |                   |       |       |     o   o |
  +   +---+---+   +---+   +   +   +---+   +   +   +---+---+   +
  |       |   |       |       |       |       |   |         o |
  +---+   +   +---+   +---+---+   +   +---+   +   +---+---+   +
  |   |           |                           |   | o   o   o |
  +   +---+---+   +   +---+---+---+---+   +---+---+   +---+---+
  |                                   |           | o |       |
  +   +---+   +   +---+---+---+---+   +   +   +---+   +   +   +
  |   |       |   |           |       |       |     o   o |   |
  +   +---+---+   +   +---+   +   +   +---+   +   +---+   +   +
  |       |       |   |   |           |   |   |   |   | o   o |
  +---+---+---+   +   +   +   +   +---+   +---+   +   +---+   +
  |       |           |               |   |   |   |         o |
  +   +   +---+---+   +   +---+   +---+   +   +---+   +   +   +
  |       |           |   |   |   |       |   |           | o |
  +   +---+   +   +---+   +   +   +---+   +   +   +   +   +   +
  |   |                           |       |           |     o |
  +   +---+---+---+   +   +---+   +---+   +   +---+   +---+   +
  |           |   |   |           |           |   |   | o   o |
  +   +   +   +   +---+   +   +   +   +   +   +   +---+   +   +
  |   |       |   |   |       |               | o   o | o     |
  +---+---+---+   +   +---+   +---+---+---+   +   +   +   +   +
  |                   |                   |   | o | o   o     |
  +   +   +---+   +   +   +---+   +   +---+---+   +---+---+---+
  |           |               |           |     o   o   o   o |
  +---+---+---+---+---+---+---+---+---+---+---+---+---+---+- -+

  Since you used the solution, no points are awarded.
  Game Number: 7
  Score: 0 / 11

->move(W)
  State: 62 -> ok
  +-*-+---+---+---+---+---+---+---+---+---+---+---+---+---+---+
  | X * *   o   o |       | o   o   o   o   o   o   o |       |
  +---+   +   +   +   +   +   +   +   +---+   +---+   +   +---+
  |   |   |   | o   o   o   o     |       |   |     o   o |   |
  +   +   +   +---+   +---+---+---+---+   +---+   +---+   +   +
  |   |       |                   |       |       |     o   o |
  +   +---+---+   +---+   +   +   +---+   +   +   +---+---+   +
  |       |   |       |       |       |       |   |         o |
  +---+   +   +---+   +---+---+   +   +---+   +   +---+---+   +
  |   |           |                           |   | o   o   o |
  +   +---+---+   +   +---+---+---+---+   +---+---+   +---+---+
  |                                   |           | o |       |
  +   +---+   +   +---+---+---+---+   +   +   +---+   +   +   +
  |   |       |   |           |       |       |     o   o |   |
  +   +---+---+   +   +---+   +   +   +---+   +   +---+   +   +
  |       |       |   |   |           |   |   |   |   | o   o |
  +---+---+---+   +   +   +   +   +---+   +---+   +   +---+   +
  |       |           |               |   |   |   |         o |
  +   +   +---+---+   +   +---+   +---+   +   +---+   +   +   +
  |       |           |   |   |   |       |   |           | o |
  +   +---+   +   +---+   +   +   +---+   +   +   +   +   +   +
  |   |                           |       |           |     o |
  +   +---+---+---+   +   +---+   +---+   +   +---+   +---+   +
  |           |   |   |           |           |   |   | o   o |
  +   +   +   +   +---+   +   +   +   +   +   +   +---+   +   +
  |   |       |   |   |       |               | o   o | o     |
  +---+---+---+   +   +---+   +---+---+---+   +   +   +   +   +
  |                   |                   |   | o | o   o     |
  +   +   +---+   +   +   +---+   +   +---+---+   +---+---+---+
  |           |               |           |     o   o   o   o |
  +---+---+---+---+---+---+---+---+---+---+---+---+---+---+- -+

  Since you used the solution, no points are awarded.
  Game Number: 7
  Score: 0 / 11

->new_game(medium)
  State: 63 -> Error! In game already.
  Since you used the solution, no points are awarded.
  Game Number: 7
  Score: 0 / 11

->abort
  State: 64 -> ok
->move(N)
  State: 65 -> Error! Not in a game.
->new_game(medium)
  State: 66 -> ok
  +-*-+---+---+---+---+---+---+---+---+---+---+
  | X |   |       |   |   |                   |
  +   +   +   +   +   +   +   +   +---+   +   +
  |                                   |       |
  +   +---+   +   +   +---+---+   +---+---+   +
  |   |       |   |           |       |       |
  +---+   +   +   +   +---+   +---+   +   +---+
  |           |   |           |           |   |
  +   +   +   +---+   +---+   +   +---+---+   +
  |   |   |   |   |   |           |       |   |
  +   +   +   +   +   +   +   +---+   +   +   +
  |   |       |   |   |           |           |
  +   +---+---+   +   +---+---+---+   +   +---+
  |       |                   |       |       |
  +---+   +   +---+   +   +---+   +---+   +   +
  |               |           |       |       |
  +   +---+   +---+---+   +---+   +   +   +   +
  |   |   |   |       |   |   |       |       |
  +   +   +   +   +   +---+   +   +   +---+   +
  |   |       |       |               |       |
  +   +---+---+---+   +   +   +   +   +---+   +
  |           |       |   |       |       |   |
  +---+---+---+---+---+---+---+---+---+---+- -+

  Game Number: 8
  Score: 0 / 13

->new_game(hard)
  State: 67 -> Error! In game already.
  Game Number: 8
  Score: 0 / 13

->move(N)
  State: 68 -> Error! Not a valid move.
  Game Number: 8
  Score: 0 / 13

->move(E)
  State: 69 -> Error! Not a valid move.
  Game Number: 8
  Score: 0 / 13

->move(E)
  State: 70 -> Error! Not a valid move.
  Game Number: 8
  Score: 0 / 13

->move(W)
  State: 71 -> Error! Not a valid move.
  Game Number: 8
  Score: 0 / 13

->new_game(hard)
  State: 72 -> Error! In game already.
  Game Number: 8
  Score: 0 / 13

->new_game(hard)
  State: 73 -> Error! In game already.
  Game Number: 8
  Score: 0 / 13

->new_game(medium)
  State: 74 -> Error! In game already.
  Game Number: 8
  Score: 0 / 13

->new_game(easy)
  State: 75 -> Error! In game already.
  Game Number: 8
  Score: 0 / 13

->move(N)
  State: 76 -> Error! Not a valid move.
  Game Number: 8
  Score: 0 / 13

->move(S)
  State: 77 -> ok
  +-*-+---+---+---+---+---+---+---+---+---+---+
  | * |   |       |   |   |                   |
  + * +   +   +   +   +   +   +   +---+   +   +
  | X                                 |       |
  +   +---+   +   +   +---+---+   +---+---+   +
  |   |       |   |           |       |       |
  +---+   +   +   +   +---+   +---+   +   +---+
  |           |   |           |           |   |
  +   +   +   +---+   +---+   +   +---+---+   +
  |   |   |   |   |   |           |       |   |
  +   +   +   +   +   +   +   +---+   +   +   +
  |   |       |   |   |           |           |
  +   +---+---+   +   +---+---+---+   +   +---+
  |       |                   |       |       |
  +---+   +   +---+   +   +---+   +---+   +   +
  |               |           |       |       |
  +   +---+   +---+---+   +---+   +   +   +   +
  |   |   |   |       |   |   |       |       |
  +   +   +   +   +   +---+   +   +   +---+   +
  |   |       |       |               |       |
  +   +---+---+---+   +   +   +   +   +---+   +
  |           |       |   |       |       |   |
  +---+---+---+---+---+---+---+---+---+---+- -+

  Game Number: 8
  Score: 0 / 13

->move(N)
  State: 78 -> ok
  +-*-+---+---+---+---+---+---+---+---+---+---+
  | X |   |       |   |   |                   |
  + * +   +   +   +   +   +   +   +---+   +   +
  | *                                 |       |
  +   +---+   +   +   +---+---+   +---+---+   +
  |   |       |   |           |       |       |
  +---+   +   +   +   +---+   +---+   +   +---+
  |           |   |           |           |   |
  +   +   +   +---+   +---+   +   +---+---+   +
  |   |   |   |   |   |           |       |   |
  +   +   +   +   +   +   +   +---+   +   +   +
  |   |       |   |   |           |           |
  +   +---+---+   +   +---+---+---+   +   +---+
  |       |                   |       |       |
  +---+   +   +---+   +   +---+   +---+   +   +
  |               |           |       |       |
  +   +---+   +---+---+   +---+   +   +   +   +
  |   |   |   |       |   |   |       |       |
  +   +   +   +   +   +---+   +   +   +---+   +
  |   |       |       |               |       |
  +   +---+---+---+   +   +   +   +   +---+   +
  |           |       |   |       |       |   |
  +---+---+---+---+---+---+---+---+---+---+- -+

  Game Number: 8
  Score: 0 / 13

->new_game(hard)
  State: 79 -> Error! In game already.
  Game Number: 8
  Score: 0 / 13

->solve
  State: 80 -> Error! Maze is not solvable, you may abort with no penalty.
  Game Number: 8
  Score: 0 / 13

->move(W)
  State: 81 -> Error! Not a valid move.
  Game Number: 8
  Score: 0 / 13

->new_game(hard)
  State: 82 -> Error! In game already.
  Game Number: 8
  Score: 0 / 13

->move(S)
  State: 83 -> ok
  +-*-+---+---+---+---+---+---+---+---+---+---+
  | * |   |       |   |   |                   |
  + * +   +   +   +   +   +   +   +---+   +   +
  | X                                 |       |
  +   +---+   +   +   +---+---+   +---+---+   +
  |   |       |   |           |       |       |
  +---+   +   +   +   +---+   +---+   +   +---+
  |           |   |           |           |   |
  +   +   +   +---+   +---+   +   +---+---+   +
  |   |   |   |   |   |           |       |   |
  +   +   +   +   +   +   +   +---+   +   +   +
  |   |       |   |   |           |           |
  +   +---+---+   +   +---+---+---+   +   +---+
  |       |                   |       |       |
  +---+   +   +---+   +   +---+   +---+   +   +
  |               |           |       |       |
  +   +---+   +---+---+   +---+   +   +   +   +
  |   |   |   |       |   |   |       |       |
  +   +   +   +   +   +---+   +   +   +---+   +
  |   |       |       |               |       |
  +   +---+---+---+   +   +   +   +   +---+   +
  |           |       |   |       |       |   |
  +---+---+---+---+---+---+---+---+---+---+- -+

  Game Number: 8
  Score: 0 / 13

->move(W)
  State: 84 -> Error! Not a valid move.
  Game Number: 8
  Score: 0 / 13

->move(W)
  State: 85 -> Error! Not a valid move.
  Game Number: 8
  Score: 0 / 13

->move(N)
  State: 86 -> ok
  +-*-+---+---+---+---+---+---+---+---+---+---+
  | X |   |       |   |   |                   |
  + * +   +   +   +   +   +   +   +---+   +   +
  | *                                 |       |
  +   +---+   +   +   +---+---+   +---+---+   +
  |   |       |   |           |       |       |
  +---+   +   +   +   +---+   +---+   +   +---+
  |           |   |           |           |   |
  +   +   +   +---+   +---+   +   +---+---+   +
  |   |   |   |   |   |           |       |   |
  +   +   +   +   +   +   +   +---+   +   +   +
  |   |       |   |   |           |           |
  +   +---+---+   +   +---+---+---+   +   +---+
  |       |                   |       |       |
  +---+   +   +---+   +   +---+   +---+   +   +
  |               |           |       |       |
  +   +---+   +---+---+   +---+   +   +   +   +
  |   |   |   |       |   |   |       |       |
  +   +   +   +   +   +---+   +   +   +---+   +
  |   |       |       |               |       |
  +   +---+---+---+   +   +   +   +   +---+   +
  |           |       |   |       |       |   |
  +---+---+---+---+---+---+---+---+---+---+- -+

  Game Number: 8
  Score: 0 / 13

->move(S)
  State: 87 -> ok
  +-*-+---+---+---+---+---+---+---+---+---+---+
  | * |   |       |   |   |                   |
  + * +   +   +   +   +   +   +   +---+   +   +
  | X                                 |       |
  +   +---+   +   +   +---+---+   +---+---+   +
  |   |       |   |           |       |       |
  +---+   +   +   +   +---+   +---+   +   +---+
  |           |   |           |           |   |
  +   +   +   +---+   +---+   +   +---+---+   +
  |   |   |   |   |   |           |       |   |
  +   +   +   +   +   +   +   +---+   +   +   +
  |   |       |   |   |           |           |
  +   +---+---+   +   +---+---+---+   +   +---+
  |       |                   |       |       |
  +---+   +   +---+   +   +---+   +---+   +   +
  |               |           |       |       |
  +   +---+   +---+---+   +---+   +   +   +   +
  |   |   |   |       |   |   |       |       |
  +   +   +   +   +   +---+   +   +   +---+   +
  |   |       |       |               |       |
  +   +---+---+---+   +   +   +   +   +---+   +
  |           |       |   |       |       |   |
  +---+---+---+---+---+---+---+---+---+---+- -+

  Game Number: 8
  Score: 0 / 13

->solve
  State: 88 -> Error! Maze is not solvable, you may abort with no penalty.
  Game Number: 8
  Score: 0 / 13

->abort
  State: 89 -> ok
->move(N)
  State: 90 -> Error! Not in a game.
->move(W)
  State: 91 -> Error! Not in a game.
->move(S)
  State: 92 -> Error! Not in a game.
->move(N)
  State: 93 -> Error! Not in a game.
->move(E)
  State: 94 -> Error! Not in a game.
->new_game(medium)
  State: 95 -> ok
  +-*-+---+---+---+---+---+---+---+---+---+---+
  | X |               |       |               |
  +   +   +---+   +   +   +   +---+   +---+   +
  |                   |                   |   |
  +   +---+   +---+---+   +---+---+   +   +   +
  |       |               |       |       |   |
  +---+   +---+   +   +   +   +---+   +---+   +
  |       |       |       |   |       |       |
  +   +   +---+---+---+---+   +---+   +---+   +
  |   |   |       |                       |   |
  +---+---+   +   +---+   +---+---+---+---+   +
  |                       |           |       |
  +   +---+   +---+   +   +   +   +   +---+   +
  |           |       |                       |
  +---+   +---+---+---+   +   +---+---+---+   +
  |               |           |   |   |       |
  +   +   +   +---+---+---+---+   +   +   +   +
  |       |           |       |           |   |
  +---+   +---+   +   +---+   +   +---+---+   +
  |           |   |       |           |       |
  +   +   +---+---+   +   +---+   +   +---+---+
  |           |               |               |
  +---+---+---+---+---+---+---+---+---+---+- -+

  Game Number: 9
  Score: 0 / 13

->new_game(medium)
  State: 96 -> Error! In game already.
  Game Number: 9
  Score: 0 / 13

->abort
  State: 97 -> ok
->new_game(hard)
  State: 98 -> ok
  +-*-+---+---+---+---+---+---+---+---+---+---+---+---+---+---+
  | X                                                         |
  +   +   +   +---+---+---+---+   +   +---+   +   +   +   +   +
  |       |   |   |                               |           |
  +   +---+---+   +   +---+---+   +   +---+   +---+   +---+   +
  |       |                           |           |   |       |
  +---+---+   +---+   +---+---+---+---+   +   +   +   +   +   +
  |   |       |   |   |           |   |       |   |   |   |   |
  +   +---+---+   +   +---+   +   +   +   +---+---+   +---+   +
  |           |                   |       |           |   |   |
  +---+   +   +---+---+---+---+---+   +---+---+   +---+   +   +
  |           |               |       |   |                   |
  +---+   +   +   +---+---+---+---+---+   +   +---+   +---+   +
  |   |               |               |   |                   |
  +   +---+   +   +---+---+---+   +   +   +   +   +   +---+   +
  |                               |   |       |           |   |
  +---+---+   +   +   +   +---+   +   +---+---+   +---+   +   +
  |       |       |       |           |   |           |       |
  +---+   +---+---+---+   +   +---+   +   +---+   +   +---+   +
  |           |   |       |   |           |   |   |   |       |
  +   +   +   +   +---+---+   +   +---+   +   +   +---+   +   +
  |   |       |           |   |       |           |       |   |
  +   +   +   +   +   +   +---+   +   +---+---+   +---+---+---+
  |   |       |   |   |           |               |   |   |   |
  +   +---+---+   +   +   +   +   +---+---+   +   +   +   +   +
  |       |   |           |       |           |       |       |
  +---+   +   +---+   +---+---+   +---+   +---+---+   +   +   +
  |       |       |   |           |   |               |       |
  +   +   +   +   +   +---+   +---+   +---+   +---+   +   +---+
  |   |   |                   |       |           |           |
  +---+---+---+---+---+---+---+---+---+---+---+---+---+---+- -+

  Game Number: 10
  Score: 0 / 16

->move(E)
  State: 99 -> ok
  +-*-+---+---+---+---+---+---+---+---+---+---+---+---+---+---+
  | * * X                                                     |
  +   +   +   +---+---+---+---+   +   +---+   +   +   +   +   +
  |       |   |   |                               |           |
  +   +---+---+   +   +---+---+   +   +---+   +---+   +---+   +
  |       |                           |           |   |       |
  +---+---+   +---+   +---+---+---+---+   +   +   +   +   +   +
  |   |       |   |   |           |   |       |   |   |   |   |
  +   +---+---+   +   +---+   +   +   +   +---+---+   +---+   +
  |           |                   |       |           |   |   |
  +---+   +   +---+---+---+---+---+   +---+---+   +---+   +   +
  |           |               |       |   |                   |
  +---+   +   +   +---+---+---+---+---+   +   +---+   +---+   +
  |   |               |               |   |                   |
  +   +---+   +   +---+---+---+   +   +   +   +   +   +---+   +
  |                               |   |       |           |   |
  +---+---+   +   +   +   +---+   +   +---+---+   +---+   +   +
  |       |       |       |           |   |           |       |
  +---+   +---+---+---+   +   +---+   +   +---+   +   +---+   +
  |           |   |       |   |           |   |   |   |       |
  +   +   +   +   +---+---+   +   +---+   +   +   +---+   +   +
  |   |       |           |   |       |           |       |   |
  +   +   +   +   +   +   +---+   +   +---+---+   +---+---+---+
  |   |       |   |   |           |               |   |   |   |
  +   +---+---+   +   +   +   +   +---+---+   +   +   +   +   +
  |       |   |           |       |           |       |       |
  +---+   +   +---+   +---+---+   +---+   +---+---+   +   +   +
  |       |       |   |           |   |               |       |
  +   +   +   +   +   +---+   +---+   +---+   +---+   +   +---+
  |   |   |                   |       |           |           |
  +---+---+---+---+---+---+---+---+---+---+---+---+---+---+- -+

  Game Number: 10
  Score: 0 / 16

->move(N)
  State: 100 -> Error! Not a valid move.
  Game Number: 10
  Score: 0 / 16

