  State: 0 -> ok
->move(E)
  State: 1 -> Error! Not in a game.
->move(E)
  State: 2 -> Error! Not in a game.
->move(N)
  State: 3 -> Error! Not in a game.
->solve
  State: 4 -> Error! Not in a game.
->move(W)
  State: 5 -> Error! Not in a game.
->new_game(hard)
  State: 6 -> ok
  +-*-+---+---+---+---+---+---+---+---+---+---+---+---+---+---+
  | X                     |               |       |           |
  +---+   +---+---+---+   +---+---+   +   +---+   +---+---+   +
  |                   |       |       |           |   |       |
  +---+   +   +---+   +   +   +   +   +---+   +   +   +---+   +
  |   |   |           |   |           |       |           |   |
  +   +---+   +---+   +   +---+   +---+   +---+   +---+   +---+
  |               |       |       |   |   |   |   |   |   |   |
  +   +   +   +   +   +   +   +   +   +---+   +---+   +   +   +
  |       |   |   |   |       |       |   |                   |
  +   +---+---+---+---+---+---+   +---+   +   +   +   +   +   +
  |                       |           |       |   |       |   |
  +---+---+   +   +---+   +---+---+   +---+   +   +   +   +---+
  |               |               |           |       |       |
  +---+   +   +---+---+   +---+---+---+---+   +---+---+   +---+
  |       |   |   |   |               |                   |   |
  +---+---+   +   +   +   +   +---+   +---+   +   +   +---+   +
  |       |                                   |   |   |   |   |
  +   +---+---+   +---+---+---+---+   +   +   +   +   +   +   +
  |       |   |   |       |   |       |       |               |
  +---+   +   +   +---+   +   +   +---+   +   +   +---+   +---+
  |                       |       |                           |
  +---+---+   +---+   +   +---+---+   +   +   +---+   +   +   +
  |   |   |   |               |   |   |       |       |   |   |
  +   +   +---+---+---+---+   +   +---+   +   +   +   +---+   +
  |           |   |   |                           |   |       |
  +---+   +   +   +   +   +   +---+   +---+   +   +   +---+   +
  |       |           |       |           |   |       |       |
  +   +---+   +   +   +   +---+---+---+   +---+   +   +   +   +
  |           |                   |           |   |   |       |
  +---+---+---+---+---+---+---+---+---+---+---+---+---+---+- -+

  Game Number: 1
  Score: 0 / 3

->move(W)
  State: 7 -> Error! Not a valid move.
  Game Number: 1
  Score: 0 / 3

->new_game(hard)
  State: 8 -> Error! In game already.
  Game Number: 1
  Score: 0 / 3

->abort
  State: 9 -> ok
->move(W)
  State: 10 -> Error! Not in a game.
->move(W)
  State: 11 -> Error! Not in a game.
->solve
  State: 12 -> Error! Not in a game.
->move(N)
  State: 13 -> Error! Not in a game.
->solve
  State: 14 -> Error! Not in a game.
->solve
  State: 15 -> Error! Not in a game.
->move(W)
  State: 16 -> Error! Not in a game.
->move(S)
  State: 17 -> Error! Not in a game.
->new_game(hard)
  State: 18 -> ok
  +-*-+---+---+---+---+---+---+---+---+---+---+---+---+---+---+
  | X         |                                               |
  +   +   +   +   +   +---+---+   +---+---+---+---+   +---+   +
  |           |           |       |   |       |       |   |   |
  +   +   +   +---+---+---+---+---+   +   +---+---+   +   +   +
  |   |   |   |   |                           |       |   |   |
  +---+---+---+   +---+---+---+   +   +   +---+   +---+   +   +
  |       |       |       |   |   |   |   |                   |
  +   +   +---+   +   +   +   +   +---+   +   +   +---+   +---+
  |       |           |   |                   |   |   |       |
  +---+   +---+   +   +   +   +   +---+---+   +---+   +---+   +
  |       |   |   |       |           |   |       |       |   |
  +---+   +   +---+   +---+---+---+   +   +   +   +---+   +   +
  |   |           |           |       |       |       |       |
  +   +   +   +   +   +---+   +   +   +---+   +   +   +---+---+
  |       |       |                       |       |           |
  +   +---+   +   +   +   +   +   +   +   +---+   +---+   +   +
  |   |       |       |   |   |                   |       |   |
  +   +---+   +---+---+---+   +   +---+---+   +---+---+---+   +
  |       |   |                   |       |       |           |
  +---+   +   +   +   +---+   +---+   +   +---+   +   +---+   +
  |   |           |       |       |           |       |   |   |
  +   +   +   +   +   +   +---+---+   +---+---+---+---+   +   +
  |               |   |           |   |           |           |
  +   +---+   +   +---+   +   +   +---+   +   +   +---+---+   +
  |   |           |       |       |   |                   |   |
  +   +   +---+---+   +---+---+   +   +---+   +   +---+   +   +
  |       |       |       |           |       |   |   |       |
  +   +   +---+   +   +   +   +---+   +   +---+   +   +---+   +
  |       |           |                   |                   |
  +---+---+---+---+---+---+---+---+---+---+---+---+---+---+- -+

  Game Number: 2
  Score: 0 / 6

->move(E)
  State: 19 -> ok
  +-*-+---+---+---+---+---+---+---+---+---+---+---+---+---+---+
  | * * X     |                                               |
  +   +   +   +   +   +---+---+   +---+---+---+---+   +---+   +
  |           |           |       |   |       |       |   |   |
  +   +   +   +---+---+---+---+---+   +   +---+---+   +   +   +
  |   |   |   |   |                           |       |   |   |
  +---+---+---+   +---+---+---+   +   +   +---+   +---+   +   +
  |       |       |       |   |   |   |   |                   |
  +   +   +---+   +   +   +   +   +---+   +   +   +---+   +---+
  |       |           |   |                   |   |   |       |
  +---+   +---+   +   +   +   +   +---+---+   +---+   +---+   +
  |       |   |   |       |           |   |       |       |   |
  +---+   +   +---+   +---+---+---+   +   +   +   +---+   +   +
  |   |           |           |       |       |       |       |
  +   +   +   +   +   +---+   +   +   +---+   +   +   +---+---+
  |       |       |                       |       |           |
  +   +---+   +   +   +   +   +   +   +   +---+   +---+   +   +
  |   |       |       |   |   |                   |       |   |
  +   +---+   +---+---+---+   +   +---+---+   +---+---+---+   +
  |       |   |                   |       |       |           |
  +---+   +   +   +   +---+   +---+   +   +---+   +   +---+   +
  |   |           |       |       |           |       |   |   |
  +   +   +   +   +   +   +---+---+   +---+---+---+---+   +   +
  |               |   |           |   |           |           |
  +   +---+   +   +---+   +   +   +---+   +   +   +---+---+   +
  |   |           |       |       |   |                   |   |
  +   +   +---+---+   +---+---+   +   +---+   +   +---+   +   +
  |       |       |       |           |       |   |   |       |
  +   +   +---+   +   +   +   +---+   +   +---+   +   +---+   +
  |       |           |                   |                   |
  +---+---+---+---+---+---+---+---+---+---+---+---+---+---+- -+

  Game Number: 2
  Score: 0 / 6

->new_game(easy)
  State: 20 -> Error! In game already.
  Game Number: 2
  Score: 0 / 6

->move(E)
  State: 21 -> ok
  +-*-+---+---+---+---+---+---+---+---+---+---+---+---+---+---+
  | * * * * X |                                               |
  +   +   +   +   +   +---+---+   +---+---+---+---+   +---+   +
  |           |           |       |   |       |       |   |   |
  +   +   +   +---+---+---+---+---+   +   +---+---+   +   +   +
  |   |   |   |   |                           |       |   |   |
  +---+---+---+   +---+---+---+   +   +   +---+   +---+   +   +
  |       |       |       |   |   |   |   |                   |
  +   +   +---+   +   +   +   +   +---+   +   +   +---+   +---+
  |       |           |   |                   |   |   |       |
  +---+   +---+   +   +   +   +   +---+---+   +---+   +---+   +
  |       |   |   |       |           |   |       |       |   |
  +---+   +   +---+   +---+---+---+   +   +   +   +---+   +   +
  |   |           |           |       |       |       |       |
  +   +   +   +   +   +---+   +   +   +---+   +   +   +---+---+
  |       |       |                       |       |           |
  +   +---+   +   +   +   +   +   +   +   +---+   +---+   +   +
  |   |       |       |   |   |                   |       |   |
  +   +---+   +---+---+---+   +   +---+---+   +---+---+---+   +
  |       |   |                   |       |       |           |
  +---+   +   +   +   +---+   +---+   +   +---+   +   +---+   +
  |   |           |       |       |           |       |   |   |
  +   +   +   +   +   +   +---+---+   +---+---+---+---+   +   +
  |               |   |           |   |           |           |
  +   +---+   +   +---+   +   +   +---+   +   +   +---+---+   +
  |   |           |       |       |   |                   |   |
  +   +   +---+---+   +---+---+   +   +---+   +   +---+   +   +
  |       |       |       |           |       |   |   |       |
  +   +   +---+   +   +   +   +---+   +   +---+   +   +---+   +
  |       |           |                   |                   |
  +---+---+---+---+---+---+---+---+---+---+---+---+---+---+- -+

  Game Number: 2
  Score: 0 / 6

->solve
  State: 22 -> Error! Maze is not solvable, you may abort with no penalty.
  Game Number: 2
  Score: 0 / 6

->solve
  State: 23 -> Error! Maze is not solvable, you may abort with no penalty.
  Game Number: 2
  Score: 0 / 6

->move(N)
  State: 24 -> Error! Not a valid move.
  Game Number: 2
  Score: 0 / 6

->new_game(hard)
  State: 25 -> Error! In game already.
  Game Number: 2
  Score: 0 / 6

->move(E)
  State: 26 -> Error! Not a valid move.
  Game Number: 2
  Score: 0 / 6

->abort
  State: 27 -> ok
->move(N)
  State: 28 -> Error! Not in a game.
->move(N)
  State: 29 -> Error! Not in a game.
->move(S)
  State: 30 -> Error! Not in a game.
->move(E)
  State: 31 -> Error! Not in a game.
->solve
  State: 32 -> Error! Not in a game.
->move(S)
  State: 33 -> Error! Not in a game.
->move(E)
  State: 34 -> Error! Not in a game.
->move(N)
  State: 35 -> Error! Not in a game.
->move(S)
  State: 36 -> Error! Not in a game.
->solve
  State: 37 -> Error! Not in a game.
->solve
  State: 38 -> Error! Not in a game.
->move(E)
  State: 39 -> Error! Not in a game.
->move(W)
  State: 40 -> Error! Not in a game.
->move(W)
  State: 41 -> Error! Not in a game.
->move(S)
  State: 42 -> Error! Not in a game.
->move(E)
  State: 43 -> Error! Not in a game.
->new_game(easy)
  State: 44 -> ok
  +-*-+---+---+---+---+---+---+
  | X |                       |
  +   +---+   +---+---+   +   +
  |                           |
  +---+   +   +---+   +---+   +
  |           |   |   |       |
  +   +   +---+   +   +---+---+
  |       |           |       |
  +   +   +---+---+   +---+   +
  |       |           |       |
  +---+---+---+   +   +   +   +
  |   |       |           |   |
  +   +   +   +---+---+   +   +
  |           |           |   |
  +---+---+---+---+---+---+- -+

  Game Number: 3
  Score: 0 / 4

->move(N)
  State: 45 -> Error! Not a valid move.
  Game Number: 3
  Score: 0 / 4

->solve
  State: 46 -> ok
  +-*-+---+---+---+---+---+---+
  | X |                       |
  +   +---+   +---+---+   +   +
  | o   o   o   o   o         |
  +---+   +   +---+   +---+   +
  |           |   | o |       |
  +   +   +---+   +   +---+---+
  |       |         o |       |
  +   +   +---+---+   +---+   +
  |       |         o | o   o |
  +---+---+---+   +   +   +   +
  |   |       |     o   o | o |
  +   +   +   +---+---+   +   +
  |           |           | o |
  +---+---+---+---+---+---+- -+

  Since you used the solution, no points are awarded.
  Game Number: 3
  Score: 0 / 4

->move(S)
  State: 47 -> ok
  +-*-+---+---+---+---+---+---+
  | * |                       |
  + * +---+   +---+---+   +   +
  | X   o   o   o   o         |
  +---+   +   +---+   +---+   +
  |           |   | o |       |
  +   +   +---+   +   +---+---+
  |       |         o |       |
  +   +   +---+---+   +---+   +
  |       |         o | o   o |
  +---+---+---+   +   +   +   +
  |   |       |     o   o | o |
  +   +   +   +---+---+   +   +
  |           |           | o |
  +---+---+---+---+---+---+- -+

  Since you used the solution, no points are awarded.
  Game Number: 3
  Score: 0 / 4

->move(S)
  State: 48 -> Error! Not a valid move.
  Since you used the solution, no points are awarded.
  Game Number: 3
  Score: 0 / 4

->abort
  State: 49 -> ok
->move(E)
  State: 50 -> Error! Not in a game.
->move(S)
  State: 51 -> Error! Not in a game.
->move(E)
  State: 52 -> Error! Not in a game.
->new_game(hard)
  State: 53 -> ok
  +-*-+---+---+---+---+---+---+---+---+---+---+---+---+---+---+
  | X     |                                               |   |
  +---+   +---+---+   +---+   +---+---+---+---+   +   +---+   +
  |               |   |   |       |   |           |           |
  +   +---+   +   +   +   +---+   +   +---+---+---+   +---+   +
  |                       |           |       |       |       |
  +---+---+   +   +---+---+---+   +   +   +   +   +   +---+   +
  |   |   |   |                       |       |       |       |
  +   +   +   +---+   +   +   +---+   +---+---+---+---+---+   +
  |               |   |           |           |   |           |
  +---+---+---+---+   +---+   +   +---+---+   +   +---+   +   +
  |       |           |       |           |           |   |   |
  +   +   +---+   +---+   +---+---+   +   +   +---+   +   +---+
  |   |       |       |       |   |   |   |       |       |   |
  +   +   +   +---+   +---+---+   +   +   +   +   +   +   +   +
  |       |       |   |       |       |       |       |       |
  +   +---+---+   +   +   +   +   +---+   +---+   +---+---+   +
  |   |   |       |       |                   |       |   |   |
  +   +   +---+   +   +   +   +   +   +---+   +   +---+   +   +
  |   |       |           |   |   |                   |   |   |
  +   +---+   +---+   +---+   +   +---+   +---+   +   +   +   +
  |   |   |                       |       |           |       |
  +---+   +   +   +   +---+---+   +---+   +---+---+   +---+   +
  |   |       |               |       |   |           |   |   |
  +   +---+   +---+---+   +   +---+   +   +   +---+   +   +   +
  |       |                           |           |   |       |
  +---+   +   +---+---+   +---+   +---+---+   +---+   +   +   +
  |               |           |           |   |       |   |   |
  +   +---+---+---+   +---+   +   +   +---+   +   +   +---+   +
  |       |                                       |           |
  +---+---+---+---+---+---+---+---+---+---+---+---+---+---+- -+

  Game Number: 4
  Score: 0 / 7

->new_game(medium)
  State: 54 -> Error! In game already.
  Game Number: 4
  Score: 0 / 7

->abort
  State: 55 -> ok
->new_game(easy)
  State: 56 -> ok
  +-*-+---+---+---+---+---+---+
  | X                         |
  +   +---+---+   +   +   +   +
  |   |       |   |   |       |
  +   +   +   +---+   +---+   +
  |   |                       |
  +   +---+   +---+   +   +   +
  |       |   |               |
  +---+   +---+---+   +   +   +
  |           |       |   |   |
  +   +   +---+---+---+   +   +
  |   |           |   |       |
  +   +   +   +   +   +---+   +
  |   |       |           |   |
  +---+---+---+---+---+---+- -+

  Game Number: 5
  Score: 0 / 8

->move(N)
  State: 57 -> Error! Not a valid move.
  Game Number: 5
  Score: 0 / 8

->move(N)
  State: 58 -> Error! Not a valid move.
  Game Number: 5
  Score: 0 / 8

->abort
  State: 59 -> ok
->move(W)
  State: 60 -> Error! Not in a game.
->move(S)
  State: 61 -> Error! Not in a game.
->move(N)
  State: 62 -> Error! Not in a game.
->new_game(medium)
  State: 63 -> ok
  +-*-+---+---+---+---+---+---+---+---+---+---+
  | X         |               |               |
  +---+---+   +   +---+---+   +---+---+   +   +
  |               |   |           |       |   |
  +   +---+   +---+   +---+---+   +---+   +   +
  |   |   |               |   |   |       |   |
  +---+   +   +   +   +---+   +   +   +   +   +
  |   |       |   |   |                       |
  +   +   +---+---+   +   +   +---+   +   +   +
  |               |           |       |   |   |
  +   +   +---+---+---+---+---+   +   +   +   +
  |       |       |       |           |   |   |
  +---+   +   +   +   +---+---+---+   +---+   +
  |       |           |       |   |   |       |
  +---+   +   +---+---+---+   +   +   +   +   +
  |           |           |   |           |   |
  +   +---+---+   +   +   +   +---+---+   +   +
  |           |           |       |           |
  +   +---+---+   +   +---+---+   +   +   +   +
  |           |   |   |   |               |   |
  +   +---+   +   +   +   +   +---+   +   +   +
  |               |       |       |           |
  +---+---+---+---+---+---+---+---+---+---+- -+

  Game Number: 6
  Score: 0 / 10

->solve
  State: 64 -> ok
  +-*-+---+---+---+---+---+---+---+---+---+---+
  | X   o   o | o   o   o   o |               |
  +---+---+   +   +---+---+   +---+---+   +   +
  |         o   o |   |     o   o |       |   |
  +   +---+   +---+   +---+---+   +---+   +   +
  |   |   |               |   | o |       |   |
  +---+   +   +   +   +---+   +   +   +   +   +
  |   |       |   |   |         o   o   o   o |
  +   +   +---+---+   +   +   +---+   +   +   +
  |               |           |       |   | o |
  +   +   +---+---+---+---+---+   +   +   +   +
  |       |       |       |           |   | o |
  +---+   +   +   +   +---+---+---+   +---+   +
  |       |           |       |   |   |     o |
  +---+   +   +---+---+---+   +   +   +   +   +
  |           |           |   |           | o |
  +   +---+---+   +   +   +   +---+---+   +   +
  |           |           |       |         o |
  +   +---+---+   +   +---+---+   +   +   +   +
  |           |   |   |   |               | o |
  +   +---+   +   +   +   +   +---+   +   +   +
  |               |       |       |         o |
  +---+---+---+---+---+---+---+---+---+---+- -+

  Since you used the solution, no points are awarded.
  Game Number: 6
  Score: 0 / 10

->move(E)
  State: 65 -> ok
  +-*-+---+---+---+---+---+---+---+---+---+---+
  | * * X   o | o   o   o   o |               |
  +---+---+   +   +---+---+   +---+---+   +   +
  |         o   o |   |     o   o |       |   |
  +   +---+   +---+   +---+---+   +---+   +   +
  |   |   |               |   | o |       |   |
  +---+   +   +   +   +---+   +   +   +   +   +
  |   |       |   |   |         o   o   o   o |
  +   +   +---+---+   +   +   +---+   +   +   +
  |               |           |       |   | o |
  +   +   +---+---+---+---+---+   +   +   +   +
  |       |       |       |           |   | o |
  +---+   +   +   +   +---+---+---+   +---+   +
  |       |           |       |   |   |     o |
  +---+   +   +---+---+---+   +   +   +   +   +
  |           |           |   |           | o |
  +   +---+---+   +   +   +   +---+---+   +   +
  |           |           |       |         o |
  +   +---+---+   +   +---+---+   +   +   +   +
  |           |   |   |   |               | o |
  +   +---+   +   +   +   +   +---+   +   +   +
  |               |       |       |         o |
  +---+---+---+---+---+---+---+---+---+---+- -+

  Since you used the solution, no points are awarded.
  Game Number: 6
  Score: 0 / 10

->move(S)
  State: 66 -> Error! Not a valid move.
  Since you used the solution, no points are awarded.
  Game Number: 6
  Score: 0 / 10

->solve
  State: 67 -> ok
  +-*-+---+---+---+---+---+---+---+---+---+---+
  | * * X   o | o   o   o   o |               |
  +---+---+   +   +---+---+   +---+---+   +   +
  |         o   o |   |     o   o |       |   |
  +   +---+   +---+   +---+---+   +---+   +   +
  |   |   |               |   | o |       |   |
  +---+   +   +   +   +---+   +   +   +   +   +
  |   |       |   |   |         o   o   o   o |
  +   +   +---+---+   +   +   +---+   +   +   +
  |               |           |       |   | o |
  +   +   +---+---+---+---+---+   +   +   +   +
  |       |       |       |           |   | o |
  +---+   +   +   +   +---+---+---+   +---+   +
  |       |           |       |   |   |     o |
  +---+   +   +---+---+---+   +   +   +   +   +
  |           |           |   |           | o |
  +   +---+---+   +   +   +   +---+---+   +   +
  |           |           |       |         o |
  +   +---+---+   +   +---+---+   +   +   +   +
  |           |   |   |   |               | o |
  +   +---+   +   +   +   +   +---+   +   +   +
  |               |       |       |         o |
  +---+---+---+---+---+---+---+---+---+---+- -+

  Since you used the solution, no points are awarded.
  Game Number: 6
  Score: 0 / 10

->abort
  State: 68 -> ok
->move(N)
  State: 69 -> Error! Not in a game.
->move(S)
  State: 70 -> Error! Not in a game.
->move(N)
  State: 71 -> Error! Not in a game.
->move(N)
  State: 72 -> Error! Not in a game.
->move(S)
  State: 73 -> Error! Not in a game.
->abort
  State: 74 -> Error! Not in a game.
->move(E)
  State: 75 -> Error! Not in a game.
->new_game(easy)
  State: 76 -> ok
  +-*-+---+---+---+---+---+---+
  | X         |   |           |
  +   +   +   +   +   +---+   +
  |       |   |       |       |
  +   +   +   +   +   +---+   +
  |   |       |       |       |
  +   +---+   +---+   +---+   +
  |   |       |       |   |   |
  +   +   +---+---+---+   +   +
  |                           |
  +---+   +   +   +   +---+   +
  |           |   |       |   |
  +   +---+   +---+   +   +   +
  |   |           |   |       |
  +---+---+---+---+---+---+- -+

  Game Number: 7
  Score: 0 / 11

->new_game(easy)
  State: 77 -> Error! In game already.
  Game Number: 7
  Score: 0 / 11

->new_game(easy)
  State: 78 -> Error! In game already.
  Game Number: 7
  Score: 0 / 11

->move(E)
  State: 79 -> ok
  +-*-+---+---+---+---+---+---+
  | * * X     |   |           |
  +   +   +   +   +   +---+   +
  |       |   |       |       |
  +   +   +   +   +   +---+   +
  |   |       |       |       |
  +   +---+   +---+   +---+   +
  |   |       |       |   |   |
  +   +   +---+---+---+   +   +
  |                           |
  +---+   +   +   +   +---+   +
  |           |   |       |   |
  +   +---+   +---+   +   +   +
  |   |           |   |       |
  +---+---+---+---+---+---+- -+

  Game Number: 7
  Score: 0 / 11

->move(W)
  State: 80 -> ok
  +-*-+---+---+---+---+---+---+
  | X * *     |   |           |
  +   +   +   +   +   +---+   +
  |       |   |       |       |
  +   +   +   +   +   +---+   +
  |   |       |       |       |
  +   +---+   +---+   +---+   +
  |   |       |       |   |   |
  +   +   +---+---+---+   +   +
  |                           |
  +---+   +   +   +   +---+   +
  |           |   |       |   |
  +   +---+   +---+   +   +   +
  |   |           |   |       |
  +---+---+---+---+---+---+- -+

  Game Number: 7
  Score: 0 / 11

->solve
  State: 81 -> ok
  +-*-+---+---+---+---+---+---+
  | X * *     |   |           |
  +   +   +   +   +   +---+   +
  | o     |   |       |       |
  +   +   +   +   +   +---+   +
  | o |       |       |       |
  +   +---+   +---+   +---+   +
  | o |       |       |   |   |
  +   +   +---+---+---+   +   +
  | o   o   o   o   o   o   o |
  +---+   +   +   +   +---+   +
  |           |   |       | o |
  +   +---+   +---+   +   +   +
  |   |           |   |     o |
  +---+---+---+---+---+---+- -+

  Since you used the solution, no points are awarded.
  Game Number: 7
  Score: 0 / 11

->solve
  State: 82 -> ok
  +-*-+---+---+---+---+---+---+
  | X * *     |   |           |
  +   +   +   +   +   +---+   +
  | o     |   |       |       |
  +   +   +   +   +   +---+   +
  | o |       |       |       |
  +   +---+   +---+   +---+   +
  | o |       |       |   |   |
  +   +   +---+---+---+   +   +
  | o   o   o   o   o   o   o |
  +---+   +   +   +   +---+   +
  |           |   |       | o |
  +   +---+   +---+   +   +   +
  |   |           |   |     o |
  +---+---+---+---+---+---+- -+

  Since you used the solution, no points are awarded.
  Game Number: 7
  Score: 0 / 11

->solve
  State: 83 -> ok
  +-*-+---+---+---+---+---+---+
  | X * *     |   |           |
  +   +   +   +   +   +---+   +
  | o     |   |       |       |
  +   +   +   +   +   +---+   +
  | o |       |       |       |
  +   +---+   +---+   +---+   +
  | o |       |       |   |   |
  +   +   +---+---+---+   +   +
  | o   o   o   o   o   o   o |
  +---+   +   +   +   +---+   +
  |           |   |       | o |
  +   +---+   +---+   +   +   +
  |   |           |   |     o |
  +---+---+---+---+---+---+- -+

  Since you used the solution, no points are awarded.
  Game Number: 7
  Score: 0 / 11

->solve
  State: 84 -> ok
  +-*-+---+---+---+---+---+---+
  | X * *     |   |           |
  +   +   +   +   +   +---+   +
  | o     |   |       |       |
  +   +   +   +   +   +---+   +
  | o |       |       |       |
  +   +---+   +---+   +---+   +
  | o |       |       |   |   |
  +   +   +---+---+---+   +   +
  | o   o   o   o   o   o   o |
  +---+   +   +   +   +---+   +
  |           |   |       | o |
  +   +---+   +---+   +   +   +
  |   |           |   |     o |
  +---+---+---+---+---+---+- -+

  Since you used the solution, no points are awarded.
  Game Number: 7
  Score: 0 / 11

->move(W)
  State: 85 -> Error! Not a valid move.
  Since you used the solution, no points are awarded.
  Game Number: 7
  Score: 0 / 11

->abort
  State: 86 -> ok
->solve
  State: 87 -> Error! Not in a game.
->new_game(medium)
  State: 88 -> ok
  +-*-+---+---+---+---+---+---+---+---+---+---+
  | X             |                           |
  +---+---+---+   +   +---+---+---+---+---+   +
  |       |           |                   |   |
  +   +---+   +---+---+   +   +   +   +---+   +
  |           |       |                       |
  +   +   +   +---+   +   +---+---+   +   +---+
  |   |   |       |                   |       |
  +---+---+---+   +---+   +---+---+   +---+---+
  |   |           |   |       |               |
  +   +   +   +---+   +   +   +   +---+   +   +
  |       |                       |           |
  +   +   +---+   +---+   +---+   +   +---+   +
  |   |   |       |           |       |   |   |
  +   +---+---+   +---+---+   +   +   +   +   +
  |           |   |           |   |           |
  +   +   +---+---+   +   +---+---+---+---+   +
  |   |   |                   |           |   |
  +---+---+---+   +---+   +   +---+   +   +   +
  |                   |   |           |       |
  +---+   +   +---+---+---+---+   +   +   +   +
  |                       |           |   |   |
  +---+---+---+---+---+---+---+---+---+---+- -+

  Game Number: 8
  Score: 0 / 13

->new_game(medium)
  State: 89 -> Error! In game already.
  Game Number: 8
  Score: 0 / 13

->move(E)
  State: 90 -> ok
  +-*-+---+---+---+---+---+---+---+---+---+---+
  | * * X         |                           |
  +---+---+---+   +   +---+---+---+---+---+   +
  |       |           |                   |   |
  +   +---+   +---+---+   +   +   +   +---+   +
  |           |       |                       |
  +   +   +   +---+   +   +---+---+   +   +---+
  |   |   |       |                   |       |
  +---+---+---+   +---+   +---+---+   +---+---+
  |   |           |   |       |               |
  +   +   +   +---+   +   +   +   +---+   +   +
  |       |                       |           |
  +   +   +---+   +---+   +---+   +   +---+   +
  |   |   |       |           |       |   |   |
  +   +---+---+   +---+---+   +   +   +   +   +
  |           |   |           |   |           |
  +   +   +---+---+   +   +---+---+---+---+   +
  |   |   |                   |           |   |
  +---+---+---+   +---+   +   +---+   +   +   +
  |                   |   |           |       |
  +---+   +   +---+---+---+---+   +   +   +   +
  |                       |           |   |   |
  +---+---+---+---+---+---+---+---+---+---+- -+

  Game Number: 8
  Score: 0 / 13

->new_game(medium)
  State: 91 -> Error! In game already.
  Game Number: 8
  Score: 0 / 13

->move(W)
  State: 92 -> ok
  +-*-+---+---+---+---+---+---+---+---+---+---+
  | X * *         |                           |
  +---+---+---+   +   +---+---+---+---+---+   +
  |       |           |                   |   |
  +   +---+   +---+---+   +   +   +   +---+   +
  |           |       |                       |
  +   +   +   +---+   +   +---+---+   +   +---+
  |   |   |       |                   |       |
  +---+---+---+   +---+   +---+---+   +---+---+
  |   |           |   |       |               |
  +   +   +   +---+   +   +   +   +---+   +   +
  |       |                       |           |
  +   +   +---+   +---+   +---+   +   +---+   +
  |   |   |       |           |       |   |   |
  +   +---+---+   +---+---+   +   +   +   +   +
  |           |   |           |   |           |
  +   +   +---+---+   +   +---+---+---+---+   +
  |   |   |                   |           |   |
  +---+---+---+   +---+   +   +---+   +   +   +
  |                   |   |           |       |
  +---+   +   +---+---+---+---+   +   +   +   +
  |                       |           |   |   |
  +---+---+---+---+---+---+---+---+---+---+- -+

  Game Number: 8
  Score: 0 / 13

->solve
  State: 93 -> ok
  +-*-+---+---+---+---+---+---+---+---+---+---+
  | X * *   o   o |                           |
  +---+---+---+   +   +---+---+---+---+---+   +
  |       | o   o     |                   |   |
  +   +---+   +---+---+   +   +   +   +---+   +
  |         o |       |                       |
  +   +   +   +---+   +   +---+---+   +   +---+
  |   |   | o   o |                   |       |
  +---+---+---+   +---+   +---+---+   +---+---+
  |   |     o   o |   |       |               |
  +   +   +   +---+   +   +   +   +---+   +   +
  |       | o   o   o   o   o   o |           |
  +   +   +---+   +---+   +---+   +   +---+   +
  |   |   |       |           | o   o |   |   |
  +   +---+---+   +---+---+   +   +   +   +   +
  |           |   |           |   | o   o   o |
  +   +   +---+---+   +   +---+---+---+---+   +
  |   |   |                   |           | o |
  +---+---+---+   +---+   +   +---+   +   +   +
  |                   |   |           |     o |
  +---+   +   +---+---+---+---+   +   +   +   +
  |                       |           |   | o |
  +---+---+---+---+---+---+---+---+---+---+- -+

  Since you used the solution, no points are awarded.
  Game Number: 8
  Score: 0 / 13

->move(E)
  State: 94 -> ok
  +-*-+---+---+---+---+---+---+---+---+---+---+
  | * * X   o   o |                           |
  +---+---+---+   +   +---+---+---+---+---+   +
  |       | o   o     |                   |   |
  +   +---+   +---+---+   +   +   +   +---+   +
  |         o |       |                       |
  +   +   +   +---+   +   +---+---+   +   +---+
  |   |   | o   o |                   |       |
  +---+---+---+   +---+   +---+---+   +---+---+
  |   |     o   o |   |       |               |
  +   +   +   +---+   +   +   +   +---+   +   +
  |       | o   o   o   o   o   o |           |
  +   +   +---+   +---+   +---+   +   +---+   +
  |   |   |       |           | o   o |   |   |
  +   +---+---+   +---+---+   +   +   +   +   +
  |           |   |           |   | o   o   o |
  +   +   +---+---+   +   +---+---+---+---+   +
  |   |   |                   |           | o |
  +---+---+---+   +---+   +   +---+   +   +   +
  |                   |   |           |     o |
  +---+   +   +---+---+---+---+   +   +   +   +
  |                       |           |   | o |
  +---+---+---+---+---+---+---+---+---+---+- -+

  Since you used the solution, no points are awarded.
  Game Number: 8
  Score: 0 / 13

->move(S)
  State: 95 -> Error! Not a valid move.
  Since you used the solution, no points are awarded.
  Game Number: 8
  Score: 0 / 13

->new_game(easy)
  State: 96 -> Error! In game already.
  Since you used the solution, no points are awarded.
  Game Number: 8
  Score: 0 / 13

->solve
  State: 97 -> ok
  +-*-+---+---+---+---+---+---+---+---+---+---+
  | * * X   o   o |                           |
  +---+---+---+   +   +---+---+---+---+---+   +
  |       | o   o     |                   |   |
  +   +---+   +---+---+   +   +   +   +---+   +
  |         o |       |                       |
  +   +   +   +---+   +   +---+---+   +   +---+
  |   |   | o   o |                   |       |
  +---+---+---+   +---+   +---+---+   +---+---+
  |   |     o   o |   |       |               |
  +   +   +   +---+   +   +   +   +---+   +   +
  |       | o   o   o   o   o   o |           |
  +   +   +---+   +---+   +---+   +   +---+   +
  |   |   |       |           | o   o |   |   |
  +   +---+---+   +---+---+   +   +   +   +   +
  |           |   |           |   | o   o   o |
  +   +   +---+---+   +   +---+---+---+---+   +
  |   |   |                   |           | o |
  +---+---+---+   +---+   +   +---+   +   +   +
  |                   |   |           |     o |
  +---+   +   +---+---+---+---+   +   +   +   +
  |                       |           |   | o |
  +---+---+---+---+---+---+---+---+---+---+- -+

  Since you used the solution, no points are awarded.
  Game Number: 8
  Score: 0 / 13

->move(E)
  State: 98 -> ok
  +-*-+---+---+---+---+---+---+---+---+---+---+
  | * * * * X   o |                           |
  +---+---+---+   +   +---+---+---+---+---+   +
  |       | o   o     |                   |   |
  +   +---+   +---+---+   +   +   +   +---+   +
  |         o |       |                       |
  +   +   +   +---+   +   +---+---+   +   +---+
  |   |   | o   o |                   |       |
  +---+---+---+   +---+   +---+---+   +---+---+
  |   |     o   o |   |       |               |
  +   +   +   +---+   +   +   +   +---+   +   +
  |       | o   o   o   o   o   o |           |
  +   +   +---+   +---+   +---+   +   +---+   +
  |   |   |       |           | o   o |   |   |
  +   +---+---+   +---+---+   +   +   +   +   +
  |           |   |           |   | o   o   o |
  +   +   +---+---+   +   +---+---+---+---+   +
  |   |   |                   |           | o |
  +---+---+---+   +---+   +   +---+   +   +   +
  |                   |   |           |     o |
  +---+   +   +---+---+---+---+   +   +   +   +
  |                       |           |   | o |
  +---+---+---+---+---+---+---+---+---+---+- -+

  Since you used the solution, no points are awarded.
  Game Number: 8
  Score: 0 / 13

->new_game(easy)
  State: 99 -> Error! In game already.
  Since you used the solution, no points are awarded.
  Game Number: 8
  Score: 0 / 13

->move(S)
  State: 100 -> Error! Not a valid move.
  Since you used the solution, no points are awarded.
  Game Number: 8
  Score: 0 / 13

