  State: 0 -> ok
->move(S)
  State: 1 -> Error! Not in a game.
->abort
  State: 2 -> Error! Not in a game.
->move(S)
  State: 3 -> Error! Not in a game.
->solve
  State: 4 -> Error! Not in a game.
->new_game(hard)
  State: 5 -> ok
  +-*-+---+---+---+---+---+---+---+---+---+---+---+---+---+---+
  | X                     |               |       |           |
  +---+   +---+---+---+   +---+---+   +   +---+   +---+---+   +
  |                   |       |       |           |   |       |
  +---+   +   +---+   +   +   +   +   +---+   +   +   +---+   +
  |   |   |           |   |           |       |           |   |
  +   +---+   +---+   +   +---+   +---+   +---+   +---+   +---+
  |               |       |       |   |   |   |   |   |   |   |
  +   +   +   +   +   +   +   +   +   +---+   +---+   +   +   +
  |       |   |   |   |       |       |   |                   |
  +   +---+---+---+---+---+---+   +---+   +   +   +   +   +   +
  |                       |           |       |   |       |   |
  +---+---+   +   +---+   +---+---+   +---+   +   +   +   +---+
  |               |               |           |       |       |
  +---+   +   +---+---+   +---+---+---+---+   +---+---+   +---+
  |       |   |   |   |               |                   |   |
  +---+---+   +   +   +   +   +---+   +---+   +   +   +---+   +
  |       |                                   |   |   |   |   |
  +   +---+---+   +---+---+---+---+   +   +   +   +   +   +   +
  |       |   |   |       |   |       |       |               |
  +---+   +   +   +---+   +   +   +---+   +   +   +---+   +---+
  |                       |       |                           |
  +---+---+   +---+   +   +---+---+   +   +   +---+   +   +   +
  |   |   |   |               |   |   |       |       |   |   |
  +   +   +---+---+---+---+   +   +---+   +   +   +   +---+   +
  |           |   |   |                           |   |       |
  +---+   +   +   +   +   +   +---+   +---+   +   +   +---+   +
  |       |           |       |           |   |       |       |
  +   +---+   +   +   +   +---+---+---+   +---+   +   +   +   +
  |           |                   |           |   |   |       |
  +---+---+---+---+---+---+---+---+---+---+---+---+---+---+- -+

  Game Number: 1
  Score: 0 / 3

->solve
  State: 6 -> ok
  +-*-+---+---+---+---+---+---+---+---+---+---+---+---+---+---+
  | X   o   o   o   o   o |               |       |           |
  +---+   +---+---+---+   +---+---+   +   +---+   +---+---+   +
  |                   | o   o |       |           |   |       |
  +---+   +   +---+   +   +   +   +   +---+   +   +   +---+   +
  |   |   |           |   | o   o     |       |           |   |
  +   +---+   +---+   +   +---+   +---+   +---+   +---+   +---+
  |               |       |     o |   |   |   |   |   |   |   |
  +   +   +   +   +   +   +   +   +   +---+   +---+   +   +   +
  |       |   |   |   |       | o     |   |                   |
  +   +---+---+---+---+---+---+   +---+   +   +   +   +   +   +
  |                       |     o   o |       |   |       |   |
  +---+---+   +   +---+   +---+---+   +---+   +   +   +   +---+
  |               |               | o   o   o |       |       |
  +---+   +   +---+---+   +---+---+---+---+   +---+---+   +---+
  |       |   |   |   |               |     o   o   o     |   |
  +---+---+   +   +   +   +   +---+   +---+   +   +   +---+   +
  |       |                                   |   | o |   |   |
  +   +---+---+   +---+---+---+---+   +   +   +   +   +   +   +
  |       |   |   |       |   |       |       |     o   o     |
  +---+   +   +   +---+   +   +   +---+   +   +   +---+   +---+
  |                       |       |                     o   o |
  +---+---+   +---+   +   +---+---+   +   +   +---+   +   +   +
  |   |   |   |               |   |   |       |       |   | o |
  +   +   +---+---+---+---+   +   +---+   +   +   +   +---+   +
  |           |   |   |                           |   |     o |
  +---+   +   +   +   +   +   +---+   +---+   +   +   +---+   +
  |       |           |       |           |   |       |     o |
  +   +---+   +   +   +   +---+---+---+   +---+   +   +   +   +
  |           |                   |           |   |   |     o |
  +---+---+---+---+---+---+---+---+---+---+---+---+---+---+- -+

  Since you used the solution, no points are awarded.
  Game Number: 1
  Score: 0 / 3

->move(S)
  State: 7 -> Error! Not a valid move.
  Since you used the solution, no points are awarded.
  Game Number: 1
  Score: 0 / 3

->abort
  State: 8 -> ok
->move(N)
  State: 9 -> Error! Not in a game.
->move(E)
  State: 10 -> Error! Not in a game.
->move(N)
  State: 11 -> Error! Not in a game.
->new_game(medium)
  State: 12 -> ok
  +-*-+---+---+---+---+---+---+---+---+---+---+
  | X         |   |                           |
  +   +   +   +   +   +---+   +   +---+---+---+
  |   |   |                               |   |
  +   +---+---+   +---+---+---+---+   +   +   +
  |   |   |       |       |   |   |   |   |   |
  +---+   +   +---+---+   +   +   +---+---+   +
  |   |                                   |   |
  +   +---+   +---+---+---+   +---+   +   +   +
  |           |       |       |   |       |   |
  +   +   +---+---+   +---+   +   +---+   +   +
  |           |           |                   |
  +   +   +---+   +---+   +---+   +---+---+   +
  |           |       |   |   |   |           |
  +---+   +   +---+   +   +   +---+---+---+   +
  |       |       |           |   |       |   |
  +   +   +   +---+   +   +---+   +---+   +   +
  |   |   |   |       |   |   |       |       |
  +   +   +   +   +   +   +   +   +   +   +   +
  |               |               |       |   |
  +---+   +   +   +---+   +   +---+---+   +   +
  |                   |       |               |
  +---+---+---+---+---+---+---+---+---+---+- -+

  Game Number: 2
  Score: 0 / 5

->new_game(hard)
  State: 13 -> Error! In game already.
  Game Number: 2
  Score: 0 / 5

->new_game(hard)
  State: 14 -> Error! In game already.
  Game Number: 2
  Score: 0 / 5

->new_game(medium)
  State: 15 -> Error! In game already.
  Game Number: 2
  Score: 0 / 5

->new_game(medium)
  State: 16 -> Error! In game already.
  Game Number: 2
  Score: 0 / 5

->move(E)
  State: 17 -> ok
  +-*-+---+---+---+---+---+---+---+---+---+---+
  | * * X     |   |                           |
  +   +   +   +   +   +---+   +   +---+---+---+
  |   |   |                               |   |
  +   +---+---+   +---+---+---+---+   +   +   +
  |   |   |       |       |   |   |   |   |   |
  +---+   +   +---+---+   +   +   +---+---+   +
  |   |                                   |   |
  +   +---+   +---+---+---+   +---+   +   +   +
  |           |       |       |   |       |   |
  +   +   +---+---+   +---+   +   +---+   +   +
  |           |           |                   |
  +   +   +---+   +---+   +---+   +---+---+   +
  |           |       |   |   |   |           |
  +---+   +   +---+   +   +   +---+---+---+   +
  |       |       |           |   |       |   |
  +   +   +   +---+   +   +---+   +---+   +   +
  |   |   |   |       |   |   |       |       |
  +   +   +   +   +   +   +   +   +   +   +   +
  |               |               |       |   |
  +---+   +   +   +---+   +   +---+---+   +   +
  |                   |       |               |
  +---+---+---+---+---+---+---+---+---+---+- -+

  Game Number: 2
  Score: 0 / 5

->new_game(easy)
  State: 18 -> Error! In game already.
  Game Number: 2
  Score: 0 / 5

->abort
  State: 19 -> ok
->abort
  State: 20 -> Error! Not in a game.
->move(W)
  State: 21 -> Error! Not in a game.
->new_game(easy)
  State: 22 -> ok
  +-*-+---+---+---+---+---+---+
  | X         |       |       |
  +   +---+   +   +   +---+   +
  |               |   |       |
  +   +---+   +---+   +---+   +
  |   |                   |   |
  +---+   +---+---+   +---+   +
  |   |       |   |   |       |
  +   +   +   +   +   +   +   +
  |           |               |
  +   +---+   +---+   +   +   +
  |   |       |   |   |       |
  +---+   +---+   +   +   +---+
  |                           |
  +---+---+---+---+---+---+- -+

  Game Number: 3
  Score: 0 / 6

->new_game(easy)
  State: 23 -> Error! In game already.
  Game Number: 3
  Score: 0 / 6

->move(S)
  State: 24 -> ok
  +-*-+---+---+---+---+---+---+
  | *         |       |       |
  + * +---+   +   +   +---+   +
  | X             |   |       |
  +   +---+   +---+   +---+   +
  |   |                   |   |
  +---+   +---+---+   +---+   +
  |   |       |   |   |       |
  +   +   +   +   +   +   +   +
  |           |               |
  +   +---+   +---+   +   +   +
  |   |       |   |   |       |
  +---+   +---+   +   +   +---+
  |                           |
  +---+---+---+---+---+---+- -+

  Game Number: 3
  Score: 0 / 6

->move(W)
  State: 25 -> Error! Not a valid move.
  Game Number: 3
  Score: 0 / 6

->new_game(easy)
  State: 26 -> Error! In game already.
  Game Number: 3
  Score: 0 / 6

->move(E)
  State: 27 -> ok
  +-*-+---+---+---+---+---+---+
  | *         |       |       |
  + * +---+   +   +   +---+   +
  | * * X         |   |       |
  +   +---+   +---+   +---+   +
  |   |                   |   |
  +---+   +---+---+   +---+   +
  |   |       |   |   |       |
  +   +   +   +   +   +   +   +
  |           |               |
  +   +---+   +---+   +   +   +
  |   |       |   |   |       |
  +---+   +---+   +   +   +---+
  |                           |
  +---+---+---+---+---+---+- -+

  Game Number: 3
  Score: 0 / 6

->move(W)
  State: 28 -> ok
  +-*-+---+---+---+---+---+---+
  | *         |       |       |
  + * +---+   +   +   +---+   +
  | X * *         |   |       |
  +   +---+   +---+   +---+   +
  |   |                   |   |
  +---+   +---+---+   +---+   +
  |   |       |   |   |       |
  +   +   +   +   +   +   +   +
  |           |               |
  +   +---+   +---+   +   +   +
  |   |       |   |   |       |
  +---+   +---+   +   +   +---+
  |                           |
  +---+---+---+---+---+---+- -+

  Game Number: 3
  Score: 0 / 6

->solve
  State: 29 -> ok
  +-*-+---+---+---+---+---+---+
  | *         |       |       |
  + * +---+   +   +   +---+   +
  | X * *   o     |   |       |
  +   +---+   +---+   +---+   +
  |   |     o   o   o     |   |
  +---+   +---+---+   +---+   +
  |   |       |   | o |       |
  +   +   +   +   +   +   +   +
  |           |     o   o     |
  +   +---+   +---+   +   +   +
  |   |       |   |   | o     |
  +---+   +---+   +   +   +---+
  |                     o   o |
  +---+---+---+---+---+---+- -+

  Since you used the solution, no points are awarded.
  Game Number: 3
  Score: 0 / 6

->move(W)
  State: 30 -> Error! Not a valid move.
  Since you used the solution, no points are awarded.
  Game Number: 3
  Score: 0 / 6

->new_game(medium)
  State: 31 -> Error! In game already.
  Since you used the solution, no points are awarded.
  Game Number: 3
  Score: 0 / 6

->move(S)
  State: 32 -> ok
  +-*-+---+---+---+---+---+---+
  | *         |       |       |
  + * +---+   +   +   +---+   +
  | * * *   o     |   |       |
  + * +---+   +---+   +---+   +
  | X |     o   o   o     |   |
  +---+   +---+---+   +---+   +
  |   |       |   | o |       |
  +   +   +   +   +   +   +   +
  |           |     o   o     |
  +   +---+   +---+   +   +   +
  |   |       |   |   | o     |
  +---+   +---+   +   +   +---+
  |                     o   o |
  +---+---+---+---+---+---+- -+

  Since you used the solution, no points are awarded.
  Game Number: 3
  Score: 0 / 6

->move(N)
  State: 33 -> ok
  +-*-+---+---+---+---+---+---+
  | *         |       |       |
  + * +---+   +   +   +---+   +
  | X * *   o     |   |       |
  + * +---+   +---+   +---+   +
  | * |     o   o   o     |   |
  +---+   +---+---+   +---+   +
  |   |       |   | o |       |
  +   +   +   +   +   +   +   +
  |           |     o   o     |
  +   +---+   +---+   +   +   +
  |   |       |   |   | o     |
  +---+   +---+   +   +   +---+
  |                     o   o |
  +---+---+---+---+---+---+- -+

  Since you used the solution, no points are awarded.
  Game Number: 3
  Score: 0 / 6

->move(N)
  State: 34 -> ok
  +-*-+---+---+---+---+---+---+
  | X         |       |       |
  + * +---+   +   +   +---+   +
  | * * *   o     |   |       |
  + * +---+   +---+   +---+   +
  | * |     o   o   o     |   |
  +---+   +---+---+   +---+   +
  |   |       |   | o |       |
  +   +   +   +   +   +   +   +
  |           |     o   o     |
  +   +---+   +---+   +   +   +
  |   |       |   |   | o     |
  +---+   +---+   +   +   +---+
  |                     o   o |
  +---+---+---+---+---+---+- -+

  Since you used the solution, no points are awarded.
  Game Number: 3
  Score: 0 / 6

->move(E)
  State: 35 -> ok
  +-*-+---+---+---+---+---+---+
  | * * X     |       |       |
  + * +---+   +   +   +---+   +
  | * * *   o     |   |       |
  + * +---+   +---+   +---+   +
  | * |     o   o   o     |   |
  +---+   +---+---+   +---+   +
  |   |       |   | o |       |
  +   +   +   +   +   +   +   +
  |           |     o   o     |
  +   +---+   +---+   +   +   +
  |   |       |   |   | o     |
  +---+   +---+   +   +   +---+
  |                     o   o |
  +---+---+---+---+---+---+- -+

  Since you used the solution, no points are awarded.
  Game Number: 3
  Score: 0 / 6

->move(E)
  State: 36 -> ok
  +-*-+---+---+---+---+---+---+
  | * * * * X |       |       |
  + * +---+   +   +   +---+   +
  | * * *   o     |   |       |
  + * +---+   +---+   +---+   +
  | * |     o   o   o     |   |
  +---+   +---+---+   +---+   +
  |   |       |   | o |       |
  +   +   +   +   +   +   +   +
  |           |     o   o     |
  +   +---+   +---+   +   +   +
  |   |       |   |   | o     |
  +---+   +---+   +   +   +---+
  |                     o   o |
  +---+---+---+---+---+---+- -+

  Since you used the solution, no points are awarded.
  Game Number: 3
  Score: 0 / 6

->move(E)
  State: 37 -> Error! Not a valid move.
  Since you used the solution, no points are awarded.
  Game Number: 3
  Score: 0 / 6

->move(S)
  State: 38 -> ok
  +-*-+---+---+---+---+---+---+
  | * * * * * |       |       |
  + * +---+ * +   +   +---+   +
  | * * *   X     |   |       |
  + * +---+   +---+   +---+   +
  | * |     o   o   o     |   |
  +---+   +---+---+   +---+   +
  |   |       |   | o |       |
  +   +   +   +   +   +   +   +
  |           |     o   o     |
  +   +---+   +---+   +   +   +
  |   |       |   |   | o     |
  +---+   +---+   +   +   +---+
  |                     o   o |
  +---+---+---+---+---+---+- -+

  Since you used the solution, no points are awarded.
  Game Number: 3
  Score: 0 / 6

->new_game(hard)
  State: 39 -> Error! In game already.
  Since you used the solution, no points are awarded.
  Game Number: 3
  Score: 0 / 6

->move(N)
  State: 40 -> ok
  +-*-+---+---+---+---+---+---+
  | * * * * X |       |       |
  + * +---+ * +   +   +---+   +
  | * * *   *     |   |       |
  + * +---+   +---+   +---+   +
  | * |     o   o   o     |   |
  +---+   +---+---+   +---+   +
  |   |       |   | o |       |
  +   +   +   +   +   +   +   +
  |           |     o   o     |
  +   +---+   +---+   +   +   +
  |   |       |   |   | o     |
  +---+   +---+   +   +   +---+
  |                     o   o |
  +---+---+---+---+---+---+- -+

  Since you used the solution, no points are awarded.
  Game Number: 3
  Score: 0 / 6

->move(N)
  State: 41 -> Error! Not a valid move.
  Since you used the solution, no points are awarded.
  Game Number: 3
  Score: 0 / 6

->move(S)
  State: 42 -> ok
  +-*-+---+---+---+---+---+---+
  | * * * * * |       |       |
  + * +---+ * +   +   +---+   +
  | * * *   X     |   |       |
  + * +---+   +---+   +---+   +
  | * |     o   o   o     |   |
  +---+   +---+---+   +---+   +
  |   |       |   | o |       |
  +   +   +   +   +   +   +   +
  |           |     o   o     |
  +   +---+   +---+   +   +   +
  |   |       |   |   | o     |
  +---+   +---+   +   +   +---+
  |                     o   o |
  +---+---+---+---+---+---+- -+

  Since you used the solution, no points are awarded.
  Game Number: 3
  Score: 0 / 6

->move(W)
  State: 43 -> ok
  +-*-+---+---+---+---+---+---+
  | * * * * * |       |       |
  + * +---+ * +   +   +---+   +
  | * * X * *     |   |       |
  + * +---+   +---+   +---+   +
  | * |     o   o   o     |   |
  +---+   +---+---+   +---+   +
  |   |       |   | o |       |
  +   +   +   +   +   +   +   +
  |           |     o   o     |
  +   +---+   +---+   +   +   +
  |   |       |   |   | o     |
  +---+   +---+   +   +   +---+
  |                     o   o |
  +---+---+---+---+---+---+- -+

  Since you used the solution, no points are awarded.
  Game Number: 3
  Score: 0 / 6

->move(S)
  State: 44 -> Error! Not a valid move.
  Since you used the solution, no points are awarded.
  Game Number: 3
  Score: 0 / 6

->solve
  State: 45 -> ok
  +-*-+---+---+---+---+---+---+
  | * * * * * |       |       |
  + * +---+ * +   +   +---+   +
  | * * X * *     |   |       |
  + * +---+   +---+   +---+   +
  | * |     o   o   o     |   |
  +---+   +---+---+   +---+   +
  |   |       |   | o |       |
  +   +   +   +   +   +   +   +
  |           |     o   o     |
  +   +---+   +---+   +   +   +
  |   |       |   |   | o     |
  +---+   +---+   +   +   +---+
  |                     o   o |
  +---+---+---+---+---+---+- -+

  Since you used the solution, no points are awarded.
  Game Number: 3
  Score: 0 / 6

->move(W)
  State: 46 -> ok
  +-*-+---+---+---+---+---+---+
  | * * * * * |       |       |
  + * +---+ * +   +   +---+   +
  | X * * * *     |   |       |
  + * +---+   +---+   +---+   +
  | * |     o   o   o     |   |
  +---+   +---+---+   +---+   +
  |   |       |   | o |       |
  +   +   +   +   +   +   +   +
  |           |     o   o     |
  +   +---+   +---+   +   +   +
  |   |       |   |   | o     |
  +---+   +---+   +   +   +---+
  |                     o   o |
  +---+---+---+---+---+---+- -+

  Since you used the solution, no points are awarded.
  Game Number: 3
  Score: 0 / 6

->move(S)
  State: 47 -> ok
  +-*-+---+---+---+---+---+---+
  | * * * * * |       |       |
  + * +---+ * +   +   +---+   +
  | * * * * *     |   |       |
  + * +---+   +---+   +---+   +
  | X |     o   o   o     |   |
  +---+   +---+---+   +---+   +
  |   |       |   | o |       |
  +   +   +   +   +   +   +   +
  |           |     o   o     |
  +   +---+   +---+   +   +   +
  |   |       |   |   | o     |
  +---+   +---+   +   +   +---+
  |                     o   o |
  +---+---+---+---+---+---+- -+

  Since you used the solution, no points are awarded.
  Game Number: 3
  Score: 0 / 6

->move(E)
  State: 48 -> Error! Not a valid move.
  Since you used the solution, no points are awarded.
  Game Number: 3
  Score: 0 / 6

->move(E)
  State: 49 -> Error! Not a valid move.
  Since you used the solution, no points are awarded.
  Game Number: 3
  Score: 0 / 6

->move(N)
  State: 50 -> ok
  +-*-+---+---+---+---+---+---+
  | * * * * * |       |       |
  + * +---+ * +   +   +---+   +
  | X * * * *     |   |       |
  + * +---+   +---+   +---+   +
  | * |     o   o   o     |   |
  +---+   +---+---+   +---+   +
  |   |       |   | o |       |
  +   +   +   +   +   +   +   +
  |           |     o   o     |
  +   +---+   +---+   +   +   +
  |   |       |   |   | o     |
  +---+   +---+   +   +   +---+
  |                     o   o |
  +---+---+---+---+---+---+- -+

  Since you used the solution, no points are awarded.
  Game Number: 3
  Score: 0 / 6

->move(E)
  State: 51 -> ok
  +-*-+---+---+---+---+---+---+
  | * * * * * |       |       |
  + * +---+ * +   +   +---+   +
  | * * X * *     |   |       |
  + * +---+   +---+   +---+   +
  | * |     o   o   o     |   |
  +---+   +---+---+   +---+   +
  |   |       |   | o |       |
  +   +   +   +   +   +   +   +
  |           |     o   o     |
  +   +---+   +---+   +   +   +
  |   |       |   |   | o     |
  +---+   +---+   +   +   +---+
  |                     o   o |
  +---+---+---+---+---+---+- -+

  Since you used the solution, no points are awarded.
  Game Number: 3
  Score: 0 / 6

->new_game(medium)
  State: 52 -> Error! In game already.
  Since you used the solution, no points are awarded.
  Game Number: 3
  Score: 0 / 6

->move(N)
  State: 53 -> Error! Not a valid move.
  Since you used the solution, no points are awarded.
  Game Number: 3
  Score: 0 / 6

->move(E)
  State: 54 -> ok
  +-*-+---+---+---+---+---+---+
  | * * * * * |       |       |
  + * +---+ * +   +   +---+   +
  | * * * * X     |   |       |
  + * +---+   +---+   +---+   +
  | * |     o   o   o     |   |
  +---+   +---+---+   +---+   +
  |   |       |   | o |       |
  +   +   +   +   +   +   +   +
  |           |     o   o     |
  +   +---+   +---+   +   +   +
  |   |       |   |   | o     |
  +---+   +---+   +   +   +---+
  |                     o   o |
  +---+---+---+---+---+---+- -+

  Since you used the solution, no points are awarded.
  Game Number: 3
  Score: 0 / 6

->move(E)
  State: 55 -> ok
  +-*-+---+---+---+---+---+---+
  | * * * * * |       |       |
  + * +---+ * +   +   +---+   +
  | * * * * * * X |   |       |
  + * +---+   +---+   +---+   +
  | * |     o   o   o     |   |
  +---+   +---+---+   +---+   +
  |   |       |   | o |       |
  +   +   +   +   +   +   +   +
  |           |     o   o     |
  +   +---+   +---+   +   +   +
  |   |       |   |   | o     |
  +---+   +---+   +   +   +---+
  |                     o   o |
  +---+---+---+---+---+---+- -+

  Since you used the solution, no points are awarded.
  Game Number: 3
  Score: 0 / 6

->move(S)
  State: 56 -> Error! Not a valid move.
  Since you used the solution, no points are awarded.
  Game Number: 3
  Score: 0 / 6

->move(N)
  State: 57 -> ok
  +-*-+---+---+---+---+---+---+
  | * * * * * | X     |       |
  + * +---+ * + * +   +---+   +
  | * * * * * * * |   |       |
  + * +---+   +---+   +---+   +
  | * |     o   o   o     |   |
  +---+   +---+---+   +---+   +
  |   |       |   | o |       |
  +   +   +   +   +   +   +   +
  |           |     o   o     |
  +   +---+   +---+   +   +   +
  |   |       |   |   | o     |
  +---+   +---+   +   +   +---+
  |                     o   o |
  +---+---+---+---+---+---+- -+

  Since you used the solution, no points are awarded.
  Game Number: 3
  Score: 0 / 6

->move(S)
  State: 58 -> ok
  +-*-+---+---+---+---+---+---+
  | * * * * * | *     |       |
  + * +---+ * + * +   +---+   +
  | * * * * * * X |   |       |
  + * +---+   +---+   +---+   +
  | * |     o   o   o     |   |
  +---+   +---+---+   +---+   +
  |   |       |   | o |       |
  +   +   +   +   +   +   +   +
  |           |     o   o     |
  +   +---+   +---+   +   +   +
  |   |       |   |   | o     |
  +---+   +---+   +   +   +---+
  |                     o   o |
  +---+---+---+---+---+---+- -+

  Since you used the solution, no points are awarded.
  Game Number: 3
  Score: 0 / 6

->move(S)
  State: 59 -> Error! Not a valid move.
  Since you used the solution, no points are awarded.
  Game Number: 3
  Score: 0 / 6

->move(E)
  State: 60 -> Error! Not a valid move.
  Since you used the solution, no points are awarded.
  Game Number: 3
  Score: 0 / 6

->solve
  State: 61 -> ok
  +-*-+---+---+---+---+---+---+
  | * * * * * | *   o |       |
  + * +---+ * + * +   +---+   +
  | * * * * * * X | o |       |
  + * +---+   +---+   +---+   +
  | * |             o     |   |
  +---+   +---+---+   +---+   +
  |   |       |   | o |       |
  +   +   +   +   +   +   +   +
  |           |     o   o     |
  +   +---+   +---+   +   +   +
  |   |       |   |   | o     |
  +---+   +---+   +   +   +---+
  |                     o   o |
  +---+---+---+---+---+---+- -+

  Since you used the solution, no points are awarded.
  Game Number: 3
  Score: 0 / 6

->solve
  State: 62 -> ok
  +-*-+---+---+---+---+---+---+
  | * * * * * | *   o |       |
  + * +---+ * + * +   +---+   +
  | * * * * * * X | o |       |
  + * +---+   +---+   +---+   +
  | * |             o     |   |
  +---+   +---+---+   +---+   +
  |   |       |   | o |       |
  +   +   +   +   +   +   +   +
  |           |     o   o     |
  +   +---+   +---+   +   +   +
  |   |       |   |   | o     |
  +---+   +---+   +   +   +---+
  |                     o   o |
  +---+---+---+---+---+---+- -+

  Since you used the solution, no points are awarded.
  Game Number: 3
  Score: 0 / 6

->solve
  State: 63 -> ok
  +-*-+---+---+---+---+---+---+
  | * * * * * | *   o |       |
  + * +---+ * + * +   +---+   +
  | * * * * * * X | o |       |
  + * +---+   +---+   +---+   +
  | * |             o     |   |
  +---+   +---+---+   +---+   +
  |   |       |   | o |       |
  +   +   +   +   +   +   +   +
  |           |     o   o     |
  +   +---+   +---+   +   +   +
  |   |       |   |   | o     |
  +---+   +---+   +   +   +---+
  |                     o   o |
  +---+---+---+---+---+---+- -+

  Since you used the solution, no points are awarded.
  Game Number: 3
  Score: 0 / 6

->move(E)
  State: 64 -> Error! Not a valid move.
  Since you used the solution, no points are awarded.
  Game Number: 3
  Score: 0 / 6

->move(S)
  State: 65 -> Error! Not a valid move.
  Since you used the solution, no points are awarded.
  Game Number: 3
  Score: 0 / 6

->solve
  State: 66 -> ok
  +-*-+---+---+---+---+---+---+
  | * * * * * | *   o |       |
  + * +---+ * + * +   +---+   +
  | * * * * * * X | o |       |
  + * +---+   +---+   +---+   +
  | * |             o     |   |
  +---+   +---+---+   +---+   +
  |   |       |   | o |       |
  +   +   +   +   +   +   +   +
  |           |     o   o     |
  +   +---+   +---+   +   +   +
  |   |       |   |   | o     |
  +---+   +---+   +   +   +---+
  |                     o   o |
  +---+---+---+---+---+---+- -+

  Since you used the solution, no points are awarded.
  Game Number: 3
  Score: 0 / 6

->new_game(hard)
  State: 67 -> Error! In game already.
  Since you used the solution, no points are awarded.
  Game Number: 3
  Score: 0 / 6

->abort
  State: 68 -> ok
->move(E)
  State: 69 -> Error! Not in a game.
->move(W)
  State: 70 -> Error! Not in a game.
->solve
  State: 71 -> Error! Not in a game.
->new_game(easy)
  State: 72 -> ok
  +-*-+---+---+---+---+---+---+
  | X                 |   |   |
  +   +   +   +   +   +   +   +
  |   |   |       |       |   |
  +---+---+   +---+---+   +   +
  |       |   |               |
  +   +---+   +---+   +---+---+
  |       |           |       |
  +   +---+---+---+   +   +   +
  |                           |
  +---+   +---+   +   +---+   +
  |   |           |   |   |   |
  +   +---+   +   +   +   +---+
  |                           |
  +---+---+---+---+---+---+- -+

  Game Number: 4
  Score: 0 / 7

->solve
  State: 73 -> ok
  +-*-+---+---+---+---+---+---+
  | X   o   o         |   |   |
  +   +   +   +   +   +   +   +
  |   |   | o     |       |   |
  +---+---+   +---+---+   +   +
  |       | o |               |
  +   +---+   +---+   +---+---+
  |       | o   o   o |       |
  +   +---+---+---+   +   +   +
  |                 o         |
  +---+   +---+   +   +---+   +
  |   |           | o |   |   |
  +   +---+   +   +   +   +---+
  |                 o   o   o |
  +---+---+---+---+---+---+- -+

  Since you used the solution, no points are awarded.
  Game Number: 4
  Score: 0 / 7

->abort
  State: 74 -> ok
->new_game(medium)
  State: 75 -> ok
  +-*-+---+---+---+---+---+---+---+---+---+---+
  | X |                   |   |   |           |
  +   +   +---+---+   +   +   +   +---+---+   +
  |   |   |               |                   |
  +   +   +   +---+   +   +---+   +   +   +---+
  |       |   |               |   |       |   |
  +---+---+   +---+---+---+   +   +---+---+   +
  |   |           |                           |
  +   +---+---+---+   +---+   +---+   +   +   +
  |       |           |           |           |
  +---+   +   +   +   +---+   +   +---+---+---+
  |   |           |   |   |           |       |
  +   +---+   +   +   +   +---+   +   +   +   +
  |           |   |       |   |   |   |       |
  +---+---+---+   +---+---+   +---+   +   +   +
  |   |           |       |       |   |       |
  +   +   +   +   +   +   +---+   +   +---+---+
  |               |                   |       |
  +---+   +---+---+---+---+   +   +   +   +---+
  |   |       |   |                           |
  +   +   +---+   +---+---+---+   +   +   +   +
  |                       |       |           |
  +---+---+---+---+---+---+---+---+---+---+- -+

  Game Number: 5
  Score: 0 / 9

->move(W)
  State: 76 -> Error! Not a valid move.
  Game Number: 5
  Score: 0 / 9

->move(E)
  State: 77 -> Error! Not a valid move.
  Game Number: 5
  Score: 0 / 9

->new_game(hard)
  State: 78 -> Error! In game already.
  Game Number: 5
  Score: 0 / 9

->move(W)
  State: 79 -> Error! Not a valid move.
  Game Number: 5
  Score: 0 / 9

->move(W)
  State: 80 -> Error! Not a valid move.
  Game Number: 5
  Score: 0 / 9

->move(N)
  State: 81 -> Error! Not a valid move.
  Game Number: 5
  Score: 0 / 9

->move(N)
  State: 82 -> Error! Not a valid move.
  Game Number: 5
  Score: 0 / 9

->abort
  State: 83 -> ok
->new_game(medium)
  State: 84 -> ok
  +-*-+---+---+---+---+---+---+---+---+---+---+
  | X         |       |               |       |
  +---+   +   +   +   +   +   +   +   +   +   +
  |               |               |       |   |
  +   +---+   +   +---+   +   +---+   +---+   +
  |   |   |       |   |       |       |       |
  +   +   +---+   +   +   +   +---+   +   +   +
  |   |       |   |       |   |   |   |   |   |
  +---+---+   +---+   +---+   +   +   +---+   +
  |                   |       |               |
  +   +   +   +---+   +---+   +   +---+---+   +
  |           |       |   |       |           |
  +---+   +   +   +   +   +   +---+   +---+---+
  |   |   |           |   |       |   |       |
  +   +   +---+---+---+   +---+---+   +   +   +
  |                   |           |       |   |
  +---+---+   +   +---+---+   +   +---+---+   +
  |               |           |           |   |
  +   +---+   +---+   +---+   +---+---+---+   +
  |       |   |       |   |           |       |
  +   +   +---+   +---+   +   +---+   +   +   +
  |       |                       |       |   |
  +---+---+---+---+---+---+---+---+---+---+- -+

  Game Number: 6
  Score: 0 / 11

->new_game(medium)
  State: 85 -> Error! In game already.
  Game Number: 6
  Score: 0 / 11

->move(E)
  State: 86 -> ok
  +-*-+---+---+---+---+---+---+---+---+---+---+
  | * * X     |       |               |       |
  +---+   +   +   +   +   +   +   +   +   +   +
  |               |               |       |   |
  +   +---+   +   +---+   +   +---+   +---+   +
  |   |   |       |   |       |       |       |
  +   +   +---+   +   +   +   +---+   +   +   +
  |   |       |   |       |   |   |   |   |   |
  +---+---+   +---+   +---+   +   +   +---+   +
  |                   |       |               |
  +   +   +   +---+   +---+   +   +---+---+   +
  |           |       |   |       |           |
  +---+   +   +   +   +   +   +---+   +---+---+
  |   |   |           |   |       |   |       |
  +   +   +---+---+---+   +---+---+   +   +   +
  |                   |           |       |   |
  +---+---+   +   +---+---+   +   +---+---+   +
  |               |           |           |   |
  +   +---+   +---+   +---+   +---+---+---+   +
  |       |   |       |   |           |       |
  +   +   +---+   +---+   +   +---+   +   +   +
  |       |                       |       |   |
  +---+---+---+---+---+---+---+---+---+---+- -+

  Game Number: 6
  Score: 0 / 11

->move(E)
  State: 87 -> ok
  +-*-+---+---+---+---+---+---+---+---+---+---+
  | * * * * X |       |               |       |
  +---+   +   +   +   +   +   +   +   +   +   +
  |               |               |       |   |
  +   +---+   +   +---+   +   +---+   +---+   +
  |   |   |       |   |       |       |       |
  +   +   +---+   +   +   +   +---+   +   +   +
  |   |       |   |       |   |   |   |   |   |
  +---+---+   +---+   +---+   +   +   +---+   +
  |                   |       |               |
  +   +   +   +---+   +---+   +   +---+---+   +
  |           |       |   |       |           |
  +---+   +   +   +   +   +   +---+   +---+---+
  |   |   |           |   |       |   |       |
  +   +   +---+---+---+   +---+---+   +   +   +
  |                   |           |       |   |
  +---+---+   +   +---+---+   +   +---+---+   +
  |               |           |           |   |
  +   +---+   +---+   +---+   +---+---+---+   +
  |       |   |       |   |           |       |
  +   +   +---+   +---+   +   +---+   +   +   +
  |       |                       |       |   |
  +---+---+---+---+---+---+---+---+---+---+- -+

  Game Number: 6
  Score: 0 / 11

->new_game(easy)
  State: 88 -> Error! In game already.
  Game Number: 6
  Score: 0 / 11

->move(E)
  State: 89 -> Error! Not a valid move.
  Game Number: 6
  Score: 0 / 11

->move(W)
  State: 90 -> ok
  +-*-+---+---+---+---+---+---+---+---+---+---+
  | * * X * * |       |               |       |
  +---+   +   +   +   +   +   +   +   +   +   +
  |               |               |       |   |
  +   +---+   +   +---+   +   +---+   +---+   +
  |   |   |       |   |       |       |       |
  +   +   +---+   +   +   +   +---+   +   +   +
  |   |       |   |       |   |   |   |   |   |
  +---+---+   +---+   +---+   +   +   +---+   +
  |                   |       |               |
  +   +   +   +---+   +---+   +   +---+---+   +
  |           |       |   |       |           |
  +---+   +   +   +   +   +   +---+   +---+---+
  |   |   |           |   |       |   |       |
  +   +   +---+---+---+   +---+---+   +   +   +
  |                   |           |       |   |
  +---+---+   +   +---+---+   +   +---+---+   +
  |               |           |           |   |
  +   +---+   +---+   +---+   +---+---+---+   +
  |       |   |       |   |           |       |
  +   +   +---+   +---+   +   +---+   +   +   +
  |       |                       |       |   |
  +---+---+---+---+---+---+---+---+---+---+- -+

  Game Number: 6
  Score: 0 / 11

->move(N)
  State: 91 -> Error! Not a valid move.
  Game Number: 6
  Score: 0 / 11

->abort
  State: 92 -> ok
->move(N)
  State: 93 -> Error! Not in a game.
->move(W)
  State: 94 -> Error! Not in a game.
->move(N)
  State: 95 -> Error! Not in a game.
->move(E)
  State: 96 -> Error! Not in a game.
->move(N)
  State: 97 -> Error! Not in a game.
->abort
  State: 98 -> Error! Not in a game.
->solve
  State: 99 -> Error! Not in a game.
->new_game(medium)
  State: 100 -> ok
  +-*-+---+---+---+---+---+---+---+---+---+---+
  | X                 |                       |
  +   +---+   +---+   +---+   +---+   +---+   +
  |                   |   |       |   |       |
  +---+---+---+---+   +   +   +---+   +---+   +
  |           |           |   |               |
  +   +   +---+   +---+   +   +---+---+---+---+
  |               |       |                   |
  +   +   +---+   +   +---+   +---+---+   +   +
  |       |   |           |           |       |
  +---+---+   +---+   +   +   +   +   +---+---+
  |       |               |           |       |
  +   +---+   +---+---+   +---+   +   +---+   +
  |               |   |   |           |       |
  +---+   +   +---+   +---+   +---+---+---+   +
  |       |       |       |           |   |   |
  +   +---+---+---+   +   +   +   +   +   +   +
  |   |   |           |       |       |       |
  +   +   +   +   +---+   +   +   +---+   +---+
  |           |           |   |           |   |
  +   +   +   +   +   +---+---+---+   +   +   +
  |   |   |   |                   |       |   |
  +---+---+---+---+---+---+---+---+---+---+- -+

  Game Number: 7
  Score: 0 / 13

