  State: 0 -> ok
->solve
  State: 1 -> Error! Not in a game.
->solve
  State: 2 -> Error! Not in a game.
->move(W)
  State: 3 -> Error! Not in a game.
->move(S)
  State: 4 -> Error! Not in a game.
->move(N)
  State: 5 -> Error! Not in a game.
->move(S)
  State: 6 -> Error! Not in a game.
->move(S)
  State: 7 -> Error! Not in a game.
->abort
  State: 8 -> Error! Not in a game.
->move(E)
  State: 9 -> Error! Not in a game.
->abort
  State: 10 -> Error! Not in a game.
->abort
  State: 11 -> Error! Not in a game.
->abort
  State: 12 -> Error! Not in a game.
->move(N)
  State: 13 -> Error! Not in a game.
->move(N)
  State: 14 -> Error! Not in a game.
->move(S)
  State: 15 -> Error! Not in a game.
->move(S)
  State: 16 -> Error! Not in a game.
->new_game(medium)
  State: 17 -> ok
  +-*-+---+---+---+---+---+---+---+---+---+---+
  | X                     |                   |
  +---+---+   +---+---+   +   +---+---+   +   +
  |   |       |   |                   |       |
  +   +   +   +   +---+---+---+   +   +   +   +
  |       |           |   |       |   |   |   |
  +   +---+---+   +   +   +---+   +   +   +   +
  |       |   |   |               |       |   |
  +   +---+   +   +---+   +---+---+   +   +   +
  |   |   |           |   |   |       |   |   |
  +---+   +---+---+   +   +   +   +   +   +   +
  |   |       |   |   |       |   |   |       |
  +   +---+   +   +   +---+---+   +---+---+   +
  |           |           |                   |
  +---+   +---+   +---+   +   +   +---+---+   +
  |                           |       |       |
  +   +   +---+   +---+   +   +   +---+   +---+
  |       |               |                   |
  +---+   +   +   +---+---+---+   +---+---+   +
  |               |       |           |   |   |
  +   +---+   +---+   +   +---+---+   +   +   +
  |               |                           |
  +---+---+---+---+---+---+---+---+---+---+- -+

  Game Number: 1
  Score: 0 / 2

->move(W)
  State: 18 -> Error! Not a valid move.
  Game Number: 1
  Score: 0 / 2

->move(S)
  State: 19 -> Error! Not a valid move.
  Game Number: 1
  Score: 0 / 2

->solve
  State: 20 -> ok
  +-*-+---+---+---+---+---+---+---+---+---+---+
  | X   o   o             |                   |
  +---+---+   +---+---+   +   +---+---+   +   +
  |   |     o |   |                   |       |
  +   +   +   +   +---+---+---+   +   +   +   +
  |       | o   o     |   |       |   |   |   |
  +   +---+---+   +   +   +---+   +   +   +   +
  |       |   | o |               |       |   |
  +   +---+   +   +---+   +---+---+   +   +   +
  |   |   |     o   o |   |   |       |   |   |
  +---+   +---+---+   +   +   +   +   +   +   +
  |   |       |   | o |       |   |   |       |
  +   +---+   +   +   +---+---+   +---+---+   +
  |           |     o   o |                   |
  +---+   +---+   +---+   +   +   +---+---+   +
  |                     o   o |       |       |
  +   +   +---+   +---+   +   +   +---+   +---+
  |       |               | o   o   o   o   o |
  +---+   +   +   +---+---+---+   +---+---+   +
  |               |       |           |   | o |
  +   +---+   +---+   +   +---+---+   +   +   +
  |               |                         o |
  +---+---+---+---+---+---+---+---+---+---+- -+

  Since you used the solution, no points are awarded.
  Game Number: 1
  Score: 0 / 2

->move(E)
  State: 21 -> ok
  +-*-+---+---+---+---+---+---+---+---+---+---+
  | * * X   o             |                   |
  +---+---+   +---+---+   +   +---+---+   +   +
  |   |     o |   |                   |       |
  +   +   +   +   +---+---+---+   +   +   +   +
  |       | o   o     |   |       |   |   |   |
  +   +---+---+   +   +   +---+   +   +   +   +
  |       |   | o |               |       |   |
  +   +---+   +   +---+   +---+---+   +   +   +
  |   |   |     o   o |   |   |       |   |   |
  +---+   +---+---+   +   +   +   +   +   +   +
  |   |       |   | o |       |   |   |       |
  +   +---+   +   +   +---+---+   +---+---+   +
  |           |     o   o |                   |
  +---+   +---+   +---+   +   +   +---+---+   +
  |                     o   o |       |       |
  +   +   +---+   +---+   +   +   +---+   +---+
  |       |               | o   o   o   o   o |
  +---+   +   +   +---+---+---+   +---+---+   +
  |               |       |           |   | o |
  +   +---+   +---+   +   +---+---+   +   +   +
  |               |                         o |
  +---+---+---+---+---+---+---+---+---+---+- -+

  Since you used the solution, no points are awarded.
  Game Number: 1
  Score: 0 / 2

->move(W)
  State: 22 -> ok
  +-*-+---+---+---+---+---+---+---+---+---+---+
  | X * *   o             |                   |
  +---+---+   +---+---+   +   +---+---+   +   +
  |   |     o |   |                   |       |
  +   +   +   +   +---+---+---+   +   +   +   +
  |       | o   o     |   |       |   |   |   |
  +   +---+---+   +   +   +---+   +   +   +   +
  |       |   | o |               |       |   |
  +   +---+   +   +---+   +---+---+   +   +   +
  |   |   |     o   o |   |   |       |   |   |
  +---+   +---+---+   +   +   +   +   +   +   +
  |   |       |   | o |       |   |   |       |
  +   +---+   +   +   +---+---+   +---+---+   +
  |           |     o   o |                   |
  +---+   +---+   +---+   +   +   +---+---+   +
  |                     o   o |       |       |
  +   +   +---+   +---+   +   +   +---+   +---+
  |       |               | o   o   o   o   o |
  +---+   +   +   +---+---+---+   +---+---+   +
  |               |       |           |   | o |
  +   +---+   +---+   +   +---+---+   +   +   +
  |               |                         o |
  +---+---+---+---+---+---+---+---+---+---+- -+

  Since you used the solution, no points are awarded.
  Game Number: 1
  Score: 0 / 2

->new_game(hard)
  State: 23 -> Error! In game already.
  Since you used the solution, no points are awarded.
  Game Number: 1
  Score: 0 / 2

->move(N)
  State: 24 -> Error! Not a valid move.
  Since you used the solution, no points are awarded.
  Game Number: 1
  Score: 0 / 2

->move(W)
  State: 25 -> Error! Not a valid move.
  Since you used the solution, no points are awarded.
  Game Number: 1
  Score: 0 / 2

->new_game(easy)
  State: 26 -> Error! In game already.
  Since you used the solution, no points are awarded.
  Game Number: 1
  Score: 0 / 2

->move(W)
  State: 27 -> Error! Not a valid move.
  Since you used the solution, no points are awarded.
  Game Number: 1
  Score: 0 / 2

->move(E)
  State: 28 -> ok
  +-*-+---+---+---+---+---+---+---+---+---+---+
  | * * X   o             |                   |
  +---+---+   +---+---+   +   +---+---+   +   +
  |   |     o |   |                   |       |
  +   +   +   +   +---+---+---+   +   +   +   +
  |       | o   o     |   |       |   |   |   |
  +   +---+---+   +   +   +---+   +   +   +   +
  |       |   | o |               |       |   |
  +   +---+   +   +---+   +---+---+   +   +   +
  |   |   |     o   o |   |   |       |   |   |
  +---+   +---+---+   +   +   +   +   +   +   +
  |   |       |   | o |       |   |   |       |
  +   +---+   +   +   +---+---+   +---+---+   +
  |           |     o   o |                   |
  +---+   +---+   +---+   +   +   +---+---+   +
  |                     o   o |       |       |
  +   +   +---+   +---+   +   +   +---+   +---+
  |       |               | o   o   o   o   o |
  +---+   +   +   +---+---+---+   +---+---+   +
  |               |       |           |   | o |
  +   +---+   +---+   +   +---+---+   +   +   +
  |               |                         o |
  +---+---+---+---+---+---+---+---+---+---+- -+

  Since you used the solution, no points are awarded.
  Game Number: 1
  Score: 0 / 2

->move(N)
  State: 29 -> Error! Not a valid move.
  Since you used the solution, no points are awarded.
  Game Number: 1
  Score: 0 / 2

->new_game(hard)
  State: 30 -> Error! In game already.
  Since you used the solution, no points are awarded.
  Game Number: 1
  Score: 0 / 2

->new_game(easy)
  State: 31 -> Error! In game already.
  Since you used the solution, no points are awarded.
  Game Number: 1
  Score: 0 / 2

->move(S)
  State: 32 -> Error! Not a valid move.
  Since you used the solution, no points are awarded.
  Game Number: 1
  Score: 0 / 2

->move(N)
  State: 33 -> Error! Not a valid move.
  Since you used the solution, no points are awarded.
  Game Number: 1
  Score: 0 / 2

->new_game(hard)
  State: 34 -> Error! In game already.
  Since you used the solution, no points are awarded.
  Game Number: 1
  Score: 0 / 2

->new_game(medium)
  State: 35 -> Error! In game already.
  Since you used the solution, no points are awarded.
  Game Number: 1
  Score: 0 / 2

->move(E)
  State: 36 -> ok
  +-*-+---+---+---+---+---+---+---+---+---+---+
  | * * * * X             |                   |
  +---+---+   +---+---+   +   +---+---+   +   +
  |   |     o |   |                   |       |
  +   +   +   +   +---+---+---+   +   +   +   +
  |       | o   o     |   |       |   |   |   |
  +   +---+---+   +   +   +---+   +   +   +   +
  |       |   | o |               |       |   |
  +   +---+   +   +---+   +---+---+   +   +   +
  |   |   |     o   o |   |   |       |   |   |
  +---+   +---+---+   +   +   +   +   +   +   +
  |   |       |   | o |       |   |   |       |
  +   +---+   +   +   +---+---+   +---+---+   +
  |           |     o   o |                   |
  +---+   +---+   +---+   +   +   +---+---+   +
  |                     o   o |       |       |
  +   +   +---+   +---+   +   +   +---+   +---+
  |       |               | o   o   o   o   o |
  +---+   +   +   +---+---+---+   +---+---+   +
  |               |       |           |   | o |
  +   +---+   +---+   +   +---+---+   +   +   +
  |               |                         o |
  +---+---+---+---+---+---+---+---+---+---+- -+

  Since you used the solution, no points are awarded.
  Game Number: 1
  Score: 0 / 2

->move(W)
  State: 37 -> ok
  +-*-+---+---+---+---+---+---+---+---+---+---+
  | * * X * *             |                   |
  +---+---+   +---+---+   +   +---+---+   +   +
  |   |     o |   |                   |       |
  +   +   +   +   +---+---+---+   +   +   +   +
  |       | o   o     |   |       |   |   |   |
  +   +---+---+   +   +   +---+   +   +   +   +
  |       |   | o |               |       |   |
  +   +---+   +   +---+   +---+---+   +   +   +
  |   |   |     o   o |   |   |       |   |   |
  +---+   +---+---+   +   +   +   +   +   +   +
  |   |       |   | o |       |   |   |       |
  +   +---+   +   +   +---+---+   +---+---+   +
  |           |     o   o |                   |
  +---+   +---+   +---+   +   +   +---+---+   +
  |                     o   o |       |       |
  +   +   +---+   +---+   +   +   +---+   +---+
  |       |               | o   o   o   o   o |
  +---+   +   +   +---+---+---+   +---+---+   +
  |               |       |           |   | o |
  +   +---+   +---+   +   +---+---+   +   +   +
  |               |                         o |
  +---+---+---+---+---+---+---+---+---+---+- -+

  Since you used the solution, no points are awarded.
  Game Number: 1
  Score: 0 / 2

->new_game(medium)
  State: 38 -> Error! In game already.
  Since you used the solution, no points are awarded.
  Game Number: 1
  Score: 0 / 2

->move(W)
  State: 39 -> ok
  +-*-+---+---+---+---+---+---+---+---+---+---+
  | X * * * *             |                   |
  +---+---+   +---+---+   +   +---+---+   +   +
  |   |     o |   |                   |       |
  +   +   +   +   +---+---+---+   +   +   +   +
  |       | o   o     |   |       |   |   |   |
  +   +---+---+   +   +   +---+   +   +   +   +
  |       |   | o |               |       |   |
  +   +---+   +   +---+   +---+---+   +   +   +
  |   |   |     o   o |   |   |       |   |   |
  +---+   +---+---+   +   +   +   +   +   +   +
  |   |       |   | o |       |   |   |       |
  +   +---+   +   +   +---+---+   +---+---+   +
  |           |     o   o |                   |
  +---+   +---+   +---+   +   +   +---+---+   +
  |                     o   o |       |       |
  +   +   +---+   +---+   +   +   +---+   +---+
  |       |               | o   o   o   o   o |
  +---+   +   +   +---+---+---+   +---+---+   +
  |               |       |           |   | o |
  +   +---+   +---+   +   +---+---+   +   +   +
  |               |                         o |
  +---+---+---+---+---+---+---+---+---+---+- -+

  Since you used the solution, no points are awarded.
  Game Number: 1
  Score: 0 / 2

->move(E)
  State: 40 -> ok
  +-*-+---+---+---+---+---+---+---+---+---+---+
  | * * X * *             |                   |
  +---+---+   +---+---+   +   +---+---+   +   +
  |   |     o |   |                   |       |
  +   +   +   +   +---+---+---+   +   +   +   +
  |       | o   o     |   |       |   |   |   |
  +   +---+---+   +   +   +---+   +   +   +   +
  |       |   | o |               |       |   |
  +   +---+   +   +---+   +---+---+   +   +   +
  |   |   |     o   o |   |   |       |   |   |
  +---+   +---+---+   +   +   +   +   +   +   +
  |   |       |   | o |       |   |   |       |
  +   +---+   +   +   +---+---+   +---+---+   +
  |           |     o   o |                   |
  +---+   +---+   +---+   +   +   +---+---+   +
  |                     o   o |       |       |
  +   +   +---+   +---+   +   +   +---+   +---+
  |       |               | o   o   o   o   o |
  +---+   +   +   +---+---+---+   +---+---+   +
  |               |       |           |   | o |
  +   +---+   +---+   +   +---+---+   +   +   +
  |               |                         o |
  +---+---+---+---+---+---+---+---+---+---+- -+

  Since you used the solution, no points are awarded.
  Game Number: 1
  Score: 0 / 2

->abort
  State: 41 -> ok
->move(E)
  State: 42 -> Error! Not in a game.
->new_game(medium)
  State: 43 -> ok
  +-*-+---+---+---+---+---+---+---+---+---+---+
  | X                         |   |       |   |
  +---+---+---+   +---+   +   +   +   +   +   +
  |       |           |       |               |
  +   +   +---+   +---+---+---+---+---+   +   +
  |       |               |   |               |
  +   +---+---+   +   +---+   +   +---+---+---+
  |       |   |           |   |               |
  +   +---+   +   +   +---+   +---+   +---+   +
  |   |           |           |       |   |   |
  +   +---+---+---+   +   +---+---+---+   +   +
  |       |               |       |           |
  +   +   +---+   +   +---+   +---+   +   +---+
  |               |               |       |   |
  +   +---+---+   +   +   +   +   +---+   +   +
  |   |       |                               |
  +   +   +---+---+   +---+---+---+---+---+   +
  |   |           |   |       |       |   |   |
  +---+   +   +---+   +   +---+   +   +   +   +
  |       |           |                       |
  +   +---+---+   +---+   +   +   +---+   +   +
  |   |           |       |           |       |
  +---+---+---+---+---+---+---+---+---+---+- -+

  Game Number: 2
  Score: 0 / 4

->new_game(easy)
  State: 44 -> Error! In game already.
  Game Number: 2
  Score: 0 / 4

->solve
  State: 45 -> ok
  +-*-+---+---+---+---+---+---+---+---+---+---+
  | X   o   o   o             |   |       |   |
  +---+---+---+   +---+   +   +   +   +   +   +
  |       |     o     |       |               |
  +   +   +---+   +---+---+---+---+---+   +   +
  |       |     o   o     |   |               |
  +   +---+---+   +   +---+   +   +---+---+---+
  |       |   |     o     |   |               |
  +   +---+   +   +   +---+   +---+   +---+   +
  |   |           | o         |       |   |   |
  +   +---+---+---+   +   +---+---+---+   +   +
  |       |         o     |       |           |
  +   +   +---+   +   +---+   +---+   +   +---+
  |               | o   o   o   o |       |   |
  +   +---+---+   +   +   +   +   +---+   +   +
  |   |       |                 o   o   o   o |
  +   +   +---+---+   +---+---+---+---+---+   +
  |   |           |   |       |       |   | o |
  +---+   +   +---+   +   +---+   +   +   +   +
  |       |           |                     o |
  +   +---+---+   +---+   +   +   +---+   +   +
  |   |           |       |           |     o |
  +---+---+---+---+---+---+---+---+---+---+- -+

  Since you used the solution, no points are awarded.
  Game Number: 2
  Score: 0 / 4

->move(E)
  State: 46 -> ok
  +-*-+---+---+---+---+---+---+---+---+---+---+
  | * * X   o   o             |   |       |   |
  +---+---+---+   +---+   +   +   +   +   +   +
  |       |     o     |       |               |
  +   +   +---+   +---+---+---+---+---+   +   +
  |       |     o   o     |   |               |
  +   +---+---+   +   +---+   +   +---+---+---+
  |       |   |     o     |   |               |
  +   +---+   +   +   +---+   +---+   +---+   +
  |   |           | o         |       |   |   |
  +   +---+---+---+   +   +---+---+---+   +   +
  |       |         o     |       |           |
  +   +   +---+   +   +---+   +---+   +   +---+
  |               | o   o   o   o |       |   |
  +   +---+---+   +   +   +   +   +---+   +   +
  |   |       |                 o   o   o   o |
  +   +   +---+---+   +---+---+---+---+---+   +
  |   |           |   |       |       |   | o |
  +---+   +   +---+   +   +---+   +   +   +   +
  |       |           |                     o |
  +   +---+---+   +---+   +   +   +---+   +   +
  |   |           |       |           |     o |
  +---+---+---+---+---+---+---+---+---+---+- -+

  Since you used the solution, no points are awarded.
  Game Number: 2
  Score: 0 / 4

->move(W)
  State: 47 -> ok
  +-*-+---+---+---+---+---+---+---+---+---+---+
  | X * *   o   o             |   |       |   |
  +---+---+---+   +---+   +   +   +   +   +   +
  |       |     o     |       |               |
  +   +   +---+   +---+---+---+---+---+   +   +
  |       |     o   o     |   |               |
  +   +---+---+   +   +---+   +   +---+---+---+
  |       |   |     o     |   |               |
  +   +---+   +   +   +---+   +---+   +---+   +
  |   |           | o         |       |   |   |
  +   +---+---+---+   +   +---+---+---+   +   +
  |       |         o     |       |           |
  +   +   +---+   +   +---+   +---+   +   +---+
  |               | o   o   o   o |       |   |
  +   +---+---+   +   +   +   +   +---+   +   +
  |   |       |                 o   o   o   o |
  +   +   +---+---+   +---+---+---+---+---+   +
  |   |           |   |       |       |   | o |
  +---+   +   +---+   +   +---+   +   +   +   +
  |       |           |                     o |
  +   +---+---+   +---+   +   +   +---+   +   +
  |   |           |       |           |     o |
  +---+---+---+---+---+---+---+---+---+---+- -+

  Since you used the solution, no points are awarded.
  Game Number: 2
  Score: 0 / 4

->abort
  State: 48 -> ok
->abort
  State: 49 -> Error! Not in a game.
->abort
  State: 50 -> Error! Not in a game.
->new_game(easy)
  State: 51 -> ok
  +-*-+---+---+---+---+---+---+
  | X     |   |   |           |
  +---+   +   +   +---+   +   +
  |   |                       |
  +   +---+---+---+   +---+   +
  |           |   |           |
  +   +   +---+   +---+   +   +
  |       |       |   |       |
  +   +   +---+   +   +   +---+
  |   |                       |
  +   +   +---+   +   +---+   +
  |               |           |
  +   +---+   +   +   +   +---+
  |   |       |       |       |
  +---+---+---+---+---+---+- -+

  Game Number: 3
  Score: 0 / 5

->move(S)
  State: 52 -> Error! Not a valid move.
  Game Number: 3
  Score: 0 / 5

->move(E)
  State: 53 -> ok
  +-*-+---+---+---+---+---+---+
  | * * X |   |   |           |
  +---+   +   +   +---+   +   +
  |   |                       |
  +   +---+---+---+   +---+   +
  |           |   |           |
  +   +   +---+   +---+   +   +
  |       |       |   |       |
  +   +   +---+   +   +   +---+
  |   |                       |
  +   +   +---+   +   +---+   +
  |               |           |
  +   +---+   +   +   +   +---+
  |   |       |       |       |
  +---+---+---+---+---+---+- -+

  Game Number: 3
  Score: 0 / 5

->move(N)
  State: 54 -> Error! Not a valid move.
  Game Number: 3
  Score: 0 / 5

->move(W)
  State: 55 -> ok
  +-*-+---+---+---+---+---+---+
  | X * * |   |   |           |
  +---+   +   +   +---+   +   +
  |   |                       |
  +   +---+---+---+   +---+   +
  |           |   |           |
  +   +   +---+   +---+   +   +
  |       |       |   |       |
  +   +   +---+   +   +   +---+
  |   |                       |
  +   +   +---+   +   +---+   +
  |               |           |
  +   +---+   +   +   +   +---+
  |   |       |       |       |
  +---+---+---+---+---+---+- -+

  Game Number: 3
  Score: 0 / 5

->move(N)
  State: 56 -> Error! Not a valid move.
  Game Number: 3
  Score: 0 / 5

->move(N)
  State: 57 -> Error! Not a valid move.
  Game Number: 3
  Score: 0 / 5

->solve
  State: 58 -> ok
  +-*-+---+---+---+---+---+---+
  | X * * |   |   |           |
  +---+   +   +   +---+   +   +
  |   | o   o   o   o         |
  +   +---+---+---+   +---+   +
  |           |   | o   o     |
  +   +   +---+   +---+   +   +
  |       |       |   | o     |
  +   +   +---+   +   +   +---+
  |   |             o   o     |
  +   +   +---+   +   +---+   +
  |               | o   o     |
  +   +---+   +   +   +   +---+
  |   |       |       | o   o |
  +---+---+---+---+---+---+- -+

  Since you used the solution, no points are awarded.
  Game Number: 3
  Score: 0 / 5

->move(S)
  State: 59 -> Error! Not a valid move.
  Since you used the solution, no points are awarded.
  Game Number: 3
  Score: 0 / 5

->move(W)
  State: 60 -> Error! Not a valid move.
  Since you used the solution, no points are awarded.
  Game Number: 3
  Score: 0 / 5

->move(N)
  State: 61 -> Error! Not a valid move.
  Since you used the solution, no points are awarded.
  Game Number: 3
  Score: 0 / 5

->move(N)
  State: 62 -> Error! Not a valid move.
  Since you used the solution, no points are awarded.
  Game Number: 3
  Score: 0 / 5

->solve
  State: 63 -> ok
  +-*-+---+---+---+---+---+---+
  | X * * |   |   |           |
  +---+   +   +   +---+   +   +
  |   | o   o   o   o         |
  +   +---+---+---+   +---+   +
  |           |   | o   o     |
  +   +   +---+   +---+   +   +
  |       |       |   | o     |
  +   +   +---+   +   +   +---+
  |   |             o   o     |
  +   +   +---+   +   +---+   +
  |               | o   o     |
  +   +---+   +   +   +   +---+
  |   |       |       | o   o |
  +---+---+---+---+---+---+- -+

  Since you used the solution, no points are awarded.
  Game Number: 3
  Score: 0 / 5

->move(W)
  State: 64 -> Error! Not a valid move.
  Since you used the solution, no points are awarded.
  Game Number: 3
  Score: 0 / 5

->move(N)
  State: 65 -> Error! Not a valid move.
  Since you used the solution, no points are awarded.
  Game Number: 3
  Score: 0 / 5

->move(E)
  State: 66 -> ok
  +-*-+---+---+---+---+---+---+
  | * * X |   |   |           |
  +---+   +   +   +---+   +   +
  |   | o   o   o   o         |
  +   +---+---+---+   +---+   +
  |           |   | o   o     |
  +   +   +---+   +---+   +   +
  |       |       |   | o     |
  +   +   +---+   +   +   +---+
  |   |             o   o     |
  +   +   +---+   +   +---+   +
  |               | o   o     |
  +   +---+   +   +   +   +---+
  |   |       |       | o   o |
  +---+---+---+---+---+---+- -+

  Since you used the solution, no points are awarded.
  Game Number: 3
  Score: 0 / 5

->abort
  State: 67 -> ok
->move(N)
  State: 68 -> Error! Not in a game.
->new_game(hard)
  State: 69 -> ok
  +-*-+---+---+---+---+---+---+---+---+---+---+---+---+---+---+
  | X                 |                               |       |
  +---+   +---+---+   +   +---+---+---+---+---+---+   +---+   +
  |               |       |       |       |               |   |
  +   +   +---+---+   +---+   +   +---+   +   +   +   +   +   +
  |       |       |                   |           |       |   |
  +   +   +   +   +---+---+   +   +---+---+---+   +---+   +   +
  |   |   |   |           |   |       |   |           |   |   |
  +   +   +---+   +   +---+---+   +---+   +---+---+   +   +   +
  |       |               |   |                       |   |   |
  +   +---+   +   +---+   +   +---+   +   +---+   +   +   +   +
  |       |       |           |               |       |       |
  +---+   +   +   +---+---+   +   +---+   +   +---+   +---+   +
  |           |                   |                   |   |   |
  +   +---+---+---+   +   +---+   +   +---+---+---+---+   +   +
  |       |   |   |   |   |                                   |
  +   +---+   +   +   +---+   +---+---+---+---+---+---+   +   +
  |   |   |   |       |       |   |   |           |   |   |   |
  +   +   +   +   +   +---+   +   +   +   +---+   +   +---+   +
  |                   |   |       |           |   |       |   |
  +---+---+---+   +   +   +---+   +---+   +   +   +   +   +   +
  |       |       |   |       |       |   |   |               |
  +   +   +   +   +   +---+   +   +---+   +   +   +   +   +---+
  |               |   |   |   |   |       |           |   |   |
  +   +---+---+   +---+   +   +   +   +---+   +---+---+---+   +
  |   |       |   |               |       |       |   |   |   |
  +   +   +---+---+---+   +   +---+   +   +   +---+   +   +   +
  |           |               |           |   |   |   |       |
  +   +   +   +---+   +---+   +   +   +   +---+   +   +   +   +
  |           |       |                   |                   |
  +---+---+---+---+---+---+---+---+---+---+---+---+---+---+- -+

  Game Number: 4
  Score: 0 / 8

->move(W)
  State: 70 -> Error! Not a valid move.
  Game Number: 4
  Score: 0 / 8

->move(E)
  State: 71 -> ok
  +-*-+---+---+---+---+---+---+---+---+---+---+---+---+---+---+
  | * * X             |                               |       |
  +---+   +---+---+   +   +---+---+---+---+---+---+   +---+   +
  |               |       |       |       |               |   |
  +   +   +---+---+   +---+   +   +---+   +   +   +   +   +   +
  |       |       |                   |           |       |   |
  +   +   +   +   +---+---+   +   +---+---+---+   +---+   +   +
  |   |   |   |           |   |       |   |           |   |   |
  +   +   +---+   +   +---+---+   +---+   +---+---+   +   +   +
  |       |               |   |                       |   |   |
  +   +---+   +   +---+   +   +---+   +   +---+   +   +   +   +
  |       |       |           |               |       |       |
  +---+   +   +   +---+---+   +   +---+   +   +---+   +---+   +
  |           |                   |                   |   |   |
  +   +---+---+---+   +   +---+   +   +---+---+---+---+   +   +
  |       |   |   |   |   |                                   |
  +   +---+   +   +   +---+   +---+---+---+---+---+---+   +   +
  |   |   |   |       |       |   |   |           |   |   |   |
  +   +   +   +   +   +---+   +   +   +   +---+   +   +---+   +
  |                   |   |       |           |   |       |   |
  +---+---+---+   +   +   +---+   +---+   +   +   +   +   +   +
  |       |       |   |       |       |   |   |               |
  +   +   +   +   +   +---+   +   +---+   +   +   +   +   +---+
  |               |   |   |   |   |       |           |   |   |
  +   +---+---+   +---+   +   +   +   +---+   +---+---+---+   +
  |   |       |   |               |       |       |   |   |   |
  +   +   +---+---+---+   +   +---+   +   +   +---+   +   +   +
  |           |               |           |   |   |   |       |
  +   +   +   +---+   +---+   +   +   +   +---+   +   +   +   +
  |           |       |                   |                   |
  +---+---+---+---+---+---+---+---+---+---+---+---+---+---+- -+

  Game Number: 4
  Score: 0 / 8

->move(N)
  State: 72 -> Error! Not a valid move.
  Game Number: 4
  Score: 0 / 8

->new_game(easy)
  State: 73 -> Error! In game already.
  Game Number: 4
  Score: 0 / 8

->move(E)
  State: 74 -> ok
  +-*-+---+---+---+---+---+---+---+---+---+---+---+---+---+---+
  | * * * * X         |                               |       |
  +---+   +---+---+   +   +---+---+---+---+---+---+   +---+   +
  |               |       |       |       |               |   |
  +   +   +---+---+   +---+   +   +---+   +   +   +   +   +   +
  |       |       |                   |           |       |   |
  +   +   +   +   +---+---+   +   +---+---+---+   +---+   +   +
  |   |   |   |           |   |       |   |           |   |   |
  +   +   +---+   +   +---+---+   +---+   +---+---+   +   +   +
  |       |               |   |                       |   |   |
  +   +---+   +   +---+   +   +---+   +   +---+   +   +   +   +
  |       |       |           |               |       |       |
  +---+   +   +   +---+---+   +   +---+   +   +---+   +---+   +
  |           |                   |                   |   |   |
  +   +---+---+---+   +   +---+   +   +---+---+---+---+   +   +
  |       |   |   |   |   |                                   |
  +   +---+   +   +   +---+   +---+---+---+---+---+---+   +   +
  |   |   |   |       |       |   |   |           |   |   |   |
  +   +   +   +   +   +---+   +   +   +   +---+   +   +---+   +
  |                   |   |       |           |   |       |   |
  +---+---+---+   +   +   +---+   +---+   +   +   +   +   +   +
  |       |       |   |       |       |   |   |               |
  +   +   +   +   +   +---+   +   +---+   +   +   +   +   +---+
  |               |   |   |   |   |       |           |   |   |
  +   +---+---+   +---+   +   +   +   +---+   +---+---+---+   +
  |   |       |   |               |       |       |   |   |   |
  +   +   +---+---+---+   +   +---+   +   +   +---+   +   +   +
  |           |               |           |   |   |   |       |
  +   +   +   +---+   +---+   +   +   +   +---+   +   +   +   +
  |           |       |                   |                   |
  +---+---+---+---+---+---+---+---+---+---+---+---+---+---+- -+

  Game Number: 4
  Score: 0 / 8

->new_game(easy)
  State: 75 -> Error! In game already.
  Game Number: 4
  Score: 0 / 8

->new_game(hard)
  State: 76 -> Error! In game already.
  Game Number: 4
  Score: 0 / 8

->move(W)
  State: 77 -> ok
  +-*-+---+---+---+---+---+---+---+---+---+---+---+---+---+---+
  | * * X * *         |                               |       |
  +---+   +---+---+   +   +---+---+---+---+---+---+   +---+   +
  |               |       |       |       |               |   |
  +   +   +---+---+   +---+   +   +---+   +   +   +   +   +   +
  |       |       |                   |           |       |   |
  +   +   +   +   +---+---+   +   +---+---+---+   +---+   +   +
  |   |   |   |           |   |       |   |           |   |   |
  +   +   +---+   +   +---+---+   +---+   +---+---+   +   +   +
  |       |               |   |                       |   |   |
  +   +---+   +   +---+   +   +---+   +   +---+   +   +   +   +
  |       |       |           |               |       |       |
  +---+   +   +   +---+---+   +   +---+   +   +---+   +---+   +
  |           |                   |                   |   |   |
  +   +---+---+---+   +   +---+   +   +---+---+---+---+   +   +
  |       |   |   |   |   |                                   |
  +   +---+   +   +   +---+   +---+---+---+---+---+---+   +   +
  |   |   |   |       |       |   |   |           |   |   |   |
  +   +   +   +   +   +---+   +   +   +   +---+   +   +---+   +
  |                   |   |       |           |   |       |   |
  +---+---+---+   +   +   +---+   +---+   +   +   +   +   +   +
  |       |       |   |       |       |   |   |               |
  +   +   +   +   +   +---+   +   +---+   +   +   +   +   +---+
  |               |   |   |   |   |       |           |   |   |
  +   +---+---+   +---+   +   +   +   +---+   +---+---+---+   +
  |   |       |   |               |       |       |   |   |   |
  +   +   +---+---+---+   +   +---+   +   +   +---+   +   +   +
  |           |               |           |   |   |   |       |
  +   +   +   +---+   +---+   +   +   +   +---+   +   +   +   +
  |           |       |                   |                   |
  +---+---+---+---+---+---+---+---+---+---+---+---+---+---+- -+

  Game Number: 4
  Score: 0 / 8

->abort
  State: 78 -> ok
->move(W)
  State: 79 -> Error! Not in a game.
->move(E)
  State: 80 -> Error! Not in a game.
->move(E)
  State: 81 -> Error! Not in a game.
->solve
  State: 82 -> Error! Not in a game.
->abort
  State: 83 -> Error! Not in a game.
->new_game(easy)
  State: 84 -> ok
  +-*-+---+---+---+---+---+---+
  | X |           |           |
  +   +---+   +   +---+   +---+
  |   |                       |
  +   +   +---+   +---+---+---+
  |       |           |       |
  +   +---+   +   +---+   +   +
  |       |           |       |
  +   +---+---+---+   +   +   +
  |           |               |
  +   +---+   +   +   +---+   +
  |   |               |       |
  +   +---+   +   +   +   +   +
  |       |   |   |       |   |
  +---+---+---+---+---+---+- -+

  Game Number: 5
  Score: 0 / 6

->new_game(easy)
  State: 85 -> Error! In game already.
  Game Number: 5
  Score: 0 / 6

->move(S)
  State: 86 -> ok
  +-*-+---+---+---+---+---+---+
  | * |           |           |
  + * +---+   +   +---+   +---+
  | X |                       |
  +   +   +---+   +---+---+---+
  |       |           |       |
  +   +---+   +   +---+   +   +
  |       |           |       |
  +   +---+---+---+   +   +   +
  |           |               |
  +   +---+   +   +   +---+   +
  |   |               |       |
  +   +---+   +   +   +   +   +
  |       |   |   |       |   |
  +---+---+---+---+---+---+- -+

  Game Number: 5
  Score: 0 / 6

->abort
  State: 87 -> ok
->abort
  State: 88 -> Error! Not in a game.
->new_game(hard)
  State: 89 -> ok
  +-*-+---+---+---+---+---+---+---+---+---+---+---+---+---+---+
  | X |               |           |               |           |
  +   +   +---+---+   +   +   +   +   +---+   +---+   +---+   +
  |       |   |       |       |       |           |       |   |
  +   +   +   +---+   +---+   +   +---+   +---+   +   +---+   +
  |   |   |                       |       |           |   |   |
  +   +   +---+   +---+---+---+---+   +---+   +---+   +   +   +
  |           |               |       |       |               |
  +---+---+   +---+   +   +   +---+   +---+   +---+   +   +   +
  |   |   |       |       |       |       |   |               |
  +   +   +---+   +   +---+   +   +---+   +   +   +---+   +   +
  |           |                           |   |       |   |   |
  +---+---+   +   +---+---+---+---+   +   +---+   +   +---+   +
  |                   |           |           |   |       |   |
  +---+   +   +   +---+---+---+   +   +---+---+   +   +   +   +
  |       |   |           |       |       |           |       |
  +   +---+   +   +---+   +   +   +---+   +   +---+   +---+---+
  |   |       |   |   |               |   |   |               |
  +   +---+   +   +   +   +   +---+   +---+   +   +   +---+   +
  |   |           |               |       |   |       |       |
  +   +---+   +   +   +---+---+---+   +   +---+   +   +---+---+
  |   |   |       |   |       |       |   |           |   |   |
  +---+   +   +---+   +   +   +---+   +   +   +   +   +   +   +
  |                   |       |       |           |   |       |
  +---+---+---+   +---+---+   +---+   +   +---+   +---+---+   +
  |       |   |       |       |           |   |   |   |       |
  +   +   +   +---+   +   +   +---+---+   +   +---+   +---+   +
  |       |   |   |       |               |       |           |
  +---+---+   +   +---+   +   +---+   +   +   +   +   +---+   +
  |                                   |   |   |           |   |
  +---+---+---+---+---+---+---+---+---+---+---+---+---+---+- -+

  Game Number: 6
  Score: 0 / 9

->solve
  State: 90 -> Error! Maze is not solvable, you may abort with no penalty.
  Game Number: 6
  Score: 0 / 9

->move(E)
  State: 91 -> Error! Not a valid move.
  Game Number: 6
  Score: 0 / 9

->move(N)
  State: 92 -> Error! Not a valid move.
  Game Number: 6
  Score: 0 / 9

->move(N)
  State: 93 -> Error! Not a valid move.
  Game Number: 6
  Score: 0 / 9

->solve
  State: 94 -> Error! Maze is not solvable, you may abort with no penalty.
  Game Number: 6
  Score: 0 / 9

->move(W)
  State: 95 -> Error! Not a valid move.
  Game Number: 6
  Score: 0 / 9

->move(N)
  State: 96 -> Error! Not a valid move.
  Game Number: 6
  Score: 0 / 9

->solve
  State: 97 -> Error! Maze is not solvable, you may abort with no penalty.
  Game Number: 6
  Score: 0 / 9

->move(N)
  State: 98 -> Error! Not a valid move.
  Game Number: 6
  Score: 0 / 9

->new_game(hard)
  State: 99 -> Error! In game already.
  Game Number: 6
  Score: 0 / 9

->move(N)
  State: 100 -> Error! Not a valid move.
  Game Number: 6
  Score: 0 / 9

