  State: 0 -> ok
->move(W)
  State: 1 -> Error! Not in a game.
->move(N)
  State: 2 -> Error! Not in a game.
->move(N)
  State: 3 -> Error! Not in a game.
->abort
  State: 4 -> Error! Not in a game.
->move(W)
  State: 5 -> Error! Not in a game.
->abort
  State: 6 -> Error! Not in a game.
->move(S)
  State: 7 -> Error! Not in a game.
->move(W)
  State: 8 -> Error! Not in a game.
->move(E)
  State: 9 -> Error! Not in a game.
->solve
  State: 10 -> Error! Not in a game.
->solve
  State: 11 -> Error! Not in a game.
->abort
  State: 12 -> Error! Not in a game.
->move(S)
  State: 13 -> Error! Not in a game.
->solve
  State: 14 -> Error! Not in a game.
->move(W)
  State: 15 -> Error! Not in a game.
->move(N)
  State: 16 -> Error! Not in a game.
->move(E)
  State: 17 -> Error! Not in a game.
->new_game(easy)
  State: 18 -> ok
  +-*-+---+---+---+---+---+---+
  | X                         |
  +   +   +   +---+---+   +   +
  |       |   |       |       |
  +   +---+   +---+   +---+   +
  |   |                   |   |
  +   +   +   +   +---+   +   +
  |   |       |   |       |   |
  +   +   +---+   +   +   +   +
  |       |   |   |           |
  +---+   +   +   +---+   +---+
  |   |   |       |       |   |
  +   +   +   +   +---+   +   +
  |       |                   |
  +---+---+---+---+---+---+- -+

  Game Number: 1
  Score: 0 / 1

->abort
  State: 19 -> ok
->move(W)
  State: 20 -> Error! Not in a game.
->new_game(easy)
  State: 21 -> ok
  +-*-+---+---+---+---+---+---+
  | X                 |       |
  +   +   +   +---+---+   +   +
  |   |               |       |
  +---+   +---+   +---+   +   +
  |       |   |           |   |
  +   +   +   +---+   +---+   +
  |                   |   |   |
  +   +   +   +   +   +   +   +
  |   |   |   |               |
  +---+---+---+   +---+   +   +
  |           |   |   |   |   |
  +   +   +---+---+   +   +   +
  |               |           |
  +---+---+---+---+---+---+- -+

  Game Number: 2
  Score: 0 / 2

->new_game(hard)
  State: 22 -> Error! In game already.
  Game Number: 2
  Score: 0 / 2

->abort
  State: 23 -> ok
->move(E)
  State: 24 -> Error! Not in a game.
->new_game(easy)
  State: 25 -> ok
  +-*-+---+---+---+---+---+---+
  | X                         |
  +---+---+   +---+---+   +   +
  |               |   |   |   |
  +---+---+   +---+   +   +   +
  |           |           |   |
  +   +   +---+   +---+---+   +
  |                           |
  +---+---+   +---+---+---+   +
  |       |       |   |       |
  +   +   +   +   +   +   +   +
  |       |       |   |       |
  +   +---+   +---+   +---+   +
  |       |                   |
  +---+---+---+---+---+---+- -+

  Game Number: 3
  Score: 0 / 3

->new_game(easy)
  State: 26 -> Error! In game already.
  Game Number: 3
  Score: 0 / 3

->abort
  State: 27 -> ok
->solve
  State: 28 -> Error! Not in a game.
->move(S)
  State: 29 -> Error! Not in a game.
->move(W)
  State: 30 -> Error! Not in a game.
->solve
  State: 31 -> Error! Not in a game.
->solve
  State: 32 -> Error! Not in a game.
->move(E)
  State: 33 -> Error! Not in a game.
->new_game(easy)
  State: 34 -> ok
  +-*-+---+---+---+---+---+---+
  | X                         |
  +   +   +---+   +---+   +   +
  |       |           |   |   |
  +   +   +---+   +   +---+   +
  |       |       |   |       |
  +   +   +   +   +---+---+   +
  |   |               |       |
  +   +   +---+---+   +---+---+
  |   |                   |   |
  +   +   +   +---+   +   +   +
  |   |   |   |   |       |   |
  +   +   +   +   +---+---+   +
  |       |               |   |
  +---+---+---+---+---+---+- -+

  Game Number: 4
  Score: 0 / 4

->abort
  State: 35 -> ok
->new_game(medium)
  State: 36 -> ok
  +-*-+---+---+---+---+---+---+---+---+---+---+
  | X     |   |       |           |       |   |
  +---+   +   +---+   +   +   +   +---+   +   +
  |   |           |   |               |       |
  +   +   +   +   +   +   +   +   +   +---+   +
  |           |                   |           |
  +---+   +   +---+---+---+---+---+---+   +   +
  |           |       |               |   |   |
  +   +   +   +   +---+---+   +   +   +---+---+
  |   |   |                                   |
  +---+   +---+---+---+---+---+   +---+   +   +
  |   |           |       |           |       |
  +   +---+   +---+---+   +---+   +   +---+   +
  |   |           |           |               |
  +   +   +   +---+   +---+   +---+   +---+---+
  |   |           |           |   |   |       |
  +   +---+   +   +---+   +   +   +---+---+   +
  |   |   |   |       |           |   |       |
  +   +   +   +---+---+   +---+---+   +---+   +
  |           |   |               |       |   |
  +   +   +   +   +   +   +   +   +   +   +   +
  |   |       |       |       |       |       |
  +---+---+---+---+---+---+---+---+---+---+- -+

  Game Number: 5
  Score: 0 / 5

->solve
  State: 37 -> Error! Maze is not solvable, you may abort with no penalty.
  Game Number: 5
  Score: 0 / 5

->move(N)
  State: 38 -> Error! Not a valid move.
  Game Number: 5
  Score: 0 / 5

->move(W)
  State: 39 -> Error! Not a valid move.
  Game Number: 5
  Score: 0 / 5

->new_game(medium)
  State: 40 -> Error! In game already.
  Game Number: 5
  Score: 0 / 5

->move(W)
  State: 41 -> Error! Not a valid move.
  Game Number: 5
  Score: 0 / 5

->new_game(medium)
  State: 42 -> Error! In game already.
  Game Number: 5
  Score: 0 / 5

->move(S)
  State: 43 -> Error! Not a valid move.
  Game Number: 5
  Score: 0 / 5

->move(W)
  State: 44 -> Error! Not a valid move.
  Game Number: 5
  Score: 0 / 5

->move(S)
  State: 45 -> Error! Not a valid move.
  Game Number: 5
  Score: 0 / 5

->abort
  State: 46 -> ok
->new_game(medium)
  State: 47 -> ok
  +-*-+---+---+---+---+---+---+---+---+---+---+
  | X             |   |   |           |       |
  +---+   +   +   +   +   +   +   +   +   +   +
  |       |   |                   |       |   |
  +---+---+   +   +---+---+   +   +   +   +   +
  |                   |                       |
  +   +---+---+---+   +   +---+---+---+   +---+
  |           |   |       |   |   |   |   |   |
  +   +   +   +   +---+---+   +   +   +---+   +
  |       |                               |   |
  +---+---+   +---+---+---+---+---+   +   +   +
  |       |       |   |   |           |   |   |
  +   +   +---+   +   +   +   +---+   +   +   +
  |           |               |       |       |
  +---+---+---+---+---+---+   +---+   +   +   +
  |   |   |       |   |   |           |   |   |
  +   +   +   +   +   +   +   +   +   +---+   +
  |   |       |   |   |                   |   |
  +   +   +   +---+   +---+---+---+   +   +   +
  |           |   |   |   |       |   |       |
  +   +   +---+   +   +   +   +   +---+   +---+
  |                                           |
  +---+---+---+---+---+---+---+---+---+---+- -+

  Game Number: 6
  Score: 0 / 5

->new_game(easy)
  State: 48 -> Error! In game already.
  Game Number: 6
  Score: 0 / 5

->move(E)
  State: 49 -> ok
  +-*-+---+---+---+---+---+---+---+---+---+---+
  | * * X         |   |   |           |       |
  +---+   +   +   +   +   +   +   +   +   +   +
  |       |   |                   |       |   |
  +---+---+   +   +---+---+   +   +   +   +   +
  |                   |                       |
  +   +---+---+---+   +   +---+---+---+   +---+
  |           |   |       |   |   |   |   |   |
  +   +   +   +   +---+---+   +   +   +---+   +
  |       |                               |   |
  +---+---+   +---+---+---+---+---+   +   +   +
  |       |       |   |   |           |   |   |
  +   +   +---+   +   +   +   +---+   +   +   +
  |           |               |       |       |
  +---+---+---+---+---+---+   +---+   +   +   +
  |   |   |       |   |   |           |   |   |
  +   +   +   +   +   +   +   +   +   +---+   +
  |   |       |   |   |                   |   |
  +   +   +   +---+   +---+---+---+   +   +   +
  |           |   |   |   |       |   |       |
  +   +   +---+   +   +   +   +   +---+   +---+
  |                                           |
  +---+---+---+---+---+---+---+---+---+---+- -+

  Game Number: 6
  Score: 0 / 5

->abort
  State: 50 -> ok
->move(W)
  State: 51 -> Error! Not in a game.
->move(W)
  State: 52 -> Error! Not in a game.
->move(E)
  State: 53 -> Error! Not in a game.
->move(S)
  State: 54 -> Error! Not in a game.
->solve
  State: 55 -> Error! Not in a game.
->new_game(easy)
  State: 56 -> ok
  +-*-+---+---+---+---+---+---+
  | X     |                   |
  +   +   +---+   +   +---+   +
  |   |               |       |
  +   +---+   +   +---+   +---+
  |   |           |   |   |   |
  +   +---+---+---+   +   +   +
  |           |           |   |
  +---+   +   +---+   +---+   +
  |           |           |   |
  +---+---+   +---+   +   +   +
  |   |   |       |           |
  +   +   +   +   +---+   +   +
  |                           |
  +---+---+---+---+---+---+- -+

  Game Number: 7
  Score: 0 / 6

->new_game(hard)
  State: 57 -> Error! In game already.
  Game Number: 7
  Score: 0 / 6

->new_game(medium)
  State: 58 -> Error! In game already.
  Game Number: 7
  Score: 0 / 6

->move(N)
  State: 59 -> Error! Not a valid move.
  Game Number: 7
  Score: 0 / 6

->new_game(easy)
  State: 60 -> Error! In game already.
  Game Number: 7
  Score: 0 / 6

->move(N)
  State: 61 -> Error! Not a valid move.
  Game Number: 7
  Score: 0 / 6

->move(S)
  State: 62 -> ok
  +-*-+---+---+---+---+---+---+
  | *     |                   |
  + * +   +---+   +   +---+   +
  | X |               |       |
  +   +---+   +   +---+   +---+
  |   |           |   |   |   |
  +   +---+---+---+   +   +   +
  |           |           |   |
  +---+   +   +---+   +---+   +
  |           |           |   |
  +---+---+   +---+   +   +   +
  |   |   |       |           |
  +   +   +   +   +---+   +   +
  |                           |
  +---+---+---+---+---+---+- -+

  Game Number: 7
  Score: 0 / 6

->abort
  State: 63 -> ok
->new_game(medium)
  State: 64 -> ok
  +-*-+---+---+---+---+---+---+---+---+---+---+
  | X                     |   |               |
  +   +---+   +   +   +---+   +   +---+---+   +
  |   |   |       |   |               |       |
  +---+   +   +---+   +---+   +---+   +   +   +
  |                       |           |       |
  +---+---+---+   +---+   +   +   +---+   +---+
  |       |       |   |   |   |           |   |
  +   +   +   +   +   +   +---+   +---+   +   +
  |       |       |                           |
  +   +   +   +   +---+   +---+---+---+---+   +
  |   |   |   |       |       |   |   |       |
  +   +---+---+---+---+   +---+   +   +   +   +
  |   |                   |                   |
  +   +   +---+   +   +---+   +---+---+---+   +
  |   |       |           |   |   |       |   |
  +   +---+   +---+   +   +   +   +---+   +   +
  |   |   |       |   |   |       |   |       |
  +   +   +---+   +---+   +   +   +   +   +   +
  |   |   |           |       |       |   |   |
  +---+   +   +   +   +   +   +   +   +---+---+
  |                       |                   |
  +---+---+---+---+---+---+---+---+---+---+- -+

  Game Number: 8
  Score: 0 / 8

->move(E)
  State: 65 -> ok
  +-*-+---+---+---+---+---+---+---+---+---+---+
  | * * X                 |   |               |
  +   +---+   +   +   +---+   +   +---+---+   +
  |   |   |       |   |               |       |
  +---+   +   +---+   +---+   +---+   +   +   +
  |                       |           |       |
  +---+---+---+   +---+   +   +   +---+   +---+
  |       |       |   |   |   |           |   |
  +   +   +   +   +   +   +---+   +---+   +   +
  |       |       |                           |
  +   +   +   +   +---+   +---+---+---+---+   +
  |   |   |   |       |       |   |   |       |
  +   +---+---+---+---+   +---+   +   +   +   +
  |   |                   |                   |
  +   +   +---+   +   +---+   +---+---+---+   +
  |   |       |           |   |   |       |   |
  +   +---+   +---+   +   +   +   +---+   +   +
  |   |   |       |   |   |       |   |       |
  +   +   +---+   +---+   +   +   +   +   +   +
  |   |   |           |       |       |   |   |
  +---+   +   +   +   +   +   +   +   +---+---+
  |                       |                   |
  +---+---+---+---+---+---+---+---+---+---+- -+

  Game Number: 8
  Score: 0 / 8

->new_game(easy)
  State: 66 -> Error! In game already.
  Game Number: 8
  Score: 0 / 8

->move(S)
  State: 67 -> Error! Not a valid move.
  Game Number: 8
  Score: 0 / 8

->new_game(hard)
  State: 68 -> Error! In game already.
  Game Number: 8
  Score: 0 / 8

->move(W)
  State: 69 -> ok
  +-*-+---+---+---+---+---+---+---+---+---+---+
  | X * *                 |   |               |
  +   +---+   +   +   +---+   +   +---+---+   +
  |   |   |       |   |               |       |
  +---+   +   +---+   +---+   +---+   +   +   +
  |                       |           |       |
  +---+---+---+   +---+   +   +   +---+   +---+
  |       |       |   |   |   |           |   |
  +   +   +   +   +   +   +---+   +---+   +   +
  |       |       |                           |
  +   +   +   +   +---+   +---+---+---+---+   +
  |   |   |   |       |       |   |   |       |
  +   +---+---+---+---+   +---+   +   +   +   +
  |   |                   |                   |
  +   +   +---+   +   +---+   +---+---+---+   +
  |   |       |           |   |   |       |   |
  +   +---+   +---+   +   +   +   +---+   +   +
  |   |   |       |   |   |       |   |       |
  +   +   +---+   +---+   +   +   +   +   +   +
  |   |   |           |       |       |   |   |
  +---+   +   +   +   +   +   +   +   +---+---+
  |                       |                   |
  +---+---+---+---+---+---+---+---+---+---+- -+

  Game Number: 8
  Score: 0 / 8

->move(S)
  State: 70 -> ok
  +-*-+---+---+---+---+---+---+---+---+---+---+
  | * * *                 |   |               |
  + * +---+   +   +   +---+   +   +---+---+   +
  | X |   |       |   |               |       |
  +---+   +   +---+   +---+   +---+   +   +   +
  |                       |           |       |
  +---+---+---+   +---+   +   +   +---+   +---+
  |       |       |   |   |   |           |   |
  +   +   +   +   +   +   +---+   +---+   +   +
  |       |       |                           |
  +   +   +   +   +---+   +---+---+---+---+   +
  |   |   |   |       |       |   |   |       |
  +   +---+---+---+---+   +---+   +   +   +   +
  |   |                   |                   |
  +   +   +---+   +   +---+   +---+---+---+   +
  |   |       |           |   |   |       |   |
  +   +---+   +---+   +   +   +   +---+   +   +
  |   |   |       |   |   |       |   |       |
  +   +   +---+   +---+   +   +   +   +   +   +
  |   |   |           |       |       |   |   |
  +---+   +   +   +   +   +   +   +   +---+---+
  |                       |                   |
  +---+---+---+---+---+---+---+---+---+---+- -+

  Game Number: 8
  Score: 0 / 8

->move(W)
  State: 71 -> Error! Not a valid move.
  Game Number: 8
  Score: 0 / 8

->solve
  State: 72 -> ok
  +-*-+---+---+---+---+---+---+---+---+---+---+
  | * * *   o   o   o     |   |               |
  + * +---+   +   +   +---+   +   +---+---+   +
  | X |   |       | o |               |       |
  +---+   +   +---+   +---+   +---+   +   +   +
  |                 o   o |           |       |
  +---+---+---+   +---+   +   +   +---+   +---+
  |       |       |   | o |   |           |   |
  +   +   +   +   +   +   +---+   +---+   +   +
  |       |       |     o                     |
  +   +   +   +   +---+   +---+---+---+---+   +
  |   |   |   |       | o     |   |   |       |
  +   +---+---+---+---+   +---+   +   +   +   +
  |   |             o   o |                   |
  +   +   +---+   +   +---+   +---+---+---+   +
  |   |       |     o   o |   |   |       |   |
  +   +---+   +---+   +   +   +   +---+   +   +
  |   |   |       |   | o |       |   |       |
  +   +   +---+   +---+   +   +   +   +   +   +
  |   |   |           | o   o |       |   |   |
  +---+   +   +   +   +   +   +   +   +---+---+
  |                       | o   o   o   o   o |
  +---+---+---+---+---+---+---+---+---+---+- -+

  Since you used the solution, no points are awarded.
  Game Number: 8
  Score: 0 / 8

->move(W)
  State: 73 -> Error! Not a valid move.
  Since you used the solution, no points are awarded.
  Game Number: 8
  Score: 0 / 8

->new_game(easy)
  State: 74 -> Error! In game already.
  Since you used the solution, no points are awarded.
  Game Number: 8
  Score: 0 / 8

->abort
  State: 75 -> ok
->move(S)
  State: 76 -> Error! Not in a game.
->new_game(easy)
  State: 77 -> ok
  +-*-+---+---+---+---+---+---+
  | X     |           |       |
  +   +   +---+   +   +   +   +
  |                   |       |
  +   +---+---+   +   +---+---+
  |   |       |       |       |
  +   +---+   +   +   +---+   +
  |   |   |           |       |
  +---+   +---+---+   +   +   +
  |       |               |   |
  +   +   +   +---+   +   +   +
  |       |   |   |           |
  +---+   +   +   +---+   +   +
  |       |       |           |
  +---+---+---+---+---+---+- -+

  Game Number: 9
  Score: 0 / 9

->move(N)
  State: 78 -> Error! Not a valid move.
  Game Number: 9
  Score: 0 / 9

->move(N)
  State: 79 -> Error! Not a valid move.
  Game Number: 9
  Score: 0 / 9

->new_game(easy)
  State: 80 -> Error! In game already.
  Game Number: 9
  Score: 0 / 9

->move(E)
  State: 81 -> ok
  +-*-+---+---+---+---+---+---+
  | * * X |           |       |
  +   +   +---+   +   +   +   +
  |                   |       |
  +   +---+---+   +   +---+---+
  |   |       |       |       |
  +   +---+   +   +   +---+   +
  |   |   |           |       |
  +---+   +---+---+   +   +   +
  |       |               |   |
  +   +   +   +---+   +   +   +
  |       |   |   |           |
  +---+   +   +   +---+   +   +
  |       |       |           |
  +---+---+---+---+---+---+- -+

  Game Number: 9
  Score: 0 / 9

->move(W)
  State: 82 -> ok
  +-*-+---+---+---+---+---+---+
  | X * * |           |       |
  +   +   +---+   +   +   +   +
  |                   |       |
  +   +---+---+   +   +---+---+
  |   |       |       |       |
  +   +---+   +   +   +---+   +
  |   |   |           |       |
  +---+   +---+---+   +   +   +
  |       |               |   |
  +   +   +   +---+   +   +   +
  |       |   |   |           |
  +---+   +   +   +---+   +   +
  |       |       |           |
  +---+---+---+---+---+---+- -+

  Game Number: 9
  Score: 0 / 9

->move(W)
  State: 83 -> Error! Not a valid move.
  Game Number: 9
  Score: 0 / 9

->new_game(medium)
  State: 84 -> Error! In game already.
  Game Number: 9
  Score: 0 / 9

->move(N)
  State: 85 -> Error! Not a valid move.
  Game Number: 9
  Score: 0 / 9

->new_game(medium)
  State: 86 -> Error! In game already.
  Game Number: 9
  Score: 0 / 9

->new_game(easy)
  State: 87 -> Error! In game already.
  Game Number: 9
  Score: 0 / 9

->move(E)
  State: 88 -> ok
  +-*-+---+---+---+---+---+---+
  | * * X |           |       |
  +   +   +---+   +   +   +   +
  |                   |       |
  +   +---+---+   +   +---+---+
  |   |       |       |       |
  +   +---+   +   +   +---+   +
  |   |   |           |       |
  +---+   +---+---+   +   +   +
  |       |               |   |
  +   +   +   +---+   +   +   +
  |       |   |   |           |
  +---+   +   +   +---+   +   +
  |       |       |           |
  +---+---+---+---+---+---+- -+

  Game Number: 9
  Score: 0 / 9

->new_game(medium)
  State: 89 -> Error! In game already.
  Game Number: 9
  Score: 0 / 9

->move(N)
  State: 90 -> Error! Not a valid move.
  Game Number: 9
  Score: 0 / 9

->new_game(easy)
  State: 91 -> Error! In game already.
  Game Number: 9
  Score: 0 / 9

->abort
  State: 92 -> ok
->solve
  State: 93 -> Error! Not in a game.
->new_game(easy)
  State: 94 -> ok
  +-*-+---+---+---+---+---+---+
  | X         |               |
  +---+   +   +---+   +   +   +
  |               |           |
  +---+---+---+   +---+   +   +
  |               |       |   |
  +   +---+   +   +   +   +   +
  |           |       |       |
  +   +---+---+   +---+   +---+
  |           |   |           |
  +   +---+---+---+   +---+   +
  |       |   |           |   |
  +   +---+   +   +   +   +   +
  |   |               |       |
  +---+---+---+---+---+---+- -+

  Game Number: 10
  Score: 0 / 10

->move(E)
  State: 95 -> ok
  +-*-+---+---+---+---+---+---+
  | * * X     |               |
  +---+   +   +---+   +   +   +
  |               |           |
  +---+---+---+   +---+   +   +
  |               |       |   |
  +   +---+   +   +   +   +   +
  |           |       |       |
  +   +---+---+   +---+   +---+
  |           |   |           |
  +   +---+---+---+   +---+   +
  |       |   |           |   |
  +   +---+   +   +   +   +   +
  |   |               |       |
  +---+---+---+---+---+---+- -+

  Game Number: 10
  Score: 0 / 10

->abort
  State: 96 -> ok
->move(S)
  State: 97 -> Error! Not in a game.
->new_game(hard)
  State: 98 -> ok
  +-*-+---+---+---+---+---+---+---+---+---+---+---+---+---+---+
  | X                             |           |   |   |       |
  +---+   +   +---+   +---+   +   +---+   +   +   +   +---+   +
  |                   |       |       |       |               |
  +   +---+---+   +---+   +   +   +   +   +---+---+---+   +   +
  |   |           |       |   |       |   |       |   |       |
  +   +   +   +   +---+---+   +   +---+   +   +---+   +   +---+
  |   |       |           |   |   |       |       |           |
  +---+   +   +---+   +   +   +---+   +   +---+   +---+---+   +
  |       |           |       |       |   |   |       |       |
  +   +   +   +---+   +   +   +   +---+   +   +---+   +---+   +
  |   |       |   |   |       |                   |       |   |
  +---+   +---+   +   +---+---+   +   +   +   +---+---+   +   +
  |       |   |               |   |   |   |                   |
  +---+   +   +---+---+---+   +   +---+   +---+---+---+---+   +
  |   |           |               |   |               |   |   |
  +   +---+---+   +   +   +   +---+   +   +---+---+   +   +   +
  |       |   |   |   |       |   |                       |   |
  +   +   +   +   +---+   +---+   +   +   +---+   +---+---+   +
  |           |           |                       |           |
  +   +---+   +   +   +   +   +   +---+   +---+---+---+   +   +
  |   |       |   |   |           |                   |   |   |
  +---+   +---+   +---+---+   +---+   +   +---+---+   +   +   +
  |   |               |       |   |   |           |           |
  +   +   +   +---+   +   +---+   +   +   +---+   +   +   +---+
  |               |   |   |                   |       |   |   |
  +---+---+   +---+   +   +---+---+---+   +---+   +   +   +   +
  |               |           |       |       |       |   |   |
  +   +   +   +   +---+   +   +   +   +   +---+   +   +   +   +
  |   |       |       |   |               |       |       |   |
  +---+---+---+---+---+---+---+---+---+---+---+---+---+---+- -+

  Game Number: 11
  Score: 0 / 13

->new_game(hard)
  State: 99 -> Error! In game already.
  Game Number: 11
  Score: 0 / 13

->new_game(hard)
  State: 100 -> Error! In game already.
  Game Number: 11
  Score: 0 / 13

